Archive member included to satisfy reference by file (symbol)

C:/Users/Kevin/Desktop/Kevin UQ/csse3010/CSSE3010-s4408736/sourcelib/boardlib/Release/libboardlib.a(board.o)
                              src/main.o (BRD_init)
C:/Users/Kevin/Desktop/Kevin UQ/csse3010/CSSE3010-s4408736/sourcelib/boardlib/Release/libboardlib.a(debug_printf.o)
                              src/main.o (debug_printf)
C:/Users/Kevin/Desktop/Kevin UQ/csse3010/CSSE3010-s4408736/sourcelib/boardlib/Release/libboardlib.a(system_stm32f4xx.o)
                              C:/Users/Kevin/Desktop/Kevin UQ/csse3010/CSSE3010-s4408736/sourcelib/boardlib/Release/libboardlib.a(board.o) (SystemCoreClock)
C:/Users/Kevin/Desktop/Kevin UQ/csse3010/CSSE3010-s4408736/sourcelib/boardlib/Release/libboardlib.a(stm32f4xx_hal.o)
                              C:/Users/Kevin/Desktop/Kevin UQ/csse3010/CSSE3010-s4408736/sourcelib/boardlib/Release/libboardlib.a(board.o) (HAL_Init)
C:/Users/Kevin/Desktop/Kevin UQ/csse3010/CSSE3010-s4408736/sourcelib/boardlib/Release/libboardlib.a(stm32f4xx_hal_cortex.o)
                              C:/Users/Kevin/Desktop/Kevin UQ/csse3010/CSSE3010-s4408736/sourcelib/boardlib/Release/libboardlib.a(stm32f4xx_hal.o) (HAL_NVIC_SetPriorityGrouping)
C:/Users/Kevin/Desktop/Kevin UQ/csse3010/CSSE3010-s4408736/sourcelib/boardlib/Release/libboardlib.a(stm32f4xx_hal_gpio.o)
                              C:/Users/Kevin/Desktop/Kevin UQ/csse3010/CSSE3010-s4408736/sourcelib/boardlib/Release/libboardlib.a(board.o) (HAL_GPIO_Init)
C:/Users/Kevin/Desktop/Kevin UQ/csse3010/CSSE3010-s4408736/sourcelib/boardlib/Release/libboardlib.a(stm32f4xx_hal_uart.o)
                              C:/Users/Kevin/Desktop/Kevin UQ/csse3010/CSSE3010-s4408736/sourcelib/boardlib/Release/libboardlib.a(board.o) (HAL_UART_Init)
C:/Users/Kevin/Desktop/Kevin UQ/csse3010/CSSE3010-s4408736/sourcelib/boardlib/Release/libboardlib.a(stm32f4xx_hal_dma.o)
                              C:/Users/Kevin/Desktop/Kevin UQ/csse3010/CSSE3010-s4408736/sourcelib/boardlib/Release/libboardlib.a(stm32f4xx_hal_uart.o) (HAL_DMA_Start_IT)
C:/Users/Kevin/Desktop/Kevin UQ/csse3010/CSSE3010-s4408736/sourcelib/boardlib/Release/libboardlib.a(stm32f4xx_hal_rcc.o)
                              C:/Users/Kevin/Desktop/Kevin UQ/csse3010/CSSE3010-s4408736/sourcelib/boardlib/Release/libboardlib.a(stm32f4xx_hal_uart.o) (HAL_RCC_GetPCLK1Freq)
C:/Users/Kevin/Desktop/Kevin UQ/csse3010/CSSE3010-s4408736/freertoslib/Release/libfreertoslib.a(port.o)
                              src/main.o (vPortEnterCritical)
C:/Users/Kevin/Desktop/Kevin UQ/csse3010/CSSE3010-s4408736/freertoslib/Release/libfreertoslib.a(queue.o)
                              src/main.o (xQueueGenericCreate)
C:/Users/Kevin/Desktop/Kevin UQ/csse3010/CSSE3010-s4408736/freertoslib/Release/libfreertoslib.a(tasks.o)
                              src/main.o (xTaskCreate)
C:/Users/Kevin/Desktop/Kevin UQ/csse3010/CSSE3010-s4408736/freertoslib/Release/libfreertoslib.a(heap_1.o)
                              C:/Users/Kevin/Desktop/Kevin UQ/csse3010/CSSE3010-s4408736/freertoslib/Release/libfreertoslib.a(queue.o) (pvPortMalloc)
C:/Users/Kevin/Desktop/Kevin UQ/csse3010/CSSE3010-s4408736/freertoslib/Release/libfreertoslib.a(list.o)
                              C:/Users/Kevin/Desktop/Kevin UQ/csse3010/CSSE3010-s4408736/freertoslib/Release/libfreertoslib.a(queue.o) (vListInitialise)
c:/ac6/systemworkbench/plugins/fr.ac6.mcu.externaltools.arm-none.win32_1.15.0.201708311556/tools/compiler/bin/../lib/gcc/arm-none-eabi/6.3.1/thumb/v7e-m/fpv4-sp/hard\libgcc.a(_aeabi_uldivmod.o)
                              C:/Users/Kevin/Desktop/Kevin UQ/csse3010/CSSE3010-s4408736/sourcelib/boardlib/Release/libboardlib.a(stm32f4xx_hal_rcc.o) (__aeabi_uldivmod)
c:/ac6/systemworkbench/plugins/fr.ac6.mcu.externaltools.arm-none.win32_1.15.0.201708311556/tools/compiler/bin/../lib/gcc/arm-none-eabi/6.3.1/thumb/v7e-m/fpv4-sp/hard\libgcc.a(_udivmoddi4.o)
                              c:/ac6/systemworkbench/plugins/fr.ac6.mcu.externaltools.arm-none.win32_1.15.0.201708311556/tools/compiler/bin/../lib/gcc/arm-none-eabi/6.3.1/thumb/v7e-m/fpv4-sp/hard\libgcc.a(_aeabi_uldivmod.o) (__udivmoddi4)
c:/ac6/systemworkbench/plugins/fr.ac6.mcu.externaltools.arm-none.win32_1.15.0.201708311556/tools/compiler/bin/../lib/gcc/arm-none-eabi/6.3.1/thumb/v7e-m/fpv4-sp/hard\libgcc.a(_dvmd_tls.o)
                              c:/ac6/systemworkbench/plugins/fr.ac6.mcu.externaltools.arm-none.win32_1.15.0.201708311556/tools/compiler/bin/../lib/gcc/arm-none-eabi/6.3.1/thumb/v7e-m/fpv4-sp/hard\libgcc.a(_aeabi_uldivmod.o) (__aeabi_ldiv0)
c:/ac6/systemworkbench/plugins/fr.ac6.mcu.externaltools.arm-none.win32_1.15.0.201708311556/tools/compiler/bin/../lib/gcc/arm-none-eabi/6.3.1/../../../../arm-none-eabi/lib/thumb/v7e-m/fpv4-sp/hard\libc.a(lib_a-errno.o)
[...]
Memory Configuration

Name             Origin             Length             Attributes
RAM              0x20000000         0x00030000         xrw
ROM              0x08000000         0x00200000         xr
*default*        0x00000000         0xffffffff

Linker script and memory map

LOAD c:/ac6/systemworkbench/plugins/fr.ac6.mcu.externaltools.arm-none.win32_1.15.0.201708311556/tools/compiler/bin/../lib/gcc/arm-none-eabi/6.3.1/thumb/v7e-m/fpv4-sp/hard/crti.o
LOAD c:/ac6/systemworkbench/plugins/fr.ac6.mcu.externaltools.arm-none.win32_1.15.0.201708311556/tools/compiler/bin/../lib/gcc/arm-none-eabi/6.3.1/thumb/v7e-m/fpv4-sp/hard/crtbegin.o
LOAD c:/ac6/systemworkbench/plugins/fr.ac6.mcu.externaltools.arm-none.win32_1.15.0.201708311556/tools/compiler/bin/../lib/gcc/arm-none-eabi/6.3.1/../../../../arm-none-eabi/lib/thumb/v7e-m/fpv4-sp/hard/crt0.o
LOAD src/main.o
LOAD C:/Users/Kevin/Desktop/Kevin UQ/csse3010/CSSE3010-s4408736/sourcelib/boardlib/Release/libboardlib.a
LOAD C:\Users\Kevin\AppData\Local\Temp\ccilAvyF.o
LOAD C:/Users/Kevin/Desktop/Kevin UQ/csse3010/CSSE3010-s4408736/freertoslib/Release/libfreertoslib.a
LOAD c:/ac6/systemworkbench/plugins/fr.ac6.mcu.externaltools.arm-none.win32_1.15.0.201708311556/tools/compiler/bin/../lib/gcc/arm-none-eabi/6.3.1/../../../../arm-none-eabi/lib/thumb/v7e-m/fpv4-sp/hard\libm.a
START GROUP
LOAD c:/ac6/systemworkbench/plugins/fr.ac6.mcu.externaltools.arm-none.win32_1.15.0.201708311556/tools/compiler/bin/../lib/gcc/arm-none-eabi/6.3.1/thumb/v7e-m/fpv4-sp/hard\libgcc.a
LOAD c:/ac6/systemworkbench/plugins/fr.ac6.mcu.externaltools.arm-none.win32_1.15.0.201708311556/tools/compiler/bin/../lib/gcc/arm-none-eabi/6.3.1/../../../../arm-none-eabi/lib/thumb/v7e-m/fpv4-sp/hard\libc.a
END GROUP
LOAD c:/ac6/systemworkbench/plugins/fr.ac6.mcu.externaltools.arm-none.win32_1.15.0.201708311556/tools/compiler/bin/../lib/gcc/arm-none-eabi/6.3.1/thumb/v7e-m/fpv4-sp/hard/crtend.o
LOAD c:/ac6/systemworkbench/plugins/fr.ac6.mcu.externaltools.arm-none.win32_1.15.0.201708311556/tools/compiler/bin/../lib/gcc/arm-none-eabi/6.3.1/thumb/v7e-m/fpv4-sp/hard/crtn.o
                0x20030000                _estack = 0x20030000
                0x00000000                _Min_Heap_Size = 0x0
                0x00000400                _Min_Stack_Size = 0x400

.isr_vector     0x08000000      0x1ac
                0x08000000                . = ALIGN (0x4)
 *(.isr_vector)
 .isr_vector    0x08000000      0x1ac C:\Users\Kevin\AppData\Local\Temp\ccilAvyF.o
                0x08000000                g_pfnVectors
                0x080001ac                . = ALIGN (0x4)

.text           0x080001c0     0x76c4
                0x080001c0                . = ALIGN (0x4)
 *(.text)
 .text          0x080001c0       0x6c c:/ac6/systemworkbench/plugins/fr.ac6.mcu.externaltools.arm-none.win32_1.15.0.201708311556/tools/compiler/bin/../lib/gcc/arm-none-eabi/6.3.1/thumb/v7e-m/fpv4-sp/hard/crtbegin.o
 .text          0x0800022c       0x30 c:/ac6/systemworkbench/plugins/fr.ac6.mcu.externaltools.arm-none.win32_1.15.0.201708311556/tools/compiler/bin/../lib/gcc/arm-none-eabi/6.3.1/thumb/v7e-m/fpv4-sp/hard\libgcc.a(_aeabi_uldivmod.o)
                0x0800022c                __aeabi_uldivmod
 .text          0x0800025c      0x2dc c:/ac6/systemworkbench/plugins/fr.ac6.mcu.externaltools.arm-none.win32_1.15.0.201708311556/tools/compiler/bin/../lib/gcc/arm-none-eabi/6.3.1/thumb/v7e-m/fpv4-sp/hard\libgcc.a(_udivmoddi4.o)
                0x0800025c                __udivmoddi4
 .text          0x08000538        0x4 c:/ac6/systemworkbench/plugins/fr.ac6.mcu.externaltools.arm-none.win32_1.15.0.201708311556/tools/compiler/bin/../lib/gcc/arm-none-eabi/6.3.1/thumb/v7e-m/fpv4-sp/hard\libgcc.a(_dvmd_tls.o)
                0x08000538                __aeabi_idiv0
                0x08000538                __aeabi_ldiv0
 .text          0x0800053c      0x134 c:/ac6/systemworkbench/plugins/fr.ac6.mcu.externaltools.arm-none.win32_1.15.0.201708311556/tools/compiler/bin/../lib/gcc/arm-none-eabi/6.3.1/../../../../arm-none-eabi/lib/thumb/v7e-m/fpv4-sp/hard\libc.a(lib_a-memcpy.o)
                0x0800053c                memcpy
 *fill*         0x08000670       0x10 
 .text          0x08000680       0xdc c:/ac6/systemworkbench/plugins/fr.ac6.mcu.externaltools.arm-none.win32_1.15.0.201708311556/tools/compiler/bin/../lib/gcc/arm-none-eabi/6.3.1/../../../../arm-none-eabi/lib/thumb/v7e-m/fpv4-sp/hard\libc.a(lib_a-strlen.o)
                0x08000680                strlen
 *fill*         0x0800075c        0x4 
 .text          0x08000760       0xa0 c:/ac6/systemworkbench/plugins/fr.ac6.mcu.externaltools.arm-none.win32_1.15.0.201708311556/tools/compiler/bin/../lib/gcc/arm-none-eabi/6.3.1/../../../../arm-none-eabi/lib/thumb/v7e-m/fpv4-sp/hard\libc.a(lib_a-memchr.o)
                0x08000760                memchr
 .text          0x08000800      0x370 c:/ac6/systemworkbench/plugins/fr.ac6.mcu.externaltools.arm-none.win32_1.15.0.201708311556/tools/compiler/bin/../lib/gcc/arm-none-eabi/6.3.1/thumb/v7e-m/fpv4-sp/hard\libgcc.a(_arm_addsubdf3.o)
                0x08000800                __aeabi_drsub
                0x08000808                __aeabi_dsub
                0x08000808                __subdf3
                0x0800080c                __aeabi_dadd
                0x0800080c                __adddf3
                0x08000a84                __floatunsidf
                0x08000a84                __aeabi_ui2d
                0x08000aa4                __floatsidf
                0x08000aa4                __aeabi_i2d
                0x08000ac8                __aeabi_f2d
                0x08000ac8                __extendsfdf2
                0x08000b04                __floatundidf
                0x08000b04                __aeabi_ul2d
                0x08000b14                __floatdidf
                0x08000b14                __aeabi_l2d
 .text          0x08000b70      0x424 c:/ac6/systemworkbench/plugins/fr.ac6.mcu.externaltools.arm-none.win32_1.15.0.201708311556/tools/compiler/bin/../lib/gcc/arm-none-eabi/6.3.1/thumb/v7e-m/fpv4-sp/hard\libgcc.a(_arm_muldivdf3.o)
                0x08000b70                __aeabi_dmul
                0x08000b70                __muldf3
                0x08000dc4                __divdf3
                0x08000dc4                __aeabi_ddiv
 .text          0x08000f94      0x110 c:/ac6/systemworkbench/plugins/fr.ac6.mcu.externaltools.arm-none.win32_1.15.0.201708311556/tools/compiler/bin/../lib/gcc/arm-none-eabi/6.3.1/thumb/v7e-m/fpv4-sp/hard\libgcc.a(_arm_cmpdf2.o)
                0x08000f94                __gtdf2
                0x08000f94                __gedf2
                0x08000f9c                __ltdf2
                0x08000f9c                __ledf2
                0x08000fa4                __nedf2
                0x08000fa4                __eqdf2
                0x08000fa4                __cmpdf2
                0x08001020                __aeabi_cdrcmple
                0x08001030                __aeabi_cdcmpeq
                0x08001030                __aeabi_cdcmple
                0x08001040                __aeabi_dcmpeq
                0x08001054                __aeabi_dcmplt
                0x08001068                __aeabi_dcmple
                0x0800107c                __aeabi_dcmpge
                0x08001090                __aeabi_dcmpgt
 .text          0x080010a4       0x2c c:/ac6/systemworkbench/plugins/fr.ac6.mcu.externaltools.arm-none.win32_1.15.0.201708311556/tools/compiler/bin/../lib/gcc/arm-none-eabi/6.3.1/thumb/v7e-m/fpv4-sp/hard\libgcc.a(_arm_unorddf2.o)
                0x080010a4                __unorddf2
                0x080010a4                __aeabi_dcmpun
 .text          0x080010d0       0x50 c:/ac6/systemworkbench/plugins/fr.ac6.mcu.externaltools.arm-none.win32_1.15.0.201708311556/tools/compiler/bin/../lib/gcc/arm-none-eabi/6.3.1/thumb/v7e-m/fpv4-sp/hard\libgcc.a(_arm_fixdfsi.o)
                0x080010d0                __aeabi_d2iz
                0x080010d0                __fixdfsi
 *(.text*)
 .text.Give_Task
                0x08001120       0x38 src/main.o
                0x08001120                Give_Task
 .text.Take_Task
                0x08001158       0x48 src/main.o
                0x08001158                Take_Task
 .text.SysTick_Handler
                0x080011a0       0x14 src/main.o
                0x080011a0                SysTick_Handler
 .text.startup.main
                0x080011b4       0x7c src/main.o
                0x080011b4                main
 .text.BRD_init
                0x08001230       0xdc C:/Users/Kevin/Desktop/Kevin UQ/csse3010/CSSE3010-s4408736/sourcelib/boardlib/Release/libboardlib.a(board.o)
                0x08001230                BRD_init
 .text.BRD_LEDInit
                0x0800130c       0x8c C:/Users/Kevin/Desktop/Kevin UQ/csse3010/CSSE3010-s4408736/sourcelib/boardlib/Release/libboardlib.a(board.o)
                0x0800130c                BRD_LEDInit
 .text.BRD_LEDOff
                0x08001398       0x30 C:/Users/Kevin/Desktop/Kevin UQ/csse3010/CSSE3010-s4408736/sourcelib/boardlib/Release/libboardlib.a(board.o)
                0x08001398                BRD_LEDOff
 .text.BRD_LEDToggle
                0x080013c8       0x30 C:/Users/Kevin/Desktop/Kevin UQ/csse3010/CSSE3010-s4408736/sourcelib/boardlib/Release/libboardlib.a(board.o)
                0x080013c8                BRD_LEDToggle
 .text.BRD_debuguart_putc
                0x080013f8       0x20 C:/Users/Kevin/Desktop/Kevin UQ/csse3010/CSSE3010-s4408736/sourcelib/boardlib/Release/libboardlib.a(board.o)
                0x080013f8                BRD_debuguart_putc
 .text.BRD_debuguart_getc
                0x08001418       0x2c C:/Users/Kevin/Desktop/Kevin UQ/csse3010/CSSE3010-s4408736/sourcelib/boardlib/Release/libboardlib.a(board.o)
                0x08001418                BRD_debuguart_getc
 .text._sbrk    0x08001444       0x34 C:/Users/Kevin/Desktop/Kevin UQ/csse3010/CSSE3010-s4408736/sourcelib/boardlib/Release/libboardlib.a(debug_printf.o)
                0x08001444                _sbrk
 .text._close   0x08001478        0x8 C:/Users/Kevin/Desktop/Kevin UQ/csse3010/CSSE3010-s4408736/sourcelib/boardlib/Release/libboardlib.a(debug_printf.o)
                0x08001478                _close
 .text._fstat   0x08001480        0xc C:/Users/Kevin/Desktop/Kevin UQ/csse3010/CSSE3010-s4408736/sourcelib/boardlib/Release/libboardlib.a(debug_printf.o)
                0x08001480                _fstat
 .text._isatty  0x0800148c        0x4 C:/Users/Kevin/Desktop/Kevin UQ/csse3010/CSSE3010-s4408736/sourcelib/boardlib/Release/libboardlib.a(debug_printf.o)
                0x0800148c                _isatty
 .text._lseek   0x08001490        0x4 C:/Users/Kevin/Desktop/Kevin UQ/csse3010/CSSE3010-s4408736/sourcelib/boardlib/Release/libboardlib.a(debug_printf.o)
                0x08001490                _lseek
 .text.__io_putchar
                0x08001494       0x10 C:/Users/Kevin/Desktop/Kevin UQ/csse3010/CSSE3010-s4408736/sourcelib/boardlib/Release/libboardlib.a(debug_printf.o)
                0x08001494                __io_putchar
 .text._write   0x080014a4       0x1c C:/Users/Kevin/Desktop/Kevin UQ/csse3010/CSSE3010-s4408736/sourcelib/boardlib/Release/libboardlib.a(debug_printf.o)
                0x080014a4                _write
 .text.__io_getchar
                0x080014c0        0x8 C:/Users/Kevin/Desktop/Kevin UQ/csse3010/CSSE3010-s4408736/sourcelib/boardlib/Release/libboardlib.a(debug_printf.o)
                0x080014c0                __io_getchar
 .text._read    0x080014c8       0x1c C:/Users/Kevin/Desktop/Kevin UQ/csse3010/CSSE3010-s4408736/sourcelib/boardlib/Release/libboardlib.a(debug_printf.o)
                0x080014c8                _read
 .text.debug_printf
                0x080014e4       0x1c C:/Users/Kevin/Desktop/Kevin UQ/csse3010/CSSE3010-s4408736/sourcelib/boardlib/Release/libboardlib.a(debug_printf.o)
                0x080014e4                debug_printf
 .text.SystemInit
                0x08001500       0x50 C:/Users/Kevin/Desktop/Kevin UQ/csse3010/CSSE3010-s4408736/sourcelib/boardlib/Release/libboardlib.a(system_stm32f4xx.o)
                0x08001500                SystemInit
 .text.HAL_MspInit
                0x08001550        0x4 C:/Users/Kevin/Desktop/Kevin UQ/csse3010/CSSE3010-s4408736/sourcelib/boardlib/Release/libboardlib.a(stm32f4xx_hal.o)
                0x08001550                HAL_MspInit
 .text.HAL_InitTick
                0x08001554       0x2c C:/Users/Kevin/Desktop/Kevin UQ/csse3010/CSSE3010-s4408736/sourcelib/boardlib/Release/libboardlib.a(stm32f4xx_hal.o)
                0x08001554                HAL_InitTick
 .text.HAL_Init
                0x08001580       0x34 C:/Users/Kevin/Desktop/Kevin UQ/csse3010/CSSE3010-s4408736/sourcelib/boardlib/Release/libboardlib.a(stm32f4xx_hal.o)
                0x08001580                HAL_Init
 .text.HAL_IncTick
                0x080015b4       0x10 C:/Users/Kevin/Desktop/Kevin UQ/csse3010/CSSE3010-s4408736/sourcelib/boardlib/Release/libboardlib.a(stm32f4xx_hal.o)
                0x080015b4                HAL_IncTick
 .text.HAL_GetTick
                0x080015c4        0xc C:/Users/Kevin/Desktop/Kevin UQ/csse3010/CSSE3010-s4408736/sourcelib/boardlib/Release/libboardlib.a(stm32f4xx_hal.o)
                0x080015c4                HAL_GetTick
 .text.HAL_NVIC_SetPriorityGrouping
                0x080015d0       0x24 C:/Users/Kevin/Desktop/Kevin UQ/csse3010/CSSE3010-s4408736/sourcelib/boardlib/Release/libboardlib.a(stm32f4xx_hal_cortex.o)
                0x080015d0                HAL_NVIC_SetPriorityGrouping
 .text.HAL_NVIC_SetPriority
                0x080015f4       0x6c C:/Users/Kevin/Desktop/Kevin UQ/csse3010/CSSE3010-s4408736/sourcelib/boardlib/Release/libboardlib.a(stm32f4xx_hal_cortex.o)
                0x080015f4                HAL_NVIC_SetPriority
 .text.HAL_SYSTICK_Config
                0x08001660       0x34 C:/Users/Kevin/Desktop/Kevin UQ/csse3010/CSSE3010-s4408736/sourcelib/boardlib/Release/libboardlib.a(stm32f4xx_hal_cortex.o)
                0x08001660                HAL_SYSTICK_Config
 .text.HAL_SYSTICK_Callback
                0x08001694        0x4 C:/Users/Kevin/Desktop/Kevin UQ/csse3010/CSSE3010-s4408736/sourcelib/boardlib/Release/libboardlib.a(stm32f4xx_hal_cortex.o)
                0x08001694                HAL_SYSTICK_Callback
 .text.HAL_SYSTICK_IRQHandler
                0x08001698        0x8 C:/Users/Kevin/Desktop/Kevin UQ/csse3010/CSSE3010-s4408736/sourcelib/boardlib/Release/libboardlib.a(stm32f4xx_hal_cortex.o)
                0x08001698                HAL_SYSTICK_IRQHandler
 .text.HAL_GPIO_Init
                0x080016a0      0x25c C:/Users/Kevin/Desktop/Kevin UQ/csse3010/CSSE3010-s4408736/sourcelib/boardlib/Release/libboardlib.a(stm32f4xx_hal_gpio.o)
                0x080016a0                HAL_GPIO_Init
 .text.UART_SetConfig
                0x080018fc      0x300 C:/Users/Kevin/Desktop/Kevin UQ/csse3010/CSSE3010-s4408736/sourcelib/boardlib/Release/libboardlib.a(stm32f4xx_hal_uart.o)
 .text.HAL_UART_MspInit
                0x08001bfc        0x4 C:/Users/Kevin/Desktop/Kevin UQ/csse3010/CSSE3010-s4408736/sourcelib/boardlib/Release/libboardlib.a(stm32f4xx_hal_uart.o)
                0x08001bfc                HAL_UART_MspInit
 .text.HAL_UART_Init
                0x08001c00       0x60 C:/Users/Kevin/Desktop/Kevin UQ/csse3010/CSSE3010-s4408736/sourcelib/boardlib/Release/libboardlib.a(stm32f4xx_hal_uart.o)
                0x08001c00                HAL_UART_Init
 .text.HAL_UART_Transmit
                0x08001c60      0x108 C:/Users/Kevin/Desktop/Kevin UQ/csse3010/CSSE3010-s4408736/sourcelib/boardlib/Release/libboardlib.a(stm32f4xx_hal_uart.o)
                0x08001c60                HAL_UART_Transmit
 .text.HAL_UART_Receive
                0x08001d68      0x104 C:/Users/Kevin/Desktop/Kevin UQ/csse3010/CSSE3010-s4408736/sourcelib/boardlib/Release/libboardlib.a(stm32f4xx_hal_uart.o)
                0x08001d68                HAL_UART_Receive
 .text.HAL_RCC_GetPCLK1Freq
                0x08001e6c       0x20 C:/Users/Kevin/Desktop/Kevin UQ/csse3010/CSSE3010-s4408736/sourcelib/boardlib/Release/libboardlib.a(stm32f4xx_hal_rcc.o)
                0x08001e6c                HAL_RCC_GetPCLK1Freq
 .text.HAL_RCC_GetPCLK2Freq
                0x08001e8c       0x20 C:/Users/Kevin/Desktop/Kevin UQ/csse3010/CSSE3010-s4408736/sourcelib/boardlib/Release/libboardlib.a(stm32f4xx_hal_rcc.o)
                0x08001e8c                HAL_RCC_GetPCLK2Freq
 .text.Reset_Handler
                0x08001eac       0x50 C:\Users\Kevin\AppData\Local\Temp\ccilAvyF.o
                0x08001eac                Reset_Handler
 .text.Default_Handler
                0x08001efc        0x2 C:\Users\Kevin\AppData\Local\Temp\ccilAvyF.o
                0x08001efc                RTC_Alarm_IRQHandler
                0x08001efc                HASH_RNG_IRQHandler
                0x08001efc                EXTI2_IRQHandler
                0x08001efc                TIM8_CC_IRQHandler
                0x08001efc                DebugMon_Handler
                0x08001efc                UART8_IRQHandler
                0x08001efc                SPI4_IRQHandler
                0x08001efc                TIM1_CC_IRQHandler
                0x08001efc                DMA2_Stream5_IRQHandler
                0x08001efc                HardFault_Handler
                0x08001efc                DMA1_Stream5_IRQHandler
                0x08001efc                PVD_IRQHandler
                0x08001efc                SDIO_IRQHandler
                0x08001efc                TAMP_STAMP_IRQHandler
                0x08001efc                NMI_Handler
                0x08001efc                CAN2_RX1_IRQHandler
                0x08001efc                EXTI3_IRQHandler
                0x08001efc                TIM8_TRG_COM_TIM14_IRQHandler
                0x08001efc                TIM1_UP_TIM10_IRQHandler
                0x08001efc                TIM8_UP_TIM13_IRQHandler
                0x08001efc                I2C3_ER_IRQHandler
                0x08001efc                EXTI0_IRQHandler
                0x08001efc                I2C2_EV_IRQHandler
                0x08001efc                DMA1_Stream2_IRQHandler
                0x08001efc                CAN1_RX0_IRQHandler
                0x08001efc                FPU_IRQHandler
                0x08001efc                OTG_HS_WKUP_IRQHandler
                0x08001efc                UsageFault_Handler
                0x08001efc                LTDC_ER_IRQHandler
                0x08001efc                CAN2_SCE_IRQHandler
                0x08001efc                DMA2_Stream2_IRQHandler
                0x08001efc                SPI1_IRQHandler
                0x08001efc                TIM6_DAC_IRQHandler
                0x08001efc                TIM1_BRK_TIM9_IRQHandler
                0x08001efc                DCMI_IRQHandler
                0x08001efc                CAN2_RX0_IRQHandler
                0x08001efc                DMA2_Stream3_IRQHandler
                0x08001efc                USART6_IRQHandler
                0x08001efc                USART3_IRQHandler
                0x08001efc                CAN1_RX1_IRQHandler
                0x08001efc                UART5_IRQHandler
                0x08001efc                DMA2_Stream0_IRQHandler
                0x08001efc                TIM4_IRQHandler
                0x08001efc                I2C1_EV_IRQHandler
                0x08001efc                DMA1_Stream6_IRQHandler
                0x08001efc                DMA1_Stream1_IRQHandler
                0x08001efc                UART4_IRQHandler
                0x08001efc                TIM3_IRQHandler
                0x08001efc                RCC_IRQHandler
                0x08001efc                TIM8_BRK_TIM12_IRQHandler
                0x08001efc                Default_Handler
                0x08001efc                EXTI15_10_IRQHandler
                0x08001efc                ADC_IRQHandler
                0x08001efc                DMA1_Stream7_IRQHandler
                0x08001efc                SPI5_IRQHandler
                0x08001efc                TIM7_IRQHandler
                0x08001efc                CAN2_TX_IRQHandler
                0x08001efc                TIM5_IRQHandler
                0x08001efc                DMA2_Stream7_IRQHandler
                0x08001efc                I2C3_EV_IRQHandler
                0x08001efc                EXTI9_5_IRQHandler
                0x08001efc                RTC_WKUP_IRQHandler
                0x08001efc                LTDC_IRQHandler
                0x08001efc                ETH_WKUP_IRQHandler
                0x08001efc                SPI2_IRQHandler
                0x08001efc                OTG_HS_EP1_IN_IRQHandler
                0x08001efc                MemManage_Handler
                0x08001efc                DMA1_Stream0_IRQHandler
                0x08001efc                CAN1_TX_IRQHandler
                0x08001efc                EXTI4_IRQHandler
                0x08001efc                ETH_IRQHandler
                0x08001efc                OTG_HS_EP1_OUT_IRQHandler
                0x08001efc                WWDG_IRQHandler
                0x08001efc                SPI6_IRQHandler
                0x08001efc                TIM2_IRQHandler
                0x08001efc                OTG_FS_WKUP_IRQHandler
                0x08001efc                TIM1_TRG_COM_TIM11_IRQHandler
                0x08001efc                OTG_HS_IRQHandler
                0x08001efc                DMA2D_IRQHandler
                0x08001efc                EXTI1_IRQHandler
                0x08001efc                UART7_IRQHandler
                0x08001efc                USART2_IRQHandler
                0x08001efc                I2C2_ER_IRQHandler
                0x08001efc                DMA2_Stream1_IRQHandler
                0x08001efc                CAN1_SCE_IRQHandler
                0x08001efc                FLASH_IRQHandler
                0x08001efc                DMA2_Stream4_IRQHandler
                0x08001efc                BusFault_Handler
                0x08001efc                USART1_IRQHandler
                0x08001efc                OTG_FS_IRQHandler
                0x08001efc                SPI3_IRQHandler
                0x08001efc                DMA1_Stream4_IRQHandler
                0x08001efc                I2C1_ER_IRQHandler
                0x08001efc                FMC_IRQHandler
                0x08001efc                DMA2_Stream6_IRQHandler
                0x08001efc                SAI1_IRQHandler
                0x08001efc                DMA1_Stream3_IRQHandler
 *fill*         0x08001efe        0x2 
 .text.prvTaskExitError
                0x08001f00       0x30 C:/Users/Kevin/Desktop/Kevin UQ/csse3010/CSSE3010-s4408736/freertoslib/Release/libfreertoslib.a(port.o)
 .text.prvPortStartFirstTask
                0x08001f30       0x20 C:/Users/Kevin/Desktop/Kevin UQ/csse3010/CSSE3010-s4408736/freertoslib/Release/libfreertoslib.a(port.o)
 .text.vPortEnableVFP
                0x08001f50       0x14 C:/Users/Kevin/Desktop/Kevin UQ/csse3010/CSSE3010-s4408736/freertoslib/Release/libfreertoslib.a(port.o)
 .text.pxPortInitialiseStack
                0x08001f64       0x2c C:/Users/Kevin/Desktop/Kevin UQ/csse3010/CSSE3010-s4408736/freertoslib/Release/libfreertoslib.a(port.o)
                0x08001f64                pxPortInitialiseStack
 .text.SVC_Handler
                0x08001f90       0x24 C:/Users/Kevin/Desktop/Kevin UQ/csse3010/CSSE3010-s4408736/freertoslib/Release/libfreertoslib.a(port.o)
                0x08001f90                SVC_Handler
 .text.vPortEnterCritical
                0x08001fb4       0x44 C:/Users/Kevin/Desktop/Kevin UQ/csse3010/CSSE3010-s4408736/freertoslib/Release/libfreertoslib.a(port.o)
                0x08001fb4                vPortEnterCritical
 .text.vPortExitCritical
                0x08001ff8       0x28 C:/Users/Kevin/Desktop/Kevin UQ/csse3010/CSSE3010-s4408736/freertoslib/Release/libfreertoslib.a(port.o)
                0x08001ff8                vPortExitCritical
 .text.PendSV_Handler
                0x08002020       0x64 C:/Users/Kevin/Desktop/Kevin UQ/csse3010/CSSE3010-s4408736/freertoslib/Release/libfreertoslib.a(port.o)
                0x08002020                PendSV_Handler
 .text.xPortSysTickHandler
                0x08002084       0x2c C:/Users/Kevin/Desktop/Kevin UQ/csse3010/CSSE3010-s4408736/freertoslib/Release/libfreertoslib.a(port.o)
                0x08002084                xPortSysTickHandler
 .text.vPortSetupTimerInterrupt
                0x080020b0       0x2c C:/Users/Kevin/Desktop/Kevin UQ/csse3010/CSSE3010-s4408736/freertoslib/Release/libfreertoslib.a(port.o)
                0x080020b0                vPortSetupTimerInterrupt
 .text.xPortStartScheduler
                0x080020dc       0xe8 C:/Users/Kevin/Desktop/Kevin UQ/csse3010/CSSE3010-s4408736/freertoslib/Release/libfreertoslib.a(port.o)
                0x080020dc                xPortStartScheduler
 .text.unlikely.prvCopyDataToQueue
                0x080021c4       0x6c C:/Users/Kevin/Desktop/Kevin UQ/csse3010/CSSE3010-s4408736/freertoslib/Release/libfreertoslib.a(queue.o)
 .text.unlikely.prvCopyDataFromQueue
                0x08002230       0x26 C:/Users/Kevin/Desktop/Kevin UQ/csse3010/CSSE3010-s4408736/freertoslib/Release/libfreertoslib.a(queue.o)
 .text.unlikely.prvNotifyQueueSetContainer.part.0
                0x08002256       0x12 C:/Users/Kevin/Desktop/Kevin UQ/csse3010/CSSE3010-s4408736/freertoslib/Release/libfreertoslib.a(queue.o)
 .text.prvNotifyQueueSetContainer
                0x08002268       0x74 C:/Users/Kevin/Desktop/Kevin UQ/csse3010/CSSE3010-s4408736/freertoslib/Release/libfreertoslib.a(queue.o)
 .text.prvUnlockQueue
                0x080022dc       0xec C:/Users/Kevin/Desktop/Kevin UQ/csse3010/CSSE3010-s4408736/freertoslib/Release/libfreertoslib.a(queue.o)
 .text.xQueueGenericCreate
                0x080023c8       0x80 C:/Users/Kevin/Desktop/Kevin UQ/csse3010/CSSE3010-s4408736/freertoslib/Release/libfreertoslib.a(queue.o)
                0x080023c8                xQueueGenericCreate
 .text.xQueueGenericSend
                0x08002448      0x178 C:/Users/Kevin/Desktop/Kevin UQ/csse3010/CSSE3010-s4408736/freertoslib/Release/libfreertoslib.a(queue.o)
                0x08002448                xQueueGenericSend
 .text.xQueueGenericReceive
                0x080025c0      0x190 C:/Users/Kevin/Desktop/Kevin UQ/csse3010/CSSE3010-s4408736/freertoslib/Release/libfreertoslib.a(queue.o)
                0x080025c0                xQueueGenericReceive
 .text.prvAddCurrentTaskToDelayedList
                0x08002750       0x70 C:/Users/Kevin/Desktop/Kevin UQ/csse3010/CSSE3010-s4408736/freertoslib/Release/libfreertoslib.a(tasks.o)
 .text.xTaskIncrementTick.part.5
                0x080027c0       0xd0 C:/Users/Kevin/Desktop/Kevin UQ/csse3010/CSSE3010-s4408736/freertoslib/Release/libfreertoslib.a(tasks.o)
 .text.xTaskCreate
                0x08002890      0x210 C:/Users/Kevin/Desktop/Kevin UQ/csse3010/CSSE3010-s4408736/freertoslib/Release/libfreertoslib.a(tasks.o)
                0x08002890                xTaskCreate
 .text.vTaskStartScheduler
                0x08002aa0       0x6c C:/Users/Kevin/Desktop/Kevin UQ/csse3010/CSSE3010-s4408736/freertoslib/Release/libfreertoslib.a(tasks.o)
                0x08002aa0                vTaskStartScheduler
 .text.vTaskSuspendAll
                0x08002b0c       0x14 C:/Users/Kevin/Desktop/Kevin UQ/csse3010/CSSE3010-s4408736/freertoslib/Release/libfreertoslib.a(tasks.o)
                0x08002b0c                vTaskSuspendAll
 .text.xTaskResumeAll
                0x08002b20       0xe4 C:/Users/Kevin/Desktop/Kevin UQ/csse3010/CSSE3010-s4408736/freertoslib/Release/libfreertoslib.a(tasks.o)
                0x08002b20                xTaskResumeAll
 .text.vTaskDelay
                0x08002c04       0x50 C:/Users/Kevin/Desktop/Kevin UQ/csse3010/CSSE3010-s4408736/freertoslib/Release/libfreertoslib.a(tasks.o)
                0x08002c04                vTaskDelay
 .text.prvIdleTask
                0x08002c54       0x74 C:/Users/Kevin/Desktop/Kevin UQ/csse3010/CSSE3010-s4408736/freertoslib/Release/libfreertoslib.a(tasks.o)
 .text.xTaskIncrementTick
                0x08002cc8       0x24 C:/Users/Kevin/Desktop/Kevin UQ/csse3010/CSSE3010-s4408736/freertoslib/Release/libfreertoslib.a(tasks.o)
                0x08002cc8                xTaskIncrementTick
 .text.vTaskSwitchContext
                0x08002cec       0x5c C:/Users/Kevin/Desktop/Kevin UQ/csse3010/CSSE3010-s4408736/freertoslib/Release/libfreertoslib.a(tasks.o)
                0x08002cec                vTaskSwitchContext
 .text.vTaskPlaceOnEventList
                0x08002d48       0x84 C:/Users/Kevin/Desktop/Kevin UQ/csse3010/CSSE3010-s4408736/freertoslib/Release/libfreertoslib.a(tasks.o)
                0x08002d48                vTaskPlaceOnEventList
 .text.xTaskRemoveFromEventList
                0x08002dcc       0x78 C:/Users/Kevin/Desktop/Kevin UQ/csse3010/CSSE3010-s4408736/freertoslib/Release/libfreertoslib.a(tasks.o)
                0x08002dcc                xTaskRemoveFromEventList
 .text.vTaskSetTimeOutState
                0x08002e44       0x24 C:/Users/Kevin/Desktop/Kevin UQ/csse3010/CSSE3010-s4408736/freertoslib/Release/libfreertoslib.a(tasks.o)
                0x08002e44                vTaskSetTimeOutState
 .text.xTaskCheckForTimeOut
                0x08002e68       0x80 C:/Users/Kevin/Desktop/Kevin UQ/csse3010/CSSE3010-s4408736/freertoslib/Release/libfreertoslib.a(tasks.o)
                0x08002e68                xTaskCheckForTimeOut
 .text.vTaskMissedYield
                0x08002ee8       0x10 C:/Users/Kevin/Desktop/Kevin UQ/csse3010/CSSE3010-s4408736/freertoslib/Release/libfreertoslib.a(tasks.o)
                0x08002ee8                vTaskMissedYield
 .text.xTaskGetSchedulerState
                0x08002ef8       0x20 C:/Users/Kevin/Desktop/Kevin UQ/csse3010/CSSE3010-s4408736/freertoslib/Release/libfreertoslib.a(tasks.o)
                0x08002ef8                xTaskGetSchedulerState
 .text.vTaskPriorityInherit
                0x08002f18       0x90 C:/Users/Kevin/Desktop/Kevin UQ/csse3010/CSSE3010-s4408736/freertoslib/Release/libfreertoslib.a(tasks.o)
                0x08002f18                vTaskPriorityInherit
 .text.xTaskPriorityDisinherit
                0x08002fa8       0xa8 C:/Users/Kevin/Desktop/Kevin UQ/csse3010/CSSE3010-s4408736/freertoslib/Release/libfreertoslib.a(tasks.o)
                0x08002fa8                xTaskPriorityDisinherit
 .text.pvTaskIncrementMutexHeldCount
                0x08003050       0x18 C:/Users/Kevin/Desktop/Kevin UQ/csse3010/CSSE3010-s4408736/freertoslib/Release/libfreertoslib.a(tasks.o)
                0x08003050                pvTaskIncrementMutexHeldCount
 .text.pvPortMalloc
                0x08003068       0x58 C:/Users/Kevin/Desktop/Kevin UQ/csse3010/CSSE3010-s4408736/freertoslib/Release/libfreertoslib.a(heap_1.o)
                0x08003068                pvPortMalloc
 .text.vPortFree
                0x080030c0       0x18 C:/Users/Kevin/Desktop/Kevin UQ/csse3010/CSSE3010-s4408736/freertoslib/Release/libfreertoslib.a(heap_1.o)
                0x080030c0                vPortFree
 .text.vListInitialise
                0x080030d8       0x18 C:/Users/Kevin/Desktop/Kevin UQ/csse3010/CSSE3010-s4408736/freertoslib/Release/libfreertoslib.a(list.o)
                0x080030d8                vListInitialise
 .text.vListInitialiseItem
                0x080030f0        0x8 C:/Users/Kevin/Desktop/Kevin UQ/csse3010/CSSE3010-s4408736/freertoslib/Release/libfreertoslib.a(list.o)
                0x080030f0                vListInitialiseItem
 .text.vListInsertEnd
                0x080030f8       0x20 C:/Users/Kevin/Desktop/Kevin UQ/csse3010/CSSE3010-s4408736/freertoslib/Release/libfreertoslib.a(list.o)
                0x080030f8                vListInsertEnd
 .text.vListInsert
                0x08003118       0x34 C:/Users/Kevin/Desktop/Kevin UQ/csse3010/CSSE3010-s4408736/freertoslib/Release/libfreertoslib.a(list.o)
                0x08003118                vListInsert
 .text.uxListRemove
                0x0800314c       0x28 C:/Users/Kevin/Desktop/Kevin UQ/csse3010/CSSE3010-s4408736/freertoslib/Release/libfreertoslib.a(list.o)
                0x0800314c                uxListRemove
 .text.__errno  0x08003174        0xc c:/ac6/systemworkbench/plugins/fr.ac6.mcu.externaltools.arm-none.win32_1.15.0.201708311556/tools/compiler/bin/../lib/gcc/arm-none-eabi/6.3.1/../../../../arm-none-eabi/lib/thumb/v7e-m/fpv4-sp/hard\libc.a(lib_a-errno.o)
                0x08003174                __errno
 .text.__libc_init_array
                0x08003180       0x50 c:/ac6/systemworkbench/plugins/fr.ac6.mcu.externaltools.arm-none.win32_1.15.0.201708311556/tools/compiler/bin/../lib/gcc/arm-none-eabi/6.3.1/../../../../arm-none-eabi/lib/thumb/v7e-m/fpv4-sp/hard\libc.a(lib_a-init.o)
                0x08003180                __libc_init_array
 .text.memset   0x080031d0       0x9c c:/ac6/systemworkbench/plugins/fr.ac6.mcu.externaltools.arm-none.win32_1.15.0.201708311556/tools/compiler/bin/../lib/gcc/arm-none-eabi/6.3.1/../../../../arm-none-eabi/lib/thumb/v7e-m/fpv4-sp/hard\libc.a(lib_a-memset.o)
                0x080031d0                memset
 .text.vprintf  0x0800326c       0x1c c:/ac6/systemworkbench/plugins/fr.ac6.mcu.externaltools.arm-none.win32_1.15.0.201708311556/tools/compiler/bin/../lib/gcc/arm-none-eabi/6.3.1/../../../../arm-none-eabi/lib/thumb/v7e-m/fpv4-sp/hard\libc.a(lib_a-vprintf.o)
                0x0800326c                vprintf
 .text.startup.register_fini
                0x08003288       0x14 c:/ac6/systemworkbench/plugins/fr.ac6.mcu.externaltools.arm-none.win32_1.15.0.201708311556/tools/compiler/bin/../lib/gcc/arm-none-eabi/6.3.1/../../../../arm-none-eabi/lib/thumb/v7e-m/fpv4-sp/hard\libc.a(lib_a-__call_atexit.o)
 .text.atexit   0x0800329c        0xc c:/ac6/systemworkbench/plugins/fr.ac6.mcu.externaltools.arm-none.win32_1.15.0.201708311556/tools/compiler/bin/../lib/gcc/arm-none-eabi/6.3.1/../../../../arm-none-eabi/lib/thumb/v7e-m/fpv4-sp/hard\libc.a(lib_a-atexit.o)
                0x0800329c                atexit
 .text.__libc_fini_array
                0x080032a8       0x34 c:/ac6/systemworkbench/plugins/fr.ac6.mcu.externaltools.arm-none.win32_1.15.0.201708311556/tools/compiler/bin/../lib/gcc/arm-none-eabi/6.3.1/../../../../arm-none-eabi/lib/thumb/v7e-m/fpv4-sp/hard\libc.a(lib_a-fini.o)
                0x080032a8                __libc_fini_array
 .text.__retarget_lock_init_recursive
                0x080032dc        0x4 c:/ac6/systemworkbench/plugins/fr.ac6.mcu.externaltools.arm-none.win32_1.15.0.201708311556/tools/compiler/bin/../lib/gcc/arm-none-eabi/6.3.1/../../../../arm-none-eabi/lib/thumb/v7e-m/fpv4-sp/hard\libc.a(lib_a-lock.o)
                0x080032dc                __retarget_lock_init_recursive
 .text.__retarget_lock_close_recursive
                0x080032e0        0x4 c:/ac6/systemworkbench/plugins/fr.ac6.mcu.externaltools.arm-none.win32_1.15.0.201708311556/tools/compiler/bin/../lib/gcc/arm-none-eabi/6.3.1/../../../../arm-none-eabi/lib/thumb/v7e-m/fpv4-sp/hard\libc.a(lib_a-lock.o)
                0x080032e0                __retarget_lock_close_recursive
 .text.__retarget_lock_acquire_recursive
                0x080032e4        0x4 c:/ac6/systemworkbench/plugins/fr.ac6.mcu.externaltools.arm-none.win32_1.15.0.201708311556/tools/compiler/bin/../lib/gcc/arm-none-eabi/6.3.1/../../../../arm-none-eabi/lib/thumb/v7e-m/fpv4-sp/hard\libc.a(lib_a-lock.o)
                0x080032e4                __retarget_lock_acquire_recursive
 .text.__retarget_lock_release_recursive
                0x080032e8        0x4 c:/ac6/systemworkbench/plugins/fr.ac6.mcu.externaltools.arm-none.win32_1.15.0.201708311556/tools/compiler/bin/../lib/gcc/arm-none-eabi/6.3.1/../../../../arm-none-eabi/lib/thumb/v7e-m/fpv4-sp/hard\libc.a(lib_a-lock.o)
                0x080032e8                __retarget_lock_release_recursive
 *fill*         0x080032ec        0x4 
 .text._vfprintf_r
                0x080032f0     0x158c c:/ac6/systemworkbench/plugins/fr.ac6.mcu.externaltools.arm-none.win32_1.15.0.201708311556/tools/compiler/bin/../lib/gcc/arm-none-eabi/6.3.1/../../../../arm-none-eabi/lib/thumb/v7e-m/fpv4-sp/hard\libc.a(lib_a-vfprintf.o)
                0x080032f0                _vfprintf_r
 .text.__sbprintf
                0x0800487c       0x84 c:/ac6/systemworkbench/plugins/fr.ac6.mcu.externaltools.arm-none.win32_1.15.0.201708311556/tools/compiler/bin/../lib/gcc/arm-none-eabi/6.3.1/../../../../arm-none-eabi/lib/thumb/v7e-m/fpv4-sp/hard\libc.a(lib_a-vfprintf.o)
 .text.__swsetup_r
                0x08004900       0xc8 c:/ac6/systemworkbench/plugins/fr.ac6.mcu.externaltools.arm-none.win32_1.15.0.201708311556/tools/compiler/bin/../lib/gcc/arm-none-eabi/6.3.1/../../../../arm-none-eabi/lib/thumb/v7e-m/fpv4-sp/hard\libc.a(lib_a-wsetup.o)
                0x08004900                __swsetup_r
 .text.__register_exitproc
                0x080049c8       0xc4 c:/ac6/systemworkbench/plugins/fr.ac6.mcu.externaltools.arm-none.win32_1.15.0.201708311556/tools/compiler/bin/../lib/gcc/arm-none-eabi/6.3.1/../../../../arm-none-eabi/lib/thumb/v7e-m/fpv4-sp/hard\libc.a(lib_a-__atexit.o)
                0x080049c8                __register_exitproc
 .text.quorem   0x08004a8c      0x128 c:/ac6/systemworkbench/plugins/fr.ac6.mcu.externaltools.arm-none.win32_1.15.0.201708311556/tools/compiler/bin/../lib/gcc/arm-none-eabi/6.3.1/../../../../arm-none-eabi/lib/thumb/v7e-m/fpv4-sp/hard\libc.a(lib_a-dtoa.o)
 *fill*         0x08004bb4        0x4 
 .text._dtoa_r  0x08004bb8      0xe4c c:/ac6/systemworkbench/plugins/fr.ac6.mcu.externaltools.arm-none.win32_1.15.0.201708311556/tools/compiler/bin/../lib/gcc/arm-none-eabi/6.3.1/../../../../arm-none-eabi/lib/thumb/v7e-m/fpv4-sp/hard\libc.a(lib_a-dtoa.o)
                0x08004bb8                _dtoa_r
 .text.__sflush_r
                0x08005a04      0x140 c:/ac6/systemworkbench/plugins/fr.ac6.mcu.externaltools.arm-none.win32_1.15.0.201708311556/tools/compiler/bin/../lib/gcc/arm-none-eabi/6.3.1/../../../../arm-none-eabi/lib/thumb/v7e-m/fpv4-sp/hard\libc.a(lib_a-fflush.o)
                0x08005a04                __sflush_r
 .text._fflush_r
                0x08005b44       0x54 c:/ac6/systemworkbench/plugins/fr.ac6.mcu.externaltools.arm-none.win32_1.15.0.201708311556/tools/compiler/bin/../lib/gcc/arm-none-eabi/6.3.1/../../../../arm-none-eabi/lib/thumb/v7e-m/fpv4-sp/hard\libc.a(lib_a-fflush.o)
                0x08005b44                _fflush_r
 .text._cleanup_r
                0x08005b98        0xc c:/ac6/systemworkbench/plugins/fr.ac6.mcu.externaltools.arm-none.win32_1.15.0.201708311556/tools/compiler/bin/../lib/gcc/arm-none-eabi/6.3.1/../../../../arm-none-eabi/lib/thumb/v7e-m/fpv4-sp/hard\libc.a(lib_a-findfp.o)
                0x08005b98                _cleanup_r
 .text.std.isra.0
                0x08005ba4       0x50 c:/ac6/systemworkbench/plugins/fr.ac6.mcu.externaltools.arm-none.win32_1.15.0.201708311556/tools/compiler/bin/../lib/gcc/arm-none-eabi/6.3.1/../../../../arm-none-eabi/lib/thumb/v7e-m/fpv4-sp/hard\libc.a(lib_a-findfp.o)
 .text.__sinit  0x08005bf4       0x58 c:/ac6/systemworkbench/plugins/fr.ac6.mcu.externaltools.arm-none.win32_1.15.0.201708311556/tools/compiler/bin/../lib/gcc/arm-none-eabi/6.3.1/../../../../arm-none-eabi/lib/thumb/v7e-m/fpv4-sp/hard\libc.a(lib_a-findfp.o)
                0x08005bf4                __sinit
 .text.__sfp_lock_acquire
                0x08005c4c        0xc c:/ac6/systemworkbench/plugins/fr.ac6.mcu.externaltools.arm-none.win32_1.15.0.201708311556/tools/compiler/bin/../lib/gcc/arm-none-eabi/6.3.1/../../../../arm-none-eabi/lib/thumb/v7e-m/fpv4-sp/hard\libc.a(lib_a-findfp.o)
                0x08005c4c                __sfp_lock_acquire
 .text.__sfp_lock_release
                0x08005c58        0xc c:/ac6/systemworkbench/plugins/fr.ac6.mcu.externaltools.arm-none.win32_1.15.0.201708311556/tools/compiler/bin/../lib/gcc/arm-none-eabi/6.3.1/../../../../arm-none-eabi/lib/thumb/v7e-m/fpv4-sp/hard\libc.a(lib_a-findfp.o)
                0x08005c58                __sfp_lock_release
 .text._malloc_trim_r
                0x08005c64       0xa0 c:/ac6/systemworkbench/plugins/fr.ac6.mcu.externaltools.arm-none.win32_1.15.0.201708311556/tools/compiler/bin/../lib/gcc/arm-none-eabi/6.3.1/../../../../arm-none-eabi/lib/thumb/v7e-m/fpv4-sp/hard\libc.a(lib_a-freer.o)
                0x08005c64                _malloc_trim_r
 .text._free_r  0x08005d04      0x1cc c:/ac6/systemworkbench/plugins/fr.ac6.mcu.externaltools.arm-none.win32_1.15.0.201708311556/tools/compiler/bin/../lib/gcc/arm-none-eabi/6.3.1/../../../../arm-none-eabi/lib/thumb/v7e-m/fpv4-sp/hard\libc.a(lib_a-freer.o)
                0x08005d04                _free_r
 .text._fwalk_reent
                0x08005ed0       0x54 c:/ac6/systemworkbench/plugins/fr.ac6.mcu.externaltools.arm-none.win32_1.15.0.201708311556/tools/compiler/bin/../lib/gcc/arm-none-eabi/6.3.1/../../../../arm-none-eabi/lib/thumb/v7e-m/fpv4-sp/hard\libc.a(lib_a-fwalk.o)
                0x08005ed0                _fwalk_reent
 .text._localeconv_r
                0x08005f24       0x1c c:/ac6/systemworkbench/plugins/fr.ac6.mcu.externaltools.arm-none.win32_1.15.0.201708311556/tools/compiler/bin/../lib/gcc/arm-none-eabi/6.3.1/../../../../arm-none-eabi/lib/thumb/v7e-m/fpv4-sp/hard\libc.a(lib_a-localeconv.o)
                0x08005f24                _localeconv_r
 .text.__swhatbuf_r
                0x08005f40       0x5c c:/ac6/systemworkbench/plugins/fr.ac6.mcu.externaltools.arm-none.win32_1.15.0.201708311556/tools/compiler/bin/../lib/gcc/arm-none-eabi/6.3.1/../../../../arm-none-eabi/lib/thumb/v7e-m/fpv4-sp/hard\libc.a(lib_a-makebuf.o)
                0x08005f40                __swhatbuf_r
 .text.__smakebuf_r
                0x08005f9c       0x94 c:/ac6/systemworkbench/plugins/fr.ac6.mcu.externaltools.arm-none.win32_1.15.0.201708311556/tools/compiler/bin/../lib/gcc/arm-none-eabi/6.3.1/../../../../arm-none-eabi/lib/thumb/v7e-m/fpv4-sp/hard\libc.a(lib_a-makebuf.o)
                0x08005f9c                __smakebuf_r
 .text._malloc_r
                0x08006030      0x560 c:/ac6/systemworkbench/plugins/fr.ac6.mcu.externaltools.arm-none.win32_1.15.0.201708311556/tools/compiler/bin/../lib/gcc/arm-none-eabi/6.3.1/../../../../arm-none-eabi/lib/thumb/v7e-m/fpv4-sp/hard\libc.a(lib_a-mallocr.o)
                0x08006030                _malloc_r
 .text.__malloc_lock
                0x08006590        0xc c:/ac6/systemworkbench/plugins/fr.ac6.mcu.externaltools.arm-none.win32_1.15.0.201708311556/tools/compiler/bin/../lib/gcc/arm-none-eabi/6.3.1/../../../../arm-none-eabi/lib/thumb/v7e-m/fpv4-sp/hard\libc.a(lib_a-mlock.o)
                0x08006590                __malloc_lock
 .text.__malloc_unlock
                0x0800659c        0xc c:/ac6/systemworkbench/plugins/fr.ac6.mcu.externaltools.arm-none.win32_1.15.0.201708311556/tools/compiler/bin/../lib/gcc/arm-none-eabi/6.3.1/../../../../arm-none-eabi/lib/thumb/v7e-m/fpv4-sp/hard\libc.a(lib_a-mlock.o)
                0x0800659c                __malloc_unlock
 .text._Balloc  0x080065a8       0x4c c:/ac6/systemworkbench/plugins/fr.ac6.mcu.externaltools.arm-none.win32_1.15.0.201708311556/tools/compiler/bin/../lib/gcc/arm-none-eabi/6.3.1/../../../../arm-none-eabi/lib/thumb/v7e-m/fpv4-sp/hard\libc.a(lib_a-mprec.o)
                0x080065a8                _Balloc
 .text._Bfree   0x080065f4       0x14 c:/ac6/systemworkbench/plugins/fr.ac6.mcu.externaltools.arm-none.win32_1.15.0.201708311556/tools/compiler/bin/../lib/gcc/arm-none-eabi/6.3.1/../../../../arm-none-eabi/lib/thumb/v7e-m/fpv4-sp/hard\libc.a(lib_a-mprec.o)
                0x080065f4                _Bfree
 .text.__multadd
                0x08006608       0x80 c:/ac6/systemworkbench/plugins/fr.ac6.mcu.externaltools.arm-none.win32_1.15.0.201708311556/tools/compiler/bin/../lib/gcc/arm-none-eabi/6.3.1/../../../../arm-none-eabi/lib/thumb/v7e-m/fpv4-sp/hard\libc.a(lib_a-mprec.o)
                0x08006608                __multadd
 .text.__hi0bits
                0x08006688       0x40 c:/ac6/systemworkbench/plugins/fr.ac6.mcu.externaltools.arm-none.win32_1.15.0.201708311556/tools/compiler/bin/../lib/gcc/arm-none-eabi/6.3.1/../../../../arm-none-eabi/lib/thumb/v7e-m/fpv4-sp/hard\libc.a(lib_a-mprec.o)
                0x08006688                __hi0bits
 .text.__lo0bits
                0x080066c8       0x60 c:/ac6/systemworkbench/plugins/fr.ac6.mcu.externaltools.arm-none.win32_1.15.0.201708311556/tools/compiler/bin/../lib/gcc/arm-none-eabi/6.3.1/../../../../arm-none-eabi/lib/thumb/v7e-m/fpv4-sp/hard\libc.a(lib_a-mprec.o)
                0x080066c8                __lo0bits
 .text.__i2b    0x08006728       0x14 c:/ac6/systemworkbench/plugins/fr.ac6.mcu.externaltools.arm-none.win32_1.15.0.201708311556/tools/compiler/bin/../lib/gcc/arm-none-eabi/6.3.1/../../../../arm-none-eabi/lib/thumb/v7e-m/fpv4-sp/hard\libc.a(lib_a-mprec.o)
                0x08006728                __i2b
 .text.__multiply
                0x0800673c      0x124 c:/ac6/systemworkbench/plugins/fr.ac6.mcu.externaltools.arm-none.win32_1.15.0.201708311556/tools/compiler/bin/../lib/gcc/arm-none-eabi/6.3.1/../../../../arm-none-eabi/lib/thumb/v7e-m/fpv4-sp/hard\libc.a(lib_a-mprec.o)
                0x0800673c                __multiply
 .text.__pow5mult
                0x08006860       0xa0 c:/ac6/systemworkbench/plugins/fr.ac6.mcu.externaltools.arm-none.win32_1.15.0.201708311556/tools/compiler/bin/../lib/gcc/arm-none-eabi/6.3.1/../../../../arm-none-eabi/lib/thumb/v7e-m/fpv4-sp/hard\libc.a(lib_a-mprec.o)
                0x08006860                __pow5mult
 .text.__lshift
                0x08006900       0xa4 c:/ac6/systemworkbench/plugins/fr.ac6.mcu.externaltools.arm-none.win32_1.15.0.201708311556/tools/compiler/bin/../lib/gcc/arm-none-eabi/6.3.1/../../../../arm-none-eabi/lib/thumb/v7e-m/fpv4-sp/hard\libc.a(lib_a-mprec.o)
                0x08006900                __lshift
 .text.__mcmp   0x080069a4       0x38 c:/ac6/systemworkbench/plugins/fr.ac6.mcu.externaltools.arm-none.win32_1.15.0.201708311556/tools/compiler/bin/../lib/gcc/arm-none-eabi/6.3.1/../../../../arm-none-eabi/lib/thumb/v7e-m/fpv4-sp/hard\libc.a(lib_a-mprec.o)
                0x080069a4                __mcmp
 .text.__mdiff  0x080069dc      0x108 c:/ac6/systemworkbench/plugins/fr.ac6.mcu.externaltools.arm-none.win32_1.15.0.201708311556/tools/compiler/bin/../lib/gcc/arm-none-eabi/6.3.1/../../../../arm-none-eabi/lib/thumb/v7e-m/fpv4-sp/hard\libc.a(lib_a-mprec.o)
                0x080069dc                __mdiff
 .text.__d2b    0x08006ae4       0xbc c:/ac6/systemworkbench/plugins/fr.ac6.mcu.externaltools.arm-none.win32_1.15.0.201708311556/tools/compiler/bin/../lib/gcc/arm-none-eabi/6.3.1/../../../../arm-none-eabi/lib/thumb/v7e-m/fpv4-sp/hard\libc.a(lib_a-mprec.o)
                0x08006ae4                __d2b
 .text._sbrk_r  0x08006ba0       0x24 c:/ac6/systemworkbench/plugins/fr.ac6.mcu.externaltools.arm-none.win32_1.15.0.201708311556/tools/compiler/bin/../lib/gcc/arm-none-eabi/6.3.1/../../../../arm-none-eabi/lib/thumb/v7e-m/fpv4-sp/hard\libc.a(lib_a-sbrkr.o)
                0x08006ba0                _sbrk_r
 .text.__sread  0x08006bc4       0x24 c:/ac6/systemworkbench/plugins/fr.ac6.mcu.externaltools.arm-none.win32_1.15.0.201708311556/tools/compiler/bin/../lib/gcc/arm-none-eabi/6.3.1/../../../../arm-none-eabi/lib/thumb/v7e-m/fpv4-sp/hard\libc.a(lib_a-stdio.o)
                0x08006bc4                __sread
 .text.__swrite
                0x08006be8       0x3c c:/ac6/systemworkbench/plugins/fr.ac6.mcu.externaltools.arm-none.win32_1.15.0.201708311556/tools/compiler/bin/../lib/gcc/arm-none-eabi/6.3.1/../../../../arm-none-eabi/lib/thumb/v7e-m/fpv4-sp/hard\libc.a(lib_a-stdio.o)
                0x08006be8                __swrite
 .text.__sseek  0x08006c24       0x20 c:/ac6/systemworkbench/plugins/fr.ac6.mcu.externaltools.arm-none.win32_1.15.0.201708311556/tools/compiler/bin/../lib/gcc/arm-none-eabi/6.3.1/../../../../arm-none-eabi/lib/thumb/v7e-m/fpv4-sp/hard\libc.a(lib_a-stdio.o)
                0x08006c24                __sseek
 .text.__sclose
                0x08006c44        0x8 c:/ac6/systemworkbench/plugins/fr.ac6.mcu.externaltools.arm-none.win32_1.15.0.201708311556/tools/compiler/bin/../lib/gcc/arm-none-eabi/6.3.1/../../../../arm-none-eabi/lib/thumb/v7e-m/fpv4-sp/hard\libc.a(lib_a-stdio.o)
                0x08006c44                __sclose
 .text.__sprint_r.part.0
                0x08006c4c       0x80 c:/ac6/systemworkbench/plugins/fr.ac6.mcu.externaltools.arm-none.win32_1.15.0.201708311556/tools/compiler/bin/../lib/gcc/arm-none-eabi/6.3.1/../../../../arm-none-eabi/lib/thumb/v7e-m/fpv4-sp/hard\libc.a(lib_a-vfiprintf.o)
 .text.__sprint_r
                0x08006ccc       0x14 c:/ac6/systemworkbench/plugins/fr.ac6.mcu.externaltools.arm-none.win32_1.15.0.201708311556/tools/compiler/bin/../lib/gcc/arm-none-eabi/6.3.1/../../../../arm-none-eabi/lib/thumb/v7e-m/fpv4-sp/hard\libc.a(lib_a-vfiprintf.o)
                0x08006ccc                __sprint_r
 .text._write_r
                0x08006ce0       0x2c c:/ac6/systemworkbench/plugins/fr.ac6.mcu.externaltools.arm-none.win32_1.15.0.201708311556/tools/compiler/bin/../lib/gcc/arm-none-eabi/6.3.1/../../../../arm-none-eabi/lib/thumb/v7e-m/fpv4-sp/hard\libc.a(lib_a-writer.o)
                0x08006ce0                _write_r
 .text._calloc_r
                0x08006d0c       0x60 c:/ac6/systemworkbench/plugins/fr.ac6.mcu.externaltools.arm-none.win32_1.15.0.201708311556/tools/compiler/bin/../lib/gcc/arm-none-eabi/6.3.1/../../../../arm-none-eabi/lib/thumb/v7e-m/fpv4-sp/hard\libc.a(lib_a-callocr.o)
                0x08006d0c                _calloc_r
 .text._close_r
                0x08006d6c       0x24 c:/ac6/systemworkbench/plugins/fr.ac6.mcu.externaltools.arm-none.win32_1.15.0.201708311556/tools/compiler/bin/../lib/gcc/arm-none-eabi/6.3.1/../../../../arm-none-eabi/lib/thumb/v7e-m/fpv4-sp/hard\libc.a(lib_a-closer.o)
                0x08006d6c                _close_r
 .text._fclose_r
                0x08006d90       0xc4 c:/ac6/systemworkbench/plugins/fr.ac6.mcu.externaltools.arm-none.win32_1.15.0.201708311556/tools/compiler/bin/../lib/gcc/arm-none-eabi/6.3.1/../../../../arm-none-eabi/lib/thumb/v7e-m/fpv4-sp/hard\libc.a(lib_a-fclose.o)
                0x08006d90                _fclose_r
 .text.__fputwc
                0x08006e54       0xa0 c:/ac6/systemworkbench/plugins/fr.ac6.mcu.externaltools.arm-none.win32_1.15.0.201708311556/tools/compiler/bin/../lib/gcc/arm-none-eabi/6.3.1/../../../../arm-none-eabi/lib/thumb/v7e-m/fpv4-sp/hard\libc.a(lib_a-fputwc.o)
                0x08006e54                __fputwc
 .text._fputwc_r
                0x08006ef4       0x68 c:/ac6/systemworkbench/plugins/fr.ac6.mcu.externaltools.arm-none.win32_1.15.0.201708311556/tools/compiler/bin/../lib/gcc/arm-none-eabi/6.3.1/../../../../arm-none-eabi/lib/thumb/v7e-m/fpv4-sp/hard\libc.a(lib_a-fputwc.o)
                0x08006ef4                _fputwc_r
 .text._fstat_r
                0x08006f5c       0x28 c:/ac6/systemworkbench/plugins/fr.ac6.mcu.externaltools.arm-none.win32_1.15.0.201708311556/tools/compiler/bin/../lib/gcc/arm-none-eabi/6.3.1/../../../../arm-none-eabi/lib/thumb/v7e-m/fpv4-sp/hard\libc.a(lib_a-fstatr.o)
                0x08006f5c                _fstat_r
 .text.__sfvwrite_r
                0x08006f84      0x2f0 c:/ac6/systemworkbench/plugins/fr.ac6.mcu.externaltools.arm-none.win32_1.15.0.201708311556/tools/compiler/bin/../lib/gcc/arm-none-eabi/6.3.1/../../../../arm-none-eabi/lib/thumb/v7e-m/fpv4-sp/hard\libc.a(lib_a-fvwrite.o)
                0x08006f84                __sfvwrite_r
 .text._isatty_r
                0x08007274       0x24 c:/ac6/systemworkbench/plugins/fr.ac6.mcu.externaltools.arm-none.win32_1.15.0.201708311556/tools/compiler/bin/../lib/gcc/arm-none-eabi/6.3.1/../../../../arm-none-eabi/lib/thumb/v7e-m/fpv4-sp/hard\libc.a(lib_a-isattyr.o)
                0x08007274                _isatty_r
 .text.__locale_mb_cur_max
                0x08007298       0x1c c:/ac6/systemworkbench/plugins/fr.ac6.mcu.externaltools.arm-none.win32_1.15.0.201708311556/tools/compiler/bin/../lib/gcc/arm-none-eabi/6.3.1/../../../../arm-none-eabi/lib/thumb/v7e-m/fpv4-sp/hard\libc.a(lib_a-locale.o)
                0x08007298                __locale_mb_cur_max
 .text._lseek_r
                0x080072b4       0x2c c:/ac6/systemworkbench/plugins/fr.ac6.mcu.externaltools.arm-none.win32_1.15.0.201708311556/tools/compiler/bin/../lib/gcc/arm-none-eabi/6.3.1/../../../../arm-none-eabi/lib/thumb/v7e-m/fpv4-sp/hard\libc.a(lib_a-lseekr.o)
                0x080072b4                _lseek_r
 .text.__ascii_mbtowc
                0x080072e0       0x2c c:/ac6/systemworkbench/plugins/fr.ac6.mcu.externaltools.arm-none.win32_1.15.0.201708311556/tools/compiler/bin/../lib/gcc/arm-none-eabi/6.3.1/../../../../arm-none-eabi/lib/thumb/v7e-m/fpv4-sp/hard\libc.a(lib_a-mbtowc_r.o)
                0x080072e0                __ascii_mbtowc
 .text.memmove  0x0800730c       0xc8 c:/ac6/systemworkbench/plugins/fr.ac6.mcu.externaltools.arm-none.win32_1.15.0.201708311556/tools/compiler/bin/../lib/gcc/arm-none-eabi/6.3.1/../../../../arm-none-eabi/lib/thumb/v7e-m/fpv4-sp/hard\libc.a(lib_a-memmove.o)
                0x0800730c                memmove
 .text._read_r  0x080073d4       0x2c c:/ac6/systemworkbench/plugins/fr.ac6.mcu.externaltools.arm-none.win32_1.15.0.201708311556/tools/compiler/bin/../lib/gcc/arm-none-eabi/6.3.1/../../../../arm-none-eabi/lib/thumb/v7e-m/fpv4-sp/hard\libc.a(lib_a-readr.o)
                0x080073d4                _read_r
 .text._realloc_r
                0x08007400      0x34c c:/ac6/systemworkbench/plugins/fr.ac6.mcu.externaltools.arm-none.win32_1.15.0.201708311556/tools/compiler/bin/../lib/gcc/arm-none-eabi/6.3.1/../../../../arm-none-eabi/lib/thumb/v7e-m/fpv4-sp/hard\libc.a(lib_a-reallocr.o)
                0x08007400                _realloc_r
 .text.__swbuf_r
                0x0800774c       0xb0 c:/ac6/systemworkbench/plugins/fr.ac6.mcu.externaltools.arm-none.win32_1.15.0.201708311556/tools/compiler/bin/../lib/gcc/arm-none-eabi/6.3.1/../../../../arm-none-eabi/lib/thumb/v7e-m/fpv4-sp/hard\libc.a(lib_a-wbuf.o)
                0x0800774c                __swbuf_r
 .text._wcrtomb_r
                0x080077fc       0x54 c:/ac6/systemworkbench/plugins/fr.ac6.mcu.externaltools.arm-none.win32_1.15.0.201708311556/tools/compiler/bin/../lib/gcc/arm-none-eabi/6.3.1/../../../../arm-none-eabi/lib/thumb/v7e-m/fpv4-sp/hard\libc.a(lib_a-wcrtomb.o)
                0x080077fc                _wcrtomb_r
 .text.__ascii_wctomb
                0x08007850       0x1c c:/ac6/systemworkbench/plugins/fr.ac6.mcu.externaltools.arm-none.win32_1.15.0.201708311556/tools/compiler/bin/../lib/gcc/arm-none-eabi/6.3.1/../../../../arm-none-eabi/lib/thumb/v7e-m/fpv4-sp/hard\libc.a(lib_a-wctomb_r.o)
                0x08007850                __ascii_wctomb
 *(.glue_7)
 .glue_7        0x0800786c        0x0 linker stubs
 *(.glue_7t)
 .glue_7t       0x0800786c        0x0 linker stubs
 *(.eh_frame)
 .eh_frame      0x0800786c        0x0 c:/ac6/systemworkbench/plugins/fr.ac6.mcu.externaltools.arm-none.win32_1.15.0.201708311556/tools/compiler/bin/../lib/gcc/arm-none-eabi/6.3.1/thumb/v7e-m/fpv4-sp/hard/crtbegin.o
 *(.init)
 .init          0x0800786c        0x4 c:/ac6/systemworkbench/plugins/fr.ac6.mcu.externaltools.arm-none.win32_1.15.0.201708311556/tools/compiler/bin/../lib/gcc/arm-none-eabi/6.3.1/thumb/v7e-m/fpv4-sp/hard/crti.o
                0x0800786c                _init
 .init          0x08007870        0x8 c:/ac6/systemworkbench/plugins/fr.ac6.mcu.externaltools.arm-none.win32_1.15.0.201708311556/tools/compiler/bin/../lib/gcc/arm-none-eabi/6.3.1/thumb/v7e-m/fpv4-sp/hard/crtn.o
 *(.fini)
 .fini          0x08007878        0x4 c:/ac6/systemworkbench/plugins/fr.ac6.mcu.externaltools.arm-none.win32_1.15.0.201708311556/tools/compiler/bin/../lib/gcc/arm-none-eabi/6.3.1/thumb/v7e-m/fpv4-sp/hard/crti.o
                0x08007878                _fini
 .fini          0x0800787c        0x8 c:/ac6/systemworkbench/plugins/fr.ac6.mcu.externaltools.arm-none.win32_1.15.0.201708311556/tools/compiler/bin/../lib/gcc/arm-none-eabi/6.3.1/thumb/v7e-m/fpv4-sp/hard/crtn.o
                0x08007884                . = ALIGN (0x4)
                0x08007884                _etext = .

.vfp11_veneer   0x08007884        0x0
 .vfp11_veneer  0x08007884        0x0 linker stubs

.v4_bx          0x08007884        0x0
 .v4_bx         0x08007884        0x0 linker stubs

.iplt           0x08007884        0x0
 .iplt          0x08007884        0x0 c:/ac6/systemworkbench/plugins/fr.ac6.mcu.externaltools.arm-none.win32_1.15.0.201708311556/tools/compiler/bin/../lib/gcc/arm-none-eabi/6.3.1/thumb/v7e-m/fpv4-sp/hard/crtbegin.o

.rodata         0x08007888      0x2e8
                0x08007888                . = ALIGN (0x4)
 *(.rodata)
 .rodata        0x08007888       0x18 C:/Users/Kevin/Desktop/Kevin UQ/csse3010/CSSE3010-s4408736/sourcelib/boardlib/Release/libboardlib.a(system_stm32f4xx.o)
                0x08007888                AHBPrescTable
                0x08007898                APBPrescTable
 *(.rodata*)
 .rodata.str1.4
                0x080078a0       0x3d src/main.o
 *fill*         0x080078dd        0x3 
 .rodata.str1.4
                0x080078e0        0x5 C:/Users/Kevin/Desktop/Kevin UQ/csse3010/CSSE3010-s4408736/freertoslib/Release/libfreertoslib.a(tasks.o)
 *fill*         0x080078e5        0x3 
 .rodata._global_impure_ptr
                0x080078e8        0x4 c:/ac6/systemworkbench/plugins/fr.ac6.mcu.externaltools.arm-none.win32_1.15.0.201708311556/tools/compiler/bin/../lib/gcc/arm-none-eabi/6.3.1/../../../../arm-none-eabi/lib/thumb/v7e-m/fpv4-sp/hard\libc.a(lib_a-impure.o)
                0x080078e8                _global_impure_ptr
 .rodata._vfprintf_r.str1.4
                0x080078ec       0x42 c:/ac6/systemworkbench/plugins/fr.ac6.mcu.externaltools.arm-none.win32_1.15.0.201708311556/tools/compiler/bin/../lib/gcc/arm-none-eabi/6.3.1/../../../../arm-none-eabi/lib/thumb/v7e-m/fpv4-sp/hard\libc.a(lib_a-vfprintf.o)
 *fill*         0x0800792e        0x2 
 .rodata.blanks.8361
                0x08007930       0x10 c:/ac6/systemworkbench/plugins/fr.ac6.mcu.externaltools.arm-none.win32_1.15.0.201708311556/tools/compiler/bin/../lib/gcc/arm-none-eabi/6.3.1/../../../../arm-none-eabi/lib/thumb/v7e-m/fpv4-sp/hard\libc.a(lib_a-vfprintf.o)
 .rodata.zeroes.8362
                0x08007940       0x10 c:/ac6/systemworkbench/plugins/fr.ac6.mcu.externaltools.arm-none.win32_1.15.0.201708311556/tools/compiler/bin/../lib/gcc/arm-none-eabi/6.3.1/../../../../arm-none-eabi/lib/thumb/v7e-m/fpv4-sp/hard\libc.a(lib_a-vfprintf.o)
 .rodata._dtoa_r.str1.4
                0x08007950       0x10 c:/ac6/systemworkbench/plugins/fr.ac6.mcu.externaltools.arm-none.win32_1.15.0.201708311556/tools/compiler/bin/../lib/gcc/arm-none-eabi/6.3.1/../../../../arm-none-eabi/lib/thumb/v7e-m/fpv4-sp/hard\libc.a(lib_a-dtoa.o)
                                 0x12 (size before relaxing)
 .rodata.__mprec_bigtens
                0x08007960       0x28 c:/ac6/systemworkbench/plugins/fr.ac6.mcu.externaltools.arm-none.win32_1.15.0.201708311556/tools/compiler/bin/../lib/gcc/arm-none-eabi/6.3.1/../../../../arm-none-eabi/lib/thumb/v7e-m/fpv4-sp/hard\libc.a(lib_a-mprec.o)
                0x08007960                __mprec_bigtens
 .rodata.__mprec_tens
                0x08007988       0xc8 c:/ac6/systemworkbench/plugins/fr.ac6.mcu.externaltools.arm-none.win32_1.15.0.201708311556/tools/compiler/bin/../lib/gcc/arm-none-eabi/6.3.1/../../../../arm-none-eabi/lib/thumb/v7e-m/fpv4-sp/hard\libc.a(lib_a-mprec.o)
                0x08007988                __mprec_tens
 .rodata.p05.7178
                0x08007a50        0xc c:/ac6/systemworkbench/plugins/fr.ac6.mcu.externaltools.arm-none.win32_1.15.0.201708311556/tools/compiler/bin/../lib/gcc/arm-none-eabi/6.3.1/../../../../arm-none-eabi/lib/thumb/v7e-m/fpv4-sp/hard\libc.a(lib_a-mprec.o)
 .rodata._setlocale_r.str1.4
                0x08007a5c        0xa c:/ac6/systemworkbench/plugins/fr.ac6.mcu.externaltools.arm-none.win32_1.15.0.201708311556/tools/compiler/bin/../lib/gcc/arm-none-eabi/6.3.1/../../../../arm-none-eabi/lib/thumb/v7e-m/fpv4-sp/hard\libc.a(lib_a-locale.o)
                                  0xd (size before relaxing)
 *fill*         0x08007a66        0x2 
 .rodata.str1.4
                0x08007a68        0x4 c:/ac6/systemworkbench/plugins/fr.ac6.mcu.externaltools.arm-none.win32_1.15.0.201708311556/tools/compiler/bin/../lib/gcc/arm-none-eabi/6.3.1/../../../../arm-none-eabi/lib/thumb/v7e-m/fpv4-sp/hard\libc.a(lib_a-locale.o)
                                  0x2 (size before relaxing)
 .rodata._ctype_
                0x08007a6c      0x101 c:/ac6/systemworkbench/plugins/fr.ac6.mcu.externaltools.arm-none.win32_1.15.0.201708311556/tools/compiler/bin/../lib/gcc/arm-none-eabi/6.3.1/../../../../arm-none-eabi/lib/thumb/v7e-m/fpv4-sp/hard\libc.a(lib_a-ctype_.o)
                0x08007a6c                _ctype_
                0x08007b70                . = ALIGN (0x4)
 *fill*         0x08007b6d        0x3 

.ARM.extab      0x08007b70        0x0
                0x08007b70                . = ALIGN (0x4)
 *(.ARM.extab* .gnu.linkonce.armextab.*)
                0x08007b70                . = ALIGN (0x4)

.ARM            0x08007b70        0x8
                0x08007b70                . = ALIGN (0x4)
                0x08007b70                __exidx_start = .
 *(.ARM.exidx*)
 .ARM.exidx     0x08007b70        0x8 c:/ac6/systemworkbench/plugins/fr.ac6.mcu.externaltools.arm-none.win32_1.15.0.201708311556/tools/compiler/bin/../lib/gcc/arm-none-eabi/6.3.1/thumb/v7e-m/fpv4-sp/hard\libgcc.a(_udivmoddi4.o)
                0x08007b78                __exidx_end = .
                0x08007b78                . = ALIGN (0x4)

.rel.dyn        0x08007b78        0x0
 .rel.iplt      0x08007b78        0x0 c:/ac6/systemworkbench/plugins/fr.ac6.mcu.externaltools.arm-none.win32_1.15.0.201708311556/tools/compiler/bin/../lib/gcc/arm-none-eabi/6.3.1/thumb/v7e-m/fpv4-sp/hard/crtbegin.o

.preinit_array  0x08007b78        0x0
                0x08007b78                . = ALIGN (0x4)
                0x08007b78                PROVIDE (__preinit_array_start, .)
 *(.preinit_array*)
                0x08007b78                PROVIDE (__preinit_array_end, .)
                0x08007b78                . = ALIGN (0x4)

.init_array     0x08007b78        0x8
                0x08007b78                . = ALIGN (0x4)
                0x08007b78                PROVIDE (__init_array_start, .)
 *(SORT(.init_array.*))
 .init_array.00000
                0x08007b78        0x4 c:/ac6/systemworkbench/plugins/fr.ac6.mcu.externaltools.arm-none.win32_1.15.0.201708311556/tools/compiler/bin/../lib/gcc/arm-none-eabi/6.3.1/../../../../arm-none-eabi/lib/thumb/v7e-m/fpv4-sp/hard\libc.a(lib_a-__call_atexit.o)
 *(.init_array*)
 .init_array    0x08007b7c        0x4 c:/ac6/systemworkbench/plugins/fr.ac6.mcu.externaltools.arm-none.win32_1.15.0.201708311556/tools/compiler/bin/../lib/gcc/arm-none-eabi/6.3.1/thumb/v7e-m/fpv4-sp/hard/crtbegin.o
                0x08007b80                PROVIDE (__init_array_end, .)
                0x08007b80                . = ALIGN (0x4)

.fini_array     0x08007b80        0x4
                0x08007b80                . = ALIGN (0x4)
                0x08007b80                PROVIDE (__fini_array_start, .)
 *(SORT(.fini_array.*))
 *(.fini_array*)
 .fini_array    0x08007b80        0x4 c:/ac6/systemworkbench/plugins/fr.ac6.mcu.externaltools.arm-none.win32_1.15.0.201708311556/tools/compiler/bin/../lib/gcc/arm-none-eabi/6.3.1/thumb/v7e-m/fpv4-sp/hard/crtbegin.o
                0x08007b84                PROVIDE (__fini_array_end, .)
                0x08007b84                . = ALIGN (0x4)
                0x08007b84                _sidata = LOADADDR (.data)

.data           0x20000000      0x9b8 load address 0x08007b84
                0x20000000                . = ALIGN (0x4)
                0x20000000                _sdata = .
 *(.data)
 .data          0x20000000        0x4 C:/Users/Kevin/Desktop/Kevin UQ/csse3010/CSSE3010-s4408736/sourcelib/boardlib/Release/libboardlib.a(system_stm32f4xx.o)
                0x20000000                SystemCoreClock
 .data          0x20000004        0x4 C:/Users/Kevin/Desktop/Kevin UQ/csse3010/CSSE3010-s4408736/freertoslib/Release/libfreertoslib.a(port.o)
 *(.data*)
 .data._impure_ptr
                0x20000008        0x4 c:/ac6/systemworkbench/plugins/fr.ac6.mcu.externaltools.arm-none.win32_1.15.0.201708311556/tools/compiler/bin/../lib/gcc/arm-none-eabi/6.3.1/../../../../arm-none-eabi/lib/thumb/v7e-m/fpv4-sp/hard\libc.a(lib_a-impure.o)
                0x20000008                _impure_ptr
 *fill*         0x2000000c        0x4 
 .data.impure_data
                0x20000010      0x428 c:/ac6/systemworkbench/plugins/fr.ac6.mcu.externaltools.arm-none.win32_1.15.0.201708311556/tools/compiler/bin/../lib/gcc/arm-none-eabi/6.3.1/../../../../arm-none-eabi/lib/thumb/v7e-m/fpv4-sp/hard\libc.a(lib_a-impure.o)
 .data.__atexit_recursive_mutex
                0x20000438        0x4 c:/ac6/systemworkbench/plugins/fr.ac6.mcu.externaltools.arm-none.win32_1.15.0.201708311556/tools/compiler/bin/../lib/gcc/arm-none-eabi/6.3.1/../../../../arm-none-eabi/lib/thumb/v7e-m/fpv4-sp/hard\libc.a(lib_a-__call_atexit.o)
                0x20000438                __atexit_recursive_mutex
 .data.__malloc_av_
                0x2000043c      0x408 c:/ac6/systemworkbench/plugins/fr.ac6.mcu.externaltools.arm-none.win32_1.15.0.201708311556/tools/compiler/bin/../lib/gcc/arm-none-eabi/6.3.1/../../../../arm-none-eabi/lib/thumb/v7e-m/fpv4-sp/hard\libc.a(lib_a-mallocr.o)
                0x2000043c                __malloc_av_
 .data.__malloc_sbrk_base
                0x20000844        0x4 c:/ac6/systemworkbench/plugins/fr.ac6.mcu.externaltools.arm-none.win32_1.15.0.201708311556/tools/compiler/bin/../lib/gcc/arm-none-eabi/6.3.1/../../../../arm-none-eabi/lib/thumb/v7e-m/fpv4-sp/hard\libc.a(lib_a-mallocr.o)
                0x20000844                __malloc_sbrk_base
 .data.__malloc_trim_threshold
                0x20000848        0x4 c:/ac6/systemworkbench/plugins/fr.ac6.mcu.externaltools.arm-none.win32_1.15.0.201708311556/tools/compiler/bin/../lib/gcc/arm-none-eabi/6.3.1/../../../../arm-none-eabi/lib/thumb/v7e-m/fpv4-sp/hard\libc.a(lib_a-mallocr.o)
                0x20000848                __malloc_trim_threshold
 .data.__global_locale
                0x2000084c      0x16c c:/ac6/systemworkbench/plugins/fr.ac6.mcu.externaltools.arm-none.win32_1.15.0.201708311556/tools/compiler/bin/../lib/gcc/arm-none-eabi/6.3.1/../../../../arm-none-eabi/lib/thumb/v7e-m/fpv4-sp/hard\libc.a(lib_a-locale.o)
                0x2000084c                __global_locale
                0x200009b8                . = ALIGN (0x4)
                0x200009b8                _edata = .

.jcr            0x200009b8        0x0 load address 0x0800853c
 .jcr           0x200009b8        0x0 c:/ac6/systemworkbench/plugins/fr.ac6.mcu.externaltools.arm-none.win32_1.15.0.201708311556/tools/compiler/bin/../lib/gcc/arm-none-eabi/6.3.1/thumb/v7e-m/fpv4-sp/hard/crtbegin.o

.igot.plt       0x200009b8        0x0 load address 0x0800853c
 .igot.plt      0x200009b8        0x0 c:/ac6/systemworkbench/plugins/fr.ac6.mcu.externaltools.arm-none.win32_1.15.0.201708311556/tools/compiler/bin/../lib/gcc/arm-none-eabi/6.3.1/thumb/v7e-m/fpv4-sp/hard/crtbegin.o
                0x200009b8                . = ALIGN (0x4)

.bss            0x200009b8     0x3e04 load address 0x0800853c
                0x200009b8                _sbss = .
                0x200009b8                __bss_start__ = _sbss
 *(.bss)
 .bss           0x200009b8       0x1c c:/ac6/systemworkbench/plugins/fr.ac6.mcu.externaltools.arm-none.win32_1.15.0.201708311556/tools/compiler/bin/../lib/gcc/arm-none-eabi/6.3.1/thumb/v7e-m/fpv4-sp/hard/crtbegin.o
 .bss           0x200009d4        0x8 C:/Users/Kevin/Desktop/Kevin UQ/csse3010/CSSE3010-s4408736/sourcelib/boardlib/Release/libboardlib.a(debug_printf.o)
                0x200009d8                __env
 .bss           0x200009dc        0x8 C:/Users/Kevin/Desktop/Kevin UQ/csse3010/CSSE3010-s4408736/freertoslib/Release/libfreertoslib.a(port.o)
 .bss           0x200009e4      0x12c C:/Users/Kevin/Desktop/Kevin UQ/csse3010/CSSE3010-s4408736/freertoslib/Release/libfreertoslib.a(tasks.o)
                0x200009e8                pxCurrentTCB
 .bss           0x20000b10     0x3c08 C:/Users/Kevin/Desktop/Kevin UQ/csse3010/CSSE3010-s4408736/freertoslib/Release/libfreertoslib.a(heap_1.o)
 *(.bss*)
 .bss.__malloc_current_mallinfo
                0x20004718       0x28 c:/ac6/systemworkbench/plugins/fr.ac6.mcu.externaltools.arm-none.win32_1.15.0.201708311556/tools/compiler/bin/../lib/gcc/arm-none-eabi/6.3.1/../../../../arm-none-eabi/lib/thumb/v7e-m/fpv4-sp/hard\libc.a(lib_a-mallocr.o)
                0x20004718                __malloc_current_mallinfo
 .bss.__malloc_max_sbrked_mem
                0x20004740        0x4 c:/ac6/systemworkbench/plugins/fr.ac6.mcu.externaltools.arm-none.win32_1.15.0.201708311556/tools/compiler/bin/../lib/gcc/arm-none-eabi/6.3.1/../../../../arm-none-eabi/lib/thumb/v7e-m/fpv4-sp/hard\libc.a(lib_a-mallocr.o)
                0x20004740                __malloc_max_sbrked_mem
 .bss.__malloc_max_total_mem
                0x20004744        0x4 c:/ac6/systemworkbench/plugins/fr.ac6.mcu.externaltools.arm-none.win32_1.15.0.201708311556/tools/compiler/bin/../lib/gcc/arm-none-eabi/6.3.1/../../../../arm-none-eabi/lib/thumb/v7e-m/fpv4-sp/hard\libc.a(lib_a-mallocr.o)
                0x20004744                __malloc_max_total_mem
 .bss.__malloc_top_pad
                0x20004748        0x4 c:/ac6/systemworkbench/plugins/fr.ac6.mcu.externaltools.arm-none.win32_1.15.0.201708311556/tools/compiler/bin/../lib/gcc/arm-none-eabi/6.3.1/../../../../arm-none-eabi/lib/thumb/v7e-m/fpv4-sp/hard\libc.a(lib_a-mallocr.o)
                0x20004748                __malloc_top_pad
 *(COMMON)
 COMMON         0x2000474c        0x4 src/main.o
                0x2000474c                LEDSemaphore
 COMMON         0x20004750       0x40 C:/Users/Kevin/Desktop/Kevin UQ/csse3010/CSSE3010-s4408736/sourcelib/boardlib/Release/libboardlib.a(board.o)
                0x20004750                UART_debug
 COMMON         0x20004790        0x4 C:/Users/Kevin/Desktop/Kevin UQ/csse3010/CSSE3010-s4408736/sourcelib/boardlib/Release/libboardlib.a(stm32f4xx_hal.o)
                0x20004790                uwTick
 COMMON         0x20004794       0x21 c:/ac6/systemworkbench/plugins/fr.ac6.mcu.externaltools.arm-none.win32_1.15.0.201708311556/tools/compiler/bin/../lib/gcc/arm-none-eabi/6.3.1/../../../../arm-none-eabi/lib/thumb/v7e-m/fpv4-sp/hard\libc.a(lib_a-lock.o)
                0x20004794                __lock___atexit_recursive_mutex
                0x20004798                __lock___arc4random_mutex
                0x2000479c                __lock___env_recursive_mutex
                0x200047a0                __lock___sinit_recursive_mutex
                0x200047a4                __lock___malloc_recursive_mutex
                0x200047a8                __lock___at_quick_exit_mutex
                0x200047ac                __lock___dd_hash_mutex
                0x200047b0                __lock___tz_mutex
                0x200047b4                __lock___sfp_recursive_mutex
 *fill*         0x200047b5        0x3 
 COMMON         0x200047b8        0x4 c:/ac6/systemworkbench/plugins/fr.ac6.mcu.externaltools.arm-none.win32_1.15.0.201708311556/tools/compiler/bin/../lib/gcc/arm-none-eabi/6.3.1/../../../../arm-none-eabi/lib/thumb/v7e-m/fpv4-sp/hard\libc.a(lib_a-reent.o)
                0x200047b8                errno
                0x200047bc                . = ALIGN (0x4)
                0x200047bc                _ebss = .
                0x200047bc                __bss_end__ = _ebss

._user_heap_stack
                0x200047bc      0x404 load address 0x0800853c
                0x200047c0                . = ALIGN (0x8)
 *fill*         0x200047bc        0x4 
                0x200047c0                PROVIDE (end, .)
                [!provide]                PROVIDE (_end, .)
                0x200047c0                . = (. + _Min_Heap_Size)
                0x20004bc0                . = (. + _Min_Stack_Size)
 *fill*         0x200047c0      0x400 
                0x20004bc0                . = ALIGN (0x8)

/DISCARD/
 libc.a(*)
 libm.a(*)
 libgcc.a(*)

.ARM.attributes
                0x00000000       0x30
 *(.ARM.attributes)
 .ARM.attributes
                0x00000000       0x22 c:/ac6/systemworkbench/plugins/fr.ac6.mcu.externaltools.arm-none.win32_1.15.0.201708311556/tools/compiler/bin/../lib/gcc/arm-none-eabi/6.3.1/thumb/v7e-m/fpv4-sp/hard/crti.o
 .ARM.attributes
                0x00000022       0x34 c:/ac6/systemworkbench/plugins/fr.ac6.mcu.externaltools.arm-none.win32_1.15.0.201708311556/tools/compiler/bin/../lib/gcc/arm-none-eabi/6.3.1/thumb/v7e-m/fpv4-sp/hard/crtbegin.o
 .ARM.attributes
                0x00000056       0x39 src/main.o
 .ARM.attributes
                0x0000008f       0x39 C:/Users/Kevin/Desktop/Kevin UQ/csse3010/CSSE3010-s4408736/sourcelib/boardlib/Release/libboardlib.a(board.o)
 .ARM.attributes
                0x000000c8       0x39 C:/Users/Kevin/Desktop/Kevin UQ/csse3010/CSSE3010-s4408736/sourcelib/boardlib/Release/libboardlib.a(debug_printf.o)
 .ARM.attributes
                0x00000101       0x39 C:/Users/Kevin/Desktop/Kevin UQ/csse3010/CSSE3010-s4408736/sourcelib/boardlib/Release/libboardlib.a(system_stm32f4xx.o)
 .ARM.attributes
                0x0000013a       0x39 C:/Users/Kevin/Desktop/Kevin UQ/csse3010/CSSE3010-s4408736/sourcelib/boardlib/Release/libboardlib.a(stm32f4xx_hal.o)
 .ARM.attributes
                0x00000173       0x39 C:/Users/Kevin/Desktop/Kevin UQ/csse3010/CSSE3010-s4408736/sourcelib/boardlib/Release/libboardlib.a(stm32f4xx_hal_cortex.o)
 .ARM.attributes
                0x000001ac       0x39 C:/Users/Kevin/Desktop/Kevin UQ/csse3010/CSSE3010-s4408736/sourcelib/boardlib/Release/libboardlib.a(stm32f4xx_hal_gpio.o)
 .ARM.attributes
                0x000001e5       0x39 C:/Users/Kevin/Desktop/Kevin UQ/csse3010/CSSE3010-s4408736/sourcelib/boardlib/Release/libboardlib.a(stm32f4xx_hal_uart.o)
 .ARM.attributes
                0x0000021e       0x39 C:/Users/Kevin/Desktop/Kevin UQ/csse3010/CSSE3010-s4408736/sourcelib/boardlib/Release/libboardlib.a(stm32f4xx_hal_rcc.o)
 .ARM.attributes
                0x00000257       0x21 C:\Users\Kevin\AppData\Local\Temp\ccilAvyF.o
 .ARM.attributes
                0x00000278       0x39 C:/Users/Kevin/Desktop/Kevin UQ/csse3010/CSSE3010-s4408736/freertoslib/Release/libfreertoslib.a(port.o)
 .ARM.attributes
                0x000002b1       0x39 C:/Users/Kevin/Desktop/Kevin UQ/csse3010/CSSE3010-s4408736/freertoslib/Release/libfreertoslib.a(queue.o)
 .ARM.attributes
                0x000002ea       0x39 C:/Users/Kevin/Desktop/Kevin UQ/csse3010/CSSE3010-s4408736/freertoslib/Release/libfreertoslib.a(tasks.o)
 .ARM.attributes
                0x00000323       0x39 C:/Users/Kevin/Desktop/Kevin UQ/csse3010/CSSE3010-s4408736/freertoslib/Release/libfreertoslib.a(heap_1.o)
 .ARM.attributes
                0x0000035c       0x39 C:/Users/Kevin/Desktop/Kevin UQ/csse3010/CSSE3010-s4408736/freertoslib/Release/libfreertoslib.a(list.o)
 .ARM.attributes
                0x00000395       0x22 c:/ac6/systemworkbench/plugins/fr.ac6.mcu.externaltools.arm-none.win32_1.15.0.201708311556/tools/compiler/bin/../lib/gcc/arm-none-eabi/6.3.1/thumb/v7e-m/fpv4-sp/hard\libgcc.a(_aeabi_uldivmod.o)
 .ARM.attributes
                0x000003b7       0x34 c:/ac6/systemworkbench/plugins/fr.ac6.mcu.externaltools.arm-none.win32_1.15.0.201708311556/tools/compiler/bin/../lib/gcc/arm-none-eabi/6.3.1/thumb/v7e-m/fpv4-sp/hard\libgcc.a(_udivmoddi4.o)
 .ARM.attributes
                0x000003eb       0x22 c:/ac6/systemworkbench/plugins/fr.ac6.mcu.externaltools.arm-none.win32_1.15.0.201708311556/tools/compiler/bin/../lib/gcc/arm-none-eabi/6.3.1/thumb/v7e-m/fpv4-sp/hard\libgcc.a(_dvmd_tls.o)
 .ARM.attributes
                0x0000040d       0x34 c:/ac6/systemworkbench/plugins/fr.ac6.mcu.externaltools.arm-none.win32_1.15.0.201708311556/tools/compiler/bin/../lib/gcc/arm-none-eabi/6.3.1/../../../../arm-none-eabi/lib/thumb/v7e-m/fpv4-sp/hard\libc.a(lib_a-errno.o)
 .ARM.attributes
                0x00000441       0x34 c:/ac6/systemworkbench/plugins/fr.ac6.mcu.externaltools.arm-none.win32_1.15.0.201708311556/tools/compiler/bin/../lib/gcc/arm-none-eabi/6.3.1/../../../../arm-none-eabi/lib/thumb/v7e-m/fpv4-sp/hard\libc.a(lib_a-impure.o)
 .ARM.attributes
                0x00000475       0x34 c:/ac6/systemworkbench/plugins/fr.ac6.mcu.externaltools.arm-none.win32_1.15.0.201708311556/tools/compiler/bin/../lib/gcc/arm-none-eabi/6.3.1/../../../../arm-none-eabi/lib/thumb/v7e-m/fpv4-sp/hard\libc.a(lib_a-init.o)
 .ARM.attributes
                0x000004a9       0x20 c:/ac6/systemworkbench/plugins/fr.ac6.mcu.externaltools.arm-none.win32_1.15.0.201708311556/tools/compiler/bin/../lib/gcc/arm-none-eabi/6.3.1/../../../../arm-none-eabi/lib/thumb/v7e-m/fpv4-sp/hard\libc.a(lib_a-memcpy.o)
 .ARM.attributes
                0x000004c9       0x34 c:/ac6/systemworkbench/plugins/fr.ac6.mcu.externaltools.arm-none.win32_1.15.0.201708311556/tools/compiler/bin/../lib/gcc/arm-none-eabi/6.3.1/../../../../arm-none-eabi/lib/thumb/v7e-m/fpv4-sp/hard\libc.a(lib_a-memset.o)
 .ARM.attributes
                0x000004fd       0x20 c:/ac6/systemworkbench/plugins/fr.ac6.mcu.externaltools.arm-none.win32_1.15.0.201708311556/tools/compiler/bin/../lib/gcc/arm-none-eabi/6.3.1/../../../../arm-none-eabi/lib/thumb/v7e-m/fpv4-sp/hard\libc.a(lib_a-strlen.o)
 .ARM.attributes
                0x0000051d       0x34 c:/ac6/systemworkbench/plugins/fr.ac6.mcu.externaltools.arm-none.win32_1.15.0.201708311556/tools/compiler/bin/../lib/gcc/arm-none-eabi/6.3.1/../../../../arm-none-eabi/lib/thumb/v7e-m/fpv4-sp/hard\libc.a(lib_a-vprintf.o)
 .ARM.attributes
                0x00000551       0x34 c:/ac6/systemworkbench/plugins/fr.ac6.mcu.externaltools.arm-none.win32_1.15.0.201708311556/tools/compiler/bin/../lib/gcc/arm-none-eabi/6.3.1/../../../../arm-none-eabi/lib/thumb/v7e-m/fpv4-sp/hard\libc.a(lib_a-__call_atexit.o)
 .ARM.attributes
                0x00000585       0x34 c:/ac6/systemworkbench/plugins/fr.ac6.mcu.externaltools.arm-none.win32_1.15.0.201708311556/tools/compiler/bin/../lib/gcc/arm-none-eabi/6.3.1/../../../../arm-none-eabi/lib/thumb/v7e-m/fpv4-sp/hard\libc.a(lib_a-atexit.o)
 .ARM.attributes
                0x000005b9       0x34 c:/ac6/systemworkbench/plugins/fr.ac6.mcu.externaltools.arm-none.win32_1.15.0.201708311556/tools/compiler/bin/../lib/gcc/arm-none-eabi/6.3.1/../../../../arm-none-eabi/lib/thumb/v7e-m/fpv4-sp/hard\libc.a(lib_a-fini.o)
 .ARM.attributes
                0x000005ed       0x34 c:/ac6/systemworkbench/plugins/fr.ac6.mcu.externaltools.arm-none.win32_1.15.0.201708311556/tools/compiler/bin/../lib/gcc/arm-none-eabi/6.3.1/../../../../arm-none-eabi/lib/thumb/v7e-m/fpv4-sp/hard\libc.a(lib_a-lock.o)
 .ARM.attributes
                0x00000621       0x34 c:/ac6/systemworkbench/plugins/fr.ac6.mcu.externaltools.arm-none.win32_1.15.0.201708311556/tools/compiler/bin/../lib/gcc/arm-none-eabi/6.3.1/../../../../arm-none-eabi/lib/thumb/v7e-m/fpv4-sp/hard\libc.a(lib_a-vfprintf.o)
 .ARM.attributes
                0x00000655       0x34 c:/ac6/systemworkbench/plugins/fr.ac6.mcu.externaltools.arm-none.win32_1.15.0.201708311556/tools/compiler/bin/../lib/gcc/arm-none-eabi/6.3.1/../../../../arm-none-eabi/lib/thumb/v7e-m/fpv4-sp/hard\libc.a(lib_a-wsetup.o)
 .ARM.attributes
                0x00000689       0x34 c:/ac6/systemworkbench/plugins/fr.ac6.mcu.externaltools.arm-none.win32_1.15.0.201708311556/tools/compiler/bin/../lib/gcc/arm-none-eabi/6.3.1/../../../../arm-none-eabi/lib/thumb/v7e-m/fpv4-sp/hard\libc.a(lib_a-__atexit.o)
 .ARM.attributes
                0x000006bd       0x34 c:/ac6/systemworkbench/plugins/fr.ac6.mcu.externaltools.arm-none.win32_1.15.0.201708311556/tools/compiler/bin/../lib/gcc/arm-none-eabi/6.3.1/../../../../arm-none-eabi/lib/thumb/v7e-m/fpv4-sp/hard\libc.a(lib_a-dtoa.o)
 .ARM.attributes
                0x000006f1       0x34 c:/ac6/systemworkbench/plugins/fr.ac6.mcu.externaltools.arm-none.win32_1.15.0.201708311556/tools/compiler/bin/../lib/gcc/arm-none-eabi/6.3.1/../../../../arm-none-eabi/lib/thumb/v7e-m/fpv4-sp/hard\libc.a(lib_a-fflush.o)
 .ARM.attributes
                0x00000725       0x34 c:/ac6/systemworkbench/plugins/fr.ac6.mcu.externaltools.arm-none.win32_1.15.0.201708311556/tools/compiler/bin/../lib/gcc/arm-none-eabi/6.3.1/../../../../arm-none-eabi/lib/thumb/v7e-m/fpv4-sp/hard\libc.a(lib_a-findfp.o)
 .ARM.attributes
                0x00000759       0x34 c:/ac6/systemworkbench/plugins/fr.ac6.mcu.externaltools.arm-none.win32_1.15.0.201708311556/tools/compiler/bin/../lib/gcc/arm-none-eabi/6.3.1/../../../../arm-none-eabi/lib/thumb/v7e-m/fpv4-sp/hard\libc.a(lib_a-freer.o)
 .ARM.attributes
                0x0000078d       0x34 c:/ac6/systemworkbench/plugins/fr.ac6.mcu.externaltools.arm-none.win32_1.15.0.201708311556/tools/compiler/bin/../lib/gcc/arm-none-eabi/6.3.1/../../../../arm-none-eabi/lib/thumb/v7e-m/fpv4-sp/hard\libc.a(lib_a-fwalk.o)
 .ARM.attributes
                0x000007c1       0x34 c:/ac6/systemworkbench/plugins/fr.ac6.mcu.externaltools.arm-none.win32_1.15.0.201708311556/tools/compiler/bin/../lib/gcc/arm-none-eabi/6.3.1/../../../../arm-none-eabi/lib/thumb/v7e-m/fpv4-sp/hard\libc.a(lib_a-localeconv.o)
 .ARM.attributes
                0x000007f5       0x34 c:/ac6/systemworkbench/plugins/fr.ac6.mcu.externaltools.arm-none.win32_1.15.0.201708311556/tools/compiler/bin/../lib/gcc/arm-none-eabi/6.3.1/../../../../arm-none-eabi/lib/thumb/v7e-m/fpv4-sp/hard\libc.a(lib_a-makebuf.o)
 .ARM.attributes
                0x00000829       0x34 c:/ac6/systemworkbench/plugins/fr.ac6.mcu.externaltools.arm-none.win32_1.15.0.201708311556/tools/compiler/bin/../lib/gcc/arm-none-eabi/6.3.1/../../../../arm-none-eabi/lib/thumb/v7e-m/fpv4-sp/hard\libc.a(lib_a-mallocr.o)
 .ARM.attributes
                0x0000085d       0x20 c:/ac6/systemworkbench/plugins/fr.ac6.mcu.externaltools.arm-none.win32_1.15.0.201708311556/tools/compiler/bin/../lib/gcc/arm-none-eabi/6.3.1/../../../../arm-none-eabi/lib/thumb/v7e-m/fpv4-sp/hard\libc.a(lib_a-memchr.o)
 .ARM.attributes
                0x0000087d       0x34 c:/ac6/systemworkbench/plugins/fr.ac6.mcu.externaltools.arm-none.win32_1.15.0.201708311556/tools/compiler/bin/../lib/gcc/arm-none-eabi/6.3.1/../../../../arm-none-eabi/lib/thumb/v7e-m/fpv4-sp/hard\libc.a(lib_a-mlock.o)
 .ARM.attributes
                0x000008b1       0x34 c:/ac6/systemworkbench/plugins/fr.ac6.mcu.externaltools.arm-none.win32_1.15.0.201708311556/tools/compiler/bin/../lib/gcc/arm-none-eabi/6.3.1/../../../../arm-none-eabi/lib/thumb/v7e-m/fpv4-sp/hard\libc.a(lib_a-mprec.o)
 .ARM.attributes
                0x000008e5       0x34 c:/ac6/systemworkbench/plugins/fr.ac6.mcu.externaltools.arm-none.win32_1.15.0.201708311556/tools/compiler/bin/../lib/gcc/arm-none-eabi/6.3.1/../../../../arm-none-eabi/lib/thumb/v7e-m/fpv4-sp/hard\libc.a(lib_a-sbrkr.o)
 .ARM.attributes
                0x00000919       0x34 c:/ac6/systemworkbench/plugins/fr.ac6.mcu.externaltools.arm-none.win32_1.15.0.201708311556/tools/compiler/bin/../lib/gcc/arm-none-eabi/6.3.1/../../../../arm-none-eabi/lib/thumb/v7e-m/fpv4-sp/hard\libc.a(lib_a-stdio.o)
 .ARM.attributes
                0x0000094d       0x34 c:/ac6/systemworkbench/plugins/fr.ac6.mcu.externaltools.arm-none.win32_1.15.0.201708311556/tools/compiler/bin/../lib/gcc/arm-none-eabi/6.3.1/../../../../arm-none-eabi/lib/thumb/v7e-m/fpv4-sp/hard\libc.a(lib_a-vfiprintf.o)
 .ARM.attributes
                0x00000981       0x34 c:/ac6/systemworkbench/plugins/fr.ac6.mcu.externaltools.arm-none.win32_1.15.0.201708311556/tools/compiler/bin/../lib/gcc/arm-none-eabi/6.3.1/../../../../arm-none-eabi/lib/thumb/v7e-m/fpv4-sp/hard\libc.a(lib_a-writer.o)
 .ARM.attributes
                0x000009b5       0x34 c:/ac6/systemworkbench/plugins/fr.ac6.mcu.externaltools.arm-none.win32_1.15.0.201708311556/tools/compiler/bin/../lib/gcc/arm-none-eabi/6.3.1/../../../../arm-none-eabi/lib/thumb/v7e-m/fpv4-sp/hard\libc.a(lib_a-callocr.o)
 .ARM.attributes
                0x000009e9       0x34 c:/ac6/systemworkbench/plugins/fr.ac6.mcu.externaltools.arm-none.win32_1.15.0.201708311556/tools/compiler/bin/../lib/gcc/arm-none-eabi/6.3.1/../../../../arm-none-eabi/lib/thumb/v7e-m/fpv4-sp/hard\libc.a(lib_a-closer.o)
 .ARM.attributes
                0x00000a1d       0x34 c:/ac6/systemworkbench/plugins/fr.ac6.mcu.externaltools.arm-none.win32_1.15.0.201708311556/tools/compiler/bin/../lib/gcc/arm-none-eabi/6.3.1/../../../../arm-none-eabi/lib/thumb/v7e-m/fpv4-sp/hard\libc.a(lib_a-fclose.o)
 .ARM.attributes
                0x00000a51       0x34 c:/ac6/systemworkbench/plugins/fr.ac6.mcu.externaltools.arm-none.win32_1.15.0.201708311556/tools/compiler/bin/../lib/gcc/arm-none-eabi/6.3.1/../../../../arm-none-eabi/lib/thumb/v7e-m/fpv4-sp/hard\libc.a(lib_a-fputwc.o)
 .ARM.attributes
                0x00000a85       0x34 c:/ac6/systemworkbench/plugins/fr.ac6.mcu.externaltools.arm-none.win32_1.15.0.201708311556/tools/compiler/bin/../lib/gcc/arm-none-eabi/6.3.1/../../../../arm-none-eabi/lib/thumb/v7e-m/fpv4-sp/hard\libc.a(lib_a-fstatr.o)
 .ARM.attributes
                0x00000ab9       0x34 c:/ac6/systemworkbench/plugins/fr.ac6.mcu.externaltools.arm-none.win32_1.15.0.201708311556/tools/compiler/bin/../lib/gcc/arm-none-eabi/6.3.1/../../../../arm-none-eabi/lib/thumb/v7e-m/fpv4-sp/hard\libc.a(lib_a-fvwrite.o)
 .ARM.attributes
                0x00000aed       0x34 c:/ac6/systemworkbench/plugins/fr.ac6.mcu.externaltools.arm-none.win32_1.15.0.201708311556/tools/compiler/bin/../lib/gcc/arm-none-eabi/6.3.1/../../../../arm-none-eabi/lib/thumb/v7e-m/fpv4-sp/hard\libc.a(lib_a-isattyr.o)
 .ARM.attributes
                0x00000b21       0x34 c:/ac6/systemworkbench/plugins/fr.ac6.mcu.externaltools.arm-none.win32_1.15.0.201708311556/tools/compiler/bin/../lib/gcc/arm-none-eabi/6.3.1/../../../../arm-none-eabi/lib/thumb/v7e-m/fpv4-sp/hard\libc.a(lib_a-locale.o)
 .ARM.attributes
                0x00000b55       0x34 c:/ac6/systemworkbench/plugins/fr.ac6.mcu.externaltools.arm-none.win32_1.15.0.201708311556/tools/compiler/bin/../lib/gcc/arm-none-eabi/6.3.1/../../../../arm-none-eabi/lib/thumb/v7e-m/fpv4-sp/hard\libc.a(lib_a-lseekr.o)
 .ARM.attributes
                0x00000b89       0x34 c:/ac6/systemworkbench/plugins/fr.ac6.mcu.externaltools.arm-none.win32_1.15.0.201708311556/tools/compiler/bin/../lib/gcc/arm-none-eabi/6.3.1/../../../../arm-none-eabi/lib/thumb/v7e-m/fpv4-sp/hard\libc.a(lib_a-mbtowc_r.o)
 .ARM.attributes
                0x00000bbd       0x34 c:/ac6/systemworkbench/plugins/fr.ac6.mcu.externaltools.arm-none.win32_1.15.0.201708311556/tools/compiler/bin/../lib/gcc/arm-none-eabi/6.3.1/../../../../arm-none-eabi/lib/thumb/v7e-m/fpv4-sp/hard\libc.a(lib_a-memmove.o)
 .ARM.attributes
                0x00000bf1       0x34 c:/ac6/systemworkbench/plugins/fr.ac6.mcu.externaltools.arm-none.win32_1.15.0.201708311556/tools/compiler/bin/../lib/gcc/arm-none-eabi/6.3.1/../../../../arm-none-eabi/lib/thumb/v7e-m/fpv4-sp/hard\libc.a(lib_a-readr.o)
 .ARM.attributes
                0x00000c25       0x34 c:/ac6/systemworkbench/plugins/fr.ac6.mcu.externaltools.arm-none.win32_1.15.0.201708311556/tools/compiler/bin/../lib/gcc/arm-none-eabi/6.3.1/../../../../arm-none-eabi/lib/thumb/v7e-m/fpv4-sp/hard\libc.a(lib_a-reallocr.o)
 .ARM.attributes
                0x00000c59       0x34 c:/ac6/systemworkbench/plugins/fr.ac6.mcu.externaltools.arm-none.win32_1.15.0.201708311556/tools/compiler/bin/../lib/gcc/arm-none-eabi/6.3.1/../../../../arm-none-eabi/lib/thumb/v7e-m/fpv4-sp/hard\libc.a(lib_a-reent.o)
 .ARM.attributes
                0x00000c8d       0x34 c:/ac6/systemworkbench/plugins/fr.ac6.mcu.externaltools.arm-none.win32_1.15.0.201708311556/tools/compiler/bin/../lib/gcc/arm-none-eabi/6.3.1/../../../../arm-none-eabi/lib/thumb/v7e-m/fpv4-sp/hard\libc.a(lib_a-wbuf.o)
 .ARM.attributes
                0x00000cc1       0x34 c:/ac6/systemworkbench/plugins/fr.ac6.mcu.externaltools.arm-none.win32_1.15.0.201708311556/tools/compiler/bin/../lib/gcc/arm-none-eabi/6.3.1/../../../../arm-none-eabi/lib/thumb/v7e-m/fpv4-sp/hard\libc.a(lib_a-wcrtomb.o)
 .ARM.attributes
                0x00000cf5       0x34 c:/ac6/systemworkbench/plugins/fr.ac6.mcu.externaltools.arm-none.win32_1.15.0.201708311556/tools/compiler/bin/../lib/gcc/arm-none-eabi/6.3.1/../../../../arm-none-eabi/lib/thumb/v7e-m/fpv4-sp/hard\libc.a(lib_a-wctomb_r.o)
 .ARM.attributes
                0x00000d29       0x34 c:/ac6/systemworkbench/plugins/fr.ac6.mcu.externaltools.arm-none.win32_1.15.0.201708311556/tools/compiler/bin/../lib/gcc/arm-none-eabi/6.3.1/../../../../arm-none-eabi/lib/thumb/v7e-m/fpv4-sp/hard\libc.a(lib_a-ctype_.o)
 .ARM.attributes
                0x00000d5d       0x22 c:/ac6/systemworkbench/plugins/fr.ac6.mcu.externaltools.arm-none.win32_1.15.0.201708311556/tools/compiler/bin/../lib/gcc/arm-none-eabi/6.3.1/thumb/v7e-m/fpv4-sp/hard\libgcc.a(_arm_addsubdf3.o)
 .ARM.attributes
                0x00000d7f       0x22 c:/ac6/systemworkbench/plugins/fr.ac6.mcu.externaltools.arm-none.win32_1.15.0.201708311556/tools/compiler/bin/../lib/gcc/arm-none-eabi/6.3.1/thumb/v7e-m/fpv4-sp/hard\libgcc.a(_arm_muldivdf3.o)
 .ARM.attributes
                0x00000da1       0x22 c:/ac6/systemworkbench/plugins/fr.ac6.mcu.externaltools.arm-none.win32_1.15.0.201708311556/tools/compiler/bin/../lib/gcc/arm-none-eabi/6.3.1/thumb/v7e-m/fpv4-sp/hard\libgcc.a(_arm_cmpdf2.o)
 .ARM.attributes
                0x00000dc3       0x22 c:/ac6/systemworkbench/plugins/fr.ac6.mcu.externaltools.arm-none.win32_1.15.0.201708311556/tools/compiler/bin/../lib/gcc/arm-none-eabi/6.3.1/thumb/v7e-m/fpv4-sp/hard\libgcc.a(_arm_unorddf2.o)
 .ARM.attributes
                0x00000de5       0x22 c:/ac6/systemworkbench/plugins/fr.ac6.mcu.externaltools.arm-none.win32_1.15.0.201708311556/tools/compiler/bin/../lib/gcc/arm-none-eabi/6.3.1/thumb/v7e-m/fpv4-sp/hard\libgcc.a(_arm_fixdfsi.o)
 .ARM.attributes
                0x00000e07       0x22 c:/ac6/systemworkbench/plugins/fr.ac6.mcu.externaltools.arm-none.win32_1.15.0.201708311556/tools/compiler/bin/../lib/gcc/arm-none-eabi/6.3.1/thumb/v7e-m/fpv4-sp/hard/crtn.o
OUTPUT(exercise5.elf elf32-littlearm)

.comment        0x00000000       0x7f
 .comment       0x00000000       0x7f src/main.o
                                 0x80 (size before relaxing)
 .comment       0x0000007f       0x80 C:/Users/Kevin/Desktop/Kevin UQ/csse3010/CSSE3010-s4408736/sourcelib/boardlib/Release/libboardlib.a(board.o)
 .comment       0x0000007f       0x80 C:/Users/Kevin/Desktop/Kevin UQ/csse3010/CSSE3010-s4408736/sourcelib/boardlib/Release/libboardlib.a(debug_printf.o)
 .comment       0x0000007f       0x80 C:/Users/Kevin/Desktop/Kevin UQ/csse3010/CSSE3010-s4408736/sourcelib/boardlib/Release/libboardlib.a(system_stm32f4xx.o)
 .comment       0x0000007f       0x80 C:/Users/Kevin/Desktop/Kevin UQ/csse3010/CSSE3010-s4408736/sourcelib/boardlib/Release/libboardlib.a(stm32f4xx_hal.o)
 .comment       0x0000007f       0x80 C:/Users/Kevin/Desktop/Kevin UQ/csse3010/CSSE3010-s4408736/sourcelib/boardlib/Release/libboardlib.a(stm32f4xx_hal_cortex.o)
 .comment       0x0000007f       0x80 C:/Users/Kevin/Desktop/Kevin UQ/csse3010/CSSE3010-s4408736/sourcelib/boardlib/Release/libboardlib.a(stm32f4xx_hal_gpio.o)
 .comment       0x0000007f       0x80 C:/Users/Kevin/Desktop/Kevin UQ/csse3010/CSSE3010-s4408736/sourcelib/boardlib/Release/libboardlib.a(stm32f4xx_hal_uart.o)
 .comment       0x0000007f       0x80 C:/Users/Kevin/Desktop/Kevin UQ/csse3010/CSSE3010-s4408736/sourcelib/boardlib/Release/libboardlib.a(stm32f4xx_hal_rcc.o)
 .comment       0x0000007f       0x80 C:/Users/Kevin/Desktop/Kevin UQ/csse3010/CSSE3010-s4408736/freertoslib/Release/libfreertoslib.a(port.o)
 .comment       0x0000007f       0x80 C:/Users/Kevin/Desktop/Kevin UQ/csse3010/CSSE3010-s4408736/freertoslib/Release/libfreertoslib.a(queue.o)
 .comment       0x0000007f       0x80 C:/Users/Kevin/Desktop/Kevin UQ/csse3010/CSSE3010-s4408736/freertoslib/Release/libfreertoslib.a(tasks.o)
 .comment       0x0000007f       0x80 C:/Users/Kevin/Desktop/Kevin UQ/csse3010/CSSE3010-s4408736/freertoslib/Release/libfreertoslib.a(heap_1.o)
 .comment       0x0000007f       0x80 C:/Users/Kevin/Desktop/Kevin UQ/csse3010/CSSE3010-s4408736/freertoslib/Release/libfreertoslib.a(list.o)

.debug_frame    0x00000000     0x1268
 .debug_frame   0x00000000       0x2c c:/ac6/systemworkbench/plugins/fr.ac6.mcu.externaltools.arm-none.win32_1.15.0.201708311556/tools/compiler/bin/../lib/gcc/arm-none-eabi/6.3.1/thumb/v7e-m/fpv4-sp/hard\libgcc.a(_aeabi_uldivmod.o)
 .debug_frame   0x0000002c       0x34 c:/ac6/systemworkbench/plugins/fr.ac6.mcu.externaltools.arm-none.win32_1.15.0.201708311556/tools/compiler/bin/../lib/gcc/arm-none-eabi/6.3.1/thumb/v7e-m/fpv4-sp/hard\libgcc.a(_udivmoddi4.o)
 .debug_frame   0x00000060       0x20 c:/ac6/systemworkbench/plugins/fr.ac6.mcu.externaltools.arm-none.win32_1.15.0.201708311556/tools/compiler/bin/../lib/gcc/arm-none-eabi/6.3.1/../../../../arm-none-eabi/lib/thumb/v7e-m/fpv4-sp/hard\libc.a(lib_a-errno.o)
 .debug_frame   0x00000080       0x2c c:/ac6/systemworkbench/plugins/fr.ac6.mcu.externaltools.arm-none.win32_1.15.0.201708311556/tools/compiler/bin/../lib/gcc/arm-none-eabi/6.3.1/../../../../arm-none-eabi/lib/thumb/v7e-m/fpv4-sp/hard\libc.a(lib_a-init.o)