Archive member included to satisfy reference by file (symbol)

C:/Users/Kevin/Desktop/Kevin UQ/csse3010/CSSE3010-s4408736/sourcelib/boardlib/Release/libboardlib.a(board.o)
                              src/main.o (BRD_init)
C:/Users/Kevin/Desktop/Kevin UQ/csse3010/CSSE3010-s4408736/sourcelib/boardlib/Release/libboardlib.a(debug_printf.o)
                              src/main.o (debug_getc)
C:/Users/Kevin/Desktop/Kevin UQ/csse3010/CSSE3010-s4408736/sourcelib/boardlib/Release/libboardlib.a(system_stm32f4xx.o)
                              src/main.o (SystemCoreClock)
C:/Users/Kevin/Desktop/Kevin UQ/csse3010/CSSE3010-s4408736/sourcelib/boardlib/Release/libboardlib.a(stm32f4xx_hal.o)
                              C:/Users/Kevin/Desktop/Kevin UQ/csse3010/CSSE3010-s4408736/sourcelib/boardlib/Release/libboardlib.a(board.o) (HAL_Init)
C:/Users/Kevin/Desktop/Kevin UQ/csse3010/CSSE3010-s4408736/sourcelib/boardlib/Release/libboardlib.a(stm32f4xx_hal_cortex.o)
                              C:/Users/Kevin/Desktop/Kevin UQ/csse3010/CSSE3010-s4408736/sourcelib/boardlib/Release/libboardlib.a(stm32f4xx_hal.o) (HAL_NVIC_SetPriorityGrouping)
C:/Users/Kevin/Desktop/Kevin UQ/csse3010/CSSE3010-s4408736/sourcelib/boardlib/Release/libboardlib.a(stm32f4xx_hal_gpio.o)
                              C:/Users/Kevin/Desktop/Kevin UQ/csse3010/CSSE3010-s4408736/sourcelib/boardlib/Release/libboardlib.a(board.o) (HAL_GPIO_Init)
C:/Users/Kevin/Desktop/Kevin UQ/csse3010/CSSE3010-s4408736/sourcelib/boardlib/Release/libboardlib.a(stm32f4xx_hal_tim.o)
                              src/main.o (HAL_TIM_Base_Init)
C:/Users/Kevin/Desktop/Kevin UQ/csse3010/CSSE3010-s4408736/sourcelib/boardlib/Release/libboardlib.a(stm32f4xx_hal_tim_ex.o)
                              C:/Users/Kevin/Desktop/Kevin UQ/csse3010/CSSE3010-s4408736/sourcelib/boardlib/Release/libboardlib.a(stm32f4xx_hal_tim.o) (TIMEx_DMACommutationCplt)
C:/Users/Kevin/Desktop/Kevin UQ/csse3010/CSSE3010-s4408736/sourcelib/boardlib/Release/libboardlib.a(stm32f4xx_hal_uart.o)
                              C:/Users/Kevin/Desktop/Kevin UQ/csse3010/CSSE3010-s4408736/sourcelib/boardlib/Release/libboardlib.a(board.o) (HAL_UART_Init)
C:/Users/Kevin/Desktop/Kevin UQ/csse3010/CSSE3010-s4408736/sourcelib/boardlib/Release/libboardlib.a(stm32f4xx_hal_dma.o)
                              C:/Users/Kevin/Desktop/Kevin UQ/csse3010/CSSE3010-s4408736/sourcelib/boardlib/Release/libboardlib.a(stm32f4xx_hal_tim.o) (HAL_DMA_Start_IT)
C:/Users/Kevin/Desktop/Kevin UQ/csse3010/CSSE3010-s4408736/sourcelib/boardlib/Release/libboardlib.a(stm32f4xx_hal_rcc.o)
                              C:/Users/Kevin/Desktop/Kevin UQ/csse3010/CSSE3010-s4408736/sourcelib/boardlib/Release/libboardlib.a(stm32f4xx_hal_uart.o) (HAL_RCC_GetPCLK1Freq)
C:/Users/Kevin/Desktop/Kevin UQ/csse3010/CSSE3010-s4408736/repo/mylib/Debug/libmylib.a(s4408736_hal_ledbar.o)
                              src/main.o (s4408736_hal_ledbar_init)
C:/Users/Kevin/Desktop/Kevin UQ/csse3010/CSSE3010-s4408736/repo/mylib/Debug/libmylib.a(s4408736_hal_pantilt.o)
                              src/main.o (s4408736_hal_pantilt_init)
c:/ac6/systemworkbench/plugins/fr.ac6.mcu.externaltools.arm-none.win32_1.15.0.201708311556/tools/compiler/bin/../lib/gcc/arm-none-eabi/6.3.1/../../../../arm-none-eabi/lib/thumb/v7e-m/fpv4-sp/hard\libm.a(lib_a-s_round.o)
                              C:/Users/Kevin/Desktop/Kevin UQ/csse3010/CSSE3010-s4408736/repo/mylib/Debug/libmylib.a(s4408736_hal_pantilt.o) (round)
c:/ac6/systemworkbench/plugins/fr.ac6.mcu.externaltools.arm-none.win32_1.15.0.201708311556/tools/compiler/bin/../lib/gcc/arm-none-eabi/6.3.1/thumb/v7e-m/fpv4-sp/hard\libgcc.a(_arm_addsubdf3.o)
                              C:/Users/Kevin/Desktop/Kevin UQ/csse3010/CSSE3010-s4408736/repo/mylib/Debug/libmylib.a(s4408736_hal_pantilt.o) (__aeabi_dadd)
c:/ac6/systemworkbench/plugins/fr.ac6.mcu.externaltools.arm-none.win32_1.15.0.201708311556/tools/compiler/bin/../lib/gcc/arm-none-eabi/6.3.1/thumb/v7e-m/fpv4-sp/hard\libgcc.a(_arm_muldivdf3.o)
                              C:/Users/Kevin/Desktop/Kevin UQ/csse3010/CSSE3010-s4408736/repo/mylib/Debug/libmylib.a(s4408736_hal_pantilt.o) (__aeabi_dmul)
c:/ac6/systemworkbench/plugins/fr.ac6.mcu.externaltools.arm-none.win32_1.15.0.201708311556/tools/compiler/bin/../lib/gcc/arm-none-eabi/6.3.1/thumb/v7e-m/fpv4-sp/hard\libgcc.a(_arm_fixdfsi.o)
                              C:/Users/Kevin/Desktop/Kevin UQ/csse3010/CSSE3010-s4408736/repo/mylib/Debug/libmylib.a(s4408736_hal_pantilt.o) (__aeabi_d2iz)
c:/ac6/systemworkbench/plugins/fr.ac6.mcu.externaltools.arm-none.win32_1.15.0.201708311556/tools/compiler/bin/../lib/gcc/arm-none-eabi/6.3.1/thumb/v7e-m/fpv4-sp/hard\libgcc.a(_arm_fixunsdfsi.o)
                              C:/Users/Kevin/Desktop/Kevin UQ/csse3010/CSSE3010-s4408736/repo/mylib/Debug/libmylib.a(s4408736_hal_pantilt.o) (__aeabi_d2uiz)
[...]
Memory Configuration

Name             Origin             Length             Attributes
RAM              0x20000000         0x00030000         xrw
ROM              0x08000000         0x00200000         xr
*default*        0x00000000         0xffffffff

Linker script and memory map

LOAD c:/ac6/systemworkbench/plugins/fr.ac6.mcu.externaltools.arm-none.win32_1.15.0.201708311556/tools/compiler/bin/../lib/gcc/arm-none-eabi/6.3.1/thumb/v7e-m/fpv4-sp/hard/crti.o
LOAD c:/ac6/systemworkbench/plugins/fr.ac6.mcu.externaltools.arm-none.win32_1.15.0.201708311556/tools/compiler/bin/../lib/gcc/arm-none-eabi/6.3.1/thumb/v7e-m/fpv4-sp/hard/crtbegin.o
LOAD c:/ac6/systemworkbench/plugins/fr.ac6.mcu.externaltools.arm-none.win32_1.15.0.201708311556/tools/compiler/bin/../lib/gcc/arm-none-eabi/6.3.1/../../../../arm-none-eabi/lib/thumb/v7e-m/fpv4-sp/hard/crt0.o
LOAD src/main.o
LOAD C:/Users/Kevin/Desktop/Kevin UQ/csse3010/CSSE3010-s4408736/sourcelib/boardlib/Release/libboardlib.a
LOAD C:/Users/Kevin/Desktop/Kevin UQ/csse3010/CSSE3010-s4408736/repo/mylib/Debug/libmylib.a
LOAD C:\Users\Kevin\AppData\Local\Temp\ccgoJ52Q.o
LOAD C:/Users/Kevin/Desktop/Kevin UQ/csse3010/CSSE3010-s4408736/sourcelib/boardlib/Release/libboardlib.a
LOAD c:/ac6/systemworkbench/plugins/fr.ac6.mcu.externaltools.arm-none.win32_1.15.0.201708311556/tools/compiler/bin/../lib/gcc/arm-none-eabi/6.3.1/../../../../arm-none-eabi/lib/thumb/v7e-m/fpv4-sp/hard\libm.a
START GROUP
LOAD c:/ac6/systemworkbench/plugins/fr.ac6.mcu.externaltools.arm-none.win32_1.15.0.201708311556/tools/compiler/bin/../lib/gcc/arm-none-eabi/6.3.1/thumb/v7e-m/fpv4-sp/hard\libgcc.a
LOAD c:/ac6/systemworkbench/plugins/fr.ac6.mcu.externaltools.arm-none.win32_1.15.0.201708311556/tools/compiler/bin/../lib/gcc/arm-none-eabi/6.3.1/../../../../arm-none-eabi/lib/thumb/v7e-m/fpv4-sp/hard\libc.a
END GROUP
LOAD c:/ac6/systemworkbench/plugins/fr.ac6.mcu.externaltools.arm-none.win32_1.15.0.201708311556/tools/compiler/bin/../lib/gcc/arm-none-eabi/6.3.1/thumb/v7e-m/fpv4-sp/hard/crtend.o
LOAD c:/ac6/systemworkbench/plugins/fr.ac6.mcu.externaltools.arm-none.win32_1.15.0.201708311556/tools/compiler/bin/../lib/gcc/arm-none-eabi/6.3.1/thumb/v7e-m/fpv4-sp/hard/crtn.o
                0x20030000                _estack = 0x20030000
                0x00000000                _Min_Heap_Size = 0x0
                0x00000400                _Min_Stack_Size = 0x400

.isr_vector     0x08000000      0x1ac
                0x08000000                . = ALIGN (0x4)
 *(.isr_vector)
 .isr_vector    0x08000000      0x1ac C:\Users\Kevin\AppData\Local\Temp\ccgoJ52Q.o
                0x08000000                g_pfnVectors
                0x080001ac                . = ALIGN (0x4)

.text           0x080001c0     0x7410
                0x080001c0                . = ALIGN (0x4)
 *(.text)
 .text          0x080001c0       0x6c c:/ac6/systemworkbench/plugins/fr.ac6.mcu.externaltools.arm-none.win32_1.15.0.201708311556/tools/compiler/bin/../lib/gcc/arm-none-eabi/6.3.1/thumb/v7e-m/fpv4-sp/hard/crtbegin.o
 .text          0x0800022c      0x370 c:/ac6/systemworkbench/plugins/fr.ac6.mcu.externaltools.arm-none.win32_1.15.0.201708311556/tools/compiler/bin/../lib/gcc/arm-none-eabi/6.3.1/thumb/v7e-m/fpv4-sp/hard\libgcc.a(_arm_addsubdf3.o)
                0x0800022c                __aeabi_drsub
                0x08000234                __aeabi_dsub
                0x08000234                __subdf3
                0x08000238                __aeabi_dadd
                0x08000238                __adddf3
                0x080004b0                __floatunsidf
                0x080004b0                __aeabi_ui2d
                0x080004d0                __floatsidf
                0x080004d0                __aeabi_i2d
                0x080004f4                __aeabi_f2d
                0x080004f4                __extendsfdf2
                0x08000530                __floatundidf
                0x08000530                __aeabi_ul2d
                0x08000540                __floatdidf
                0x08000540                __aeabi_l2d
 .text          0x0800059c      0x424 c:/ac6/systemworkbench/plugins/fr.ac6.mcu.externaltools.arm-none.win32_1.15.0.201708311556/tools/compiler/bin/../lib/gcc/arm-none-eabi/6.3.1/thumb/v7e-m/fpv4-sp/hard\libgcc.a(_arm_muldivdf3.o)
                0x0800059c                __aeabi_dmul
                0x0800059c                __muldf3
                0x080007f0                __divdf3
                0x080007f0                __aeabi_ddiv
 .text          0x080009c0       0x50 c:/ac6/systemworkbench/plugins/fr.ac6.mcu.externaltools.arm-none.win32_1.15.0.201708311556/tools/compiler/bin/../lib/gcc/arm-none-eabi/6.3.1/thumb/v7e-m/fpv4-sp/hard\libgcc.a(_arm_fixdfsi.o)
                0x080009c0                __aeabi_d2iz
                0x080009c0                __fixdfsi
 .text          0x08000a10       0x40 c:/ac6/systemworkbench/plugins/fr.ac6.mcu.externaltools.arm-none.win32_1.15.0.201708311556/tools/compiler/bin/../lib/gcc/arm-none-eabi/6.3.1/thumb/v7e-m/fpv4-sp/hard\libgcc.a(_arm_fixunsdfsi.o)
                0x08000a10                __aeabi_d2uiz
                0x08000a10                __fixunsdfsi
 .text          0x08000a50       0x30 c:/ac6/systemworkbench/plugins/fr.ac6.mcu.externaltools.arm-none.win32_1.15.0.201708311556/tools/compiler/bin/../lib/gcc/arm-none-eabi/6.3.1/thumb/v7e-m/fpv4-sp/hard\libgcc.a(_aeabi_uldivmod.o)
                0x08000a50                __aeabi_uldivmod
 .text          0x08000a80      0x2dc c:/ac6/systemworkbench/plugins/fr.ac6.mcu.externaltools.arm-none.win32_1.15.0.201708311556/tools/compiler/bin/../lib/gcc/arm-none-eabi/6.3.1/thumb/v7e-m/fpv4-sp/hard\libgcc.a(_udivmoddi4.o)
                0x08000a80                __udivmoddi4
 .text          0x08000d5c        0x4 c:/ac6/systemworkbench/plugins/fr.ac6.mcu.externaltools.arm-none.win32_1.15.0.201708311556/tools/compiler/bin/../lib/gcc/arm-none-eabi/6.3.1/thumb/v7e-m/fpv4-sp/hard\libgcc.a(_dvmd_tls.o)
                0x08000d5c                __aeabi_idiv0
                0x08000d5c                __aeabi_ldiv0
 *fill*         0x08000d60       0x20 
 .text          0x08000d80       0xdc c:/ac6/systemworkbench/plugins/fr.ac6.mcu.externaltools.arm-none.win32_1.15.0.201708311556/tools/compiler/bin/../lib/gcc/arm-none-eabi/6.3.1/../../../../arm-none-eabi/lib/thumb/v7e-m/fpv4-sp/hard\libc.a(lib_a-strlen.o)
                0x08000d80                strlen
 *fill*         0x08000e5c        0x4 
 .text          0x08000e60       0xa0 c:/ac6/systemworkbench/plugins/fr.ac6.mcu.externaltools.arm-none.win32_1.15.0.201708311556/tools/compiler/bin/../lib/gcc/arm-none-eabi/6.3.1/../../../../arm-none-eabi/lib/thumb/v7e-m/fpv4-sp/hard\libc.a(lib_a-memchr.o)
                0x08000e60                memchr
 .text          0x08000f00      0x134 c:/ac6/systemworkbench/plugins/fr.ac6.mcu.externaltools.arm-none.win32_1.15.0.201708311556/tools/compiler/bin/../lib/gcc/arm-none-eabi/6.3.1/../../../../arm-none-eabi/lib/thumb/v7e-m/fpv4-sp/hard\libc.a(lib_a-memcpy.o)
                0x08000f00                memcpy
 .text          0x08001034      0x110 c:/ac6/systemworkbench/plugins/fr.ac6.mcu.externaltools.arm-none.win32_1.15.0.201708311556/tools/compiler/bin/../lib/gcc/arm-none-eabi/6.3.1/thumb/v7e-m/fpv4-sp/hard\libgcc.a(_arm_cmpdf2.o)
                0x08001034                __gtdf2
                0x08001034                __gedf2
                0x0800103c                __ltdf2
                0x0800103c                __ledf2
                0x08001044                __nedf2
                0x08001044                __eqdf2
                0x08001044                __cmpdf2
                0x080010c0                __aeabi_cdrcmple
                0x080010d0                __aeabi_cdcmpeq
                0x080010d0                __aeabi_cdcmple
                0x080010e0                __aeabi_dcmpeq
                0x080010f4                __aeabi_dcmplt
                0x08001108                __aeabi_dcmple
                0x0800111c                __aeabi_dcmpge
                0x08001130                __aeabi_dcmpgt
 .text          0x08001144       0x2c c:/ac6/systemworkbench/plugins/fr.ac6.mcu.externaltools.arm-none.win32_1.15.0.201708311556/tools/compiler/bin/../lib/gcc/arm-none-eabi/6.3.1/thumb/v7e-m/fpv4-sp/hard\libgcc.a(_arm_unorddf2.o)
                0x08001144                __unorddf2
                0x08001144                __aeabi_dcmpun
 *(.text*)
 .text.SysTick_Handler
                0x08001170       0x10 src/main.o
                0x08001170                SysTick_Handler
 .text.Hardware_init
                0x08001180       0x74 src/main.o
                0x08001180                Hardware_init
 .text.startup.main
                0x080011f4      0x114 src/main.o
                0x080011f4                main
 .text.HAL_TIM_PeriodElapsedCallback
                0x08001308       0x58 src/main.o
                0x08001308                HAL_TIM_PeriodElapsedCallback
 .text.TIM2_IRQHandler
                0x08001360        0xc src/main.o
                0x08001360                TIM2_IRQHandler
 .text.BRD_init
                0x0800136c       0xe4 C:/Users/Kevin/Desktop/Kevin UQ/csse3010/CSSE3010-s4408736/sourcelib/boardlib/Release/libboardlib.a(board.o)
                0x0800136c                BRD_init
 .text.BRD_debuguart_putc
                0x08001450       0x20 C:/Users/Kevin/Desktop/Kevin UQ/csse3010/CSSE3010-s4408736/sourcelib/boardlib/Release/libboardlib.a(board.o)
                0x08001450                BRD_debuguart_putc
 .text.BRD_debuguart_getc
                0x08001470       0x2c C:/Users/Kevin/Desktop/Kevin UQ/csse3010/CSSE3010-s4408736/sourcelib/boardlib/Release/libboardlib.a(board.o)
                0x08001470                BRD_debuguart_getc
 .text._sbrk    0x0800149c       0x34 C:/Users/Kevin/Desktop/Kevin UQ/csse3010/CSSE3010-s4408736/sourcelib/boardlib/Release/libboardlib.a(debug_printf.o)
                0x0800149c                _sbrk
 .text._close   0x080014d0        0x8 C:/Users/Kevin/Desktop/Kevin UQ/csse3010/CSSE3010-s4408736/sourcelib/boardlib/Release/libboardlib.a(debug_printf.o)
                0x080014d0                _close
 .text._fstat   0x080014d8        0xc C:/Users/Kevin/Desktop/Kevin UQ/csse3010/CSSE3010-s4408736/sourcelib/boardlib/Release/libboardlib.a(debug_printf.o)
                0x080014d8                _fstat
 .text._isatty  0x080014e4        0x4 C:/Users/Kevin/Desktop/Kevin UQ/csse3010/CSSE3010-s4408736/sourcelib/boardlib/Release/libboardlib.a(debug_printf.o)
                0x080014e4                _isatty
 .text._lseek   0x080014e8        0x4 C:/Users/Kevin/Desktop/Kevin UQ/csse3010/CSSE3010-s4408736/sourcelib/boardlib/Release/libboardlib.a(debug_printf.o)
                0x080014e8                _lseek
 .text.debug_getc
                0x080014ec        0x4 C:/Users/Kevin/Desktop/Kevin UQ/csse3010/CSSE3010-s4408736/sourcelib/boardlib/Release/libboardlib.a(debug_printf.o)
                0x080014ec                debug_getc
 .text.__io_putchar
                0x080014f0       0x10 C:/Users/Kevin/Desktop/Kevin UQ/csse3010/CSSE3010-s4408736/sourcelib/boardlib/Release/libboardlib.a(debug_printf.o)
                0x080014f0                __io_putchar
 .text._write   0x08001500       0x1c C:/Users/Kevin/Desktop/Kevin UQ/csse3010/CSSE3010-s4408736/sourcelib/boardlib/Release/libboardlib.a(debug_printf.o)
                0x08001500                _write
 .text.__io_getchar
                0x0800151c        0x8 C:/Users/Kevin/Desktop/Kevin UQ/csse3010/CSSE3010-s4408736/sourcelib/boardlib/Release/libboardlib.a(debug_printf.o)
                0x0800151c                __io_getchar
 .text._read    0x08001524       0x1c C:/Users/Kevin/Desktop/Kevin UQ/csse3010/CSSE3010-s4408736/sourcelib/boardlib/Release/libboardlib.a(debug_printf.o)
                0x08001524                _read
 .text.debug_printf
                0x08001540       0x1c C:/Users/Kevin/Desktop/Kevin UQ/csse3010/CSSE3010-s4408736/sourcelib/boardlib/Release/libboardlib.a(debug_printf.o)
                0x08001540                debug_printf
 .text.SystemInit
                0x0800155c       0x50 C:/Users/Kevin/Desktop/Kevin UQ/csse3010/CSSE3010-s4408736/sourcelib/boardlib/Release/libboardlib.a(system_stm32f4xx.o)
                0x0800155c                SystemInit
 .text.HAL_MspInit
                0x080015ac        0x4 C:/Users/Kevin/Desktop/Kevin UQ/csse3010/CSSE3010-s4408736/sourcelib/boardlib/Release/libboardlib.a(stm32f4xx_hal.o)
                0x080015ac                HAL_MspInit
 .text.HAL_InitTick
                0x080015b0       0x2c C:/Users/Kevin/Desktop/Kevin UQ/csse3010/CSSE3010-s4408736/sourcelib/boardlib/Release/libboardlib.a(stm32f4xx_hal.o)
                0x080015b0                HAL_InitTick
 .text.HAL_Init
                0x080015dc       0x34 C:/Users/Kevin/Desktop/Kevin UQ/csse3010/CSSE3010-s4408736/sourcelib/boardlib/Release/libboardlib.a(stm32f4xx_hal.o)
                0x080015dc                HAL_Init
 .text.HAL_IncTick
                0x08001610       0x10 C:/Users/Kevin/Desktop/Kevin UQ/csse3010/CSSE3010-s4408736/sourcelib/boardlib/Release/libboardlib.a(stm32f4xx_hal.o)
                0x08001610                HAL_IncTick
 .text.HAL_GetTick
                0x08001620        0xc C:/Users/Kevin/Desktop/Kevin UQ/csse3010/CSSE3010-s4408736/sourcelib/boardlib/Release/libboardlib.a(stm32f4xx_hal.o)
                0x08001620                HAL_GetTick
 .text.HAL_NVIC_SetPriorityGrouping
                0x0800162c       0x24 C:/Users/Kevin/Desktop/Kevin UQ/csse3010/CSSE3010-s4408736/sourcelib/boardlib/Release/libboardlib.a(stm32f4xx_hal_cortex.o)
                0x0800162c                HAL_NVIC_SetPriorityGrouping
 .text.HAL_NVIC_SetPriority
                0x08001650       0x6c C:/Users/Kevin/Desktop/Kevin UQ/csse3010/CSSE3010-s4408736/sourcelib/boardlib/Release/libboardlib.a(stm32f4xx_hal_cortex.o)
                0x08001650                HAL_NVIC_SetPriority
 .text.HAL_NVIC_EnableIRQ
                0x080016bc       0x18 C:/Users/Kevin/Desktop/Kevin UQ/csse3010/CSSE3010-s4408736/sourcelib/boardlib/Release/libboardlib.a(stm32f4xx_hal_cortex.o)
                0x080016bc                HAL_NVIC_EnableIRQ
 .text.HAL_SYSTICK_Config
                0x080016d4       0x34 C:/Users/Kevin/Desktop/Kevin UQ/csse3010/CSSE3010-s4408736/sourcelib/boardlib/Release/libboardlib.a(stm32f4xx_hal_cortex.o)
                0x080016d4                HAL_SYSTICK_Config
 .text.HAL_SYSTICK_Callback
                0x08001708        0x4 C:/Users/Kevin/Desktop/Kevin UQ/csse3010/CSSE3010-s4408736/sourcelib/boardlib/Release/libboardlib.a(stm32f4xx_hal_cortex.o)
                0x08001708                HAL_SYSTICK_Callback
 .text.HAL_SYSTICK_IRQHandler
                0x0800170c        0x8 C:/Users/Kevin/Desktop/Kevin UQ/csse3010/CSSE3010-s4408736/sourcelib/boardlib/Release/libboardlib.a(stm32f4xx_hal_cortex.o)
                0x0800170c                HAL_SYSTICK_IRQHandler
 .text.HAL_GPIO_Init
                0x08001714      0x25c C:/Users/Kevin/Desktop/Kevin UQ/csse3010/CSSE3010-s4408736/sourcelib/boardlib/Release/libboardlib.a(stm32f4xx_hal_gpio.o)
                0x08001714                HAL_GPIO_Init
 .text.HAL_GPIO_WritePin
                0x08001970        0x8 C:/Users/Kevin/Desktop/Kevin UQ/csse3010/CSSE3010-s4408736/sourcelib/boardlib/Release/libboardlib.a(stm32f4xx_hal_gpio.o)
                0x08001970                HAL_GPIO_WritePin
 .text.HAL_TIM_Base_MspInit
                0x08001978        0x4 C:/Users/Kevin/Desktop/Kevin UQ/csse3010/CSSE3010-s4408736/sourcelib/boardlib/Release/libboardlib.a(stm32f4xx_hal_tim.o)
                0x08001978                HAL_TIM_Base_MspInit
 .text.HAL_TIM_Base_Init
                0x0800197c       0xfc C:/Users/Kevin/Desktop/Kevin UQ/csse3010/CSSE3010-s4408736/sourcelib/boardlib/Release/libboardlib.a(stm32f4xx_hal_tim.o)
                0x0800197c                HAL_TIM_Base_Init
 .text.HAL_TIM_Base_Start_IT
                0x08001a78       0x18 C:/Users/Kevin/Desktop/Kevin UQ/csse3010/CSSE3010-s4408736/sourcelib/boardlib/Release/libboardlib.a(stm32f4xx_hal_tim.o)
                0x08001a78                HAL_TIM_Base_Start_IT
 .text.HAL_TIM_PWM_MspInit
                0x08001a90        0x4 C:/Users/Kevin/Desktop/Kevin UQ/csse3010/CSSE3010-s4408736/sourcelib/boardlib/Release/libboardlib.a(stm32f4xx_hal_tim.o)
                0x08001a90                HAL_TIM_PWM_MspInit
 .text.HAL_TIM_PWM_Init
                0x08001a94       0xfc C:/Users/Kevin/Desktop/Kevin UQ/csse3010/CSSE3010-s4408736/sourcelib/boardlib/Release/libboardlib.a(stm32f4xx_hal_tim.o)
                0x08001a94                HAL_TIM_PWM_Init
 .text.HAL_TIM_PWM_Start
                0x08001b90       0x48 C:/Users/Kevin/Desktop/Kevin UQ/csse3010/CSSE3010-s4408736/sourcelib/boardlib/Release/libboardlib.a(stm32f4xx_hal_tim.o)
                0x08001b90                HAL_TIM_PWM_Start
 .text.HAL_TIM_PWM_ConfigChannel
                0x08001bd8      0x218 C:/Users/Kevin/Desktop/Kevin UQ/csse3010/CSSE3010-s4408736/sourcelib/boardlib/Release/libboardlib.a(stm32f4xx_hal_tim.o)
                0x08001bd8                HAL_TIM_PWM_ConfigChannel
 .text.HAL_TIM_OC_DelayElapsedCallback
                0x08001df0        0x4 C:/Users/Kevin/Desktop/Kevin UQ/csse3010/CSSE3010-s4408736/sourcelib/boardlib/Release/libboardlib.a(stm32f4xx_hal_tim.o)
                0x08001df0                HAL_TIM_OC_DelayElapsedCallback
 .text.HAL_TIM_IC_CaptureCallback
                0x08001df4        0x4 C:/Users/Kevin/Desktop/Kevin UQ/csse3010/CSSE3010-s4408736/sourcelib/boardlib/Release/libboardlib.a(stm32f4xx_hal_tim.o)
                0x08001df4                HAL_TIM_IC_CaptureCallback
 .text.HAL_TIM_PWM_PulseFinishedCallback
                0x08001df8        0x4 C:/Users/Kevin/Desktop/Kevin UQ/csse3010/CSSE3010-s4408736/sourcelib/boardlib/Release/libboardlib.a(stm32f4xx_hal_tim.o)
                0x08001df8                HAL_TIM_PWM_PulseFinishedCallback
 .text.HAL_TIM_TriggerCallback
                0x08001dfc        0x4 C:/Users/Kevin/Desktop/Kevin UQ/csse3010/CSSE3010-s4408736/sourcelib/boardlib/Release/libboardlib.a(stm32f4xx_hal_tim.o)
                0x08001dfc                HAL_TIM_TriggerCallback
 .text.HAL_TIM_IRQHandler
                0x08001e00      0x154 C:/Users/Kevin/Desktop/Kevin UQ/csse3010/CSSE3010-s4408736/sourcelib/boardlib/Release/libboardlib.a(stm32f4xx_hal_tim.o)
                0x08001e00                HAL_TIM_IRQHandler
 .text.HAL_TIMEx_CommutationCallback
                0x08001f54        0x4 C:/Users/Kevin/Desktop/Kevin UQ/csse3010/CSSE3010-s4408736/sourcelib/boardlib/Release/libboardlib.a(stm32f4xx_hal_tim_ex.o)
                0x08001f54                HAL_TIMEx_CommutationCallback
 .text.HAL_TIMEx_BreakCallback
                0x08001f58        0x4 C:/Users/Kevin/Desktop/Kevin UQ/csse3010/CSSE3010-s4408736/sourcelib/boardlib/Release/libboardlib.a(stm32f4xx_hal_tim_ex.o)
                0x08001f58                HAL_TIMEx_BreakCallback
 .text.UART_SetConfig
                0x08001f5c      0x300 C:/Users/Kevin/Desktop/Kevin UQ/csse3010/CSSE3010-s4408736/sourcelib/boardlib/Release/libboardlib.a(stm32f4xx_hal_uart.o)
 .text.HAL_UART_MspInit
                0x0800225c        0x4 C:/Users/Kevin/Desktop/Kevin UQ/csse3010/CSSE3010-s4408736/sourcelib/boardlib/Release/libboardlib.a(stm32f4xx_hal_uart.o)
                0x0800225c                HAL_UART_MspInit
 .text.HAL_UART_Init
                0x08002260       0x60 C:/Users/Kevin/Desktop/Kevin UQ/csse3010/CSSE3010-s4408736/sourcelib/boardlib/Release/libboardlib.a(stm32f4xx_hal_uart.o)
                0x08002260                HAL_UART_Init
 .text.HAL_UART_Transmit
                0x080022c0      0x108 C:/Users/Kevin/Desktop/Kevin UQ/csse3010/CSSE3010-s4408736/sourcelib/boardlib/Release/libboardlib.a(stm32f4xx_hal_uart.o)
                0x080022c0                HAL_UART_Transmit
 .text.HAL_UART_Receive
                0x080023c8      0x104 C:/Users/Kevin/Desktop/Kevin UQ/csse3010/CSSE3010-s4408736/sourcelib/boardlib/Release/libboardlib.a(stm32f4xx_hal_uart.o)
                0x080023c8                HAL_UART_Receive
 .text.HAL_RCC_GetPCLK1Freq
                0x080024cc       0x20 C:/Users/Kevin/Desktop/Kevin UQ/csse3010/CSSE3010-s4408736/sourcelib/boardlib/Release/libboardlib.a(stm32f4xx_hal_rcc.o)
                0x080024cc                HAL_RCC_GetPCLK1Freq
 .text.HAL_RCC_GetPCLK2Freq
                0x080024ec       0x20 C:/Users/Kevin/Desktop/Kevin UQ/csse3010/CSSE3010-s4408736/sourcelib/boardlib/Release/libboardlib.a(stm32f4xx_hal_rcc.o)
                0x080024ec                HAL_RCC_GetPCLK2Freq
 .text.s4408736_hal_ledbar_init
                0x0800250c      0x258 C:/Users/Kevin/Desktop/Kevin UQ/csse3010/CSSE3010-s4408736/repo/mylib/Debug/libmylib.a(s4408736_hal_ledbar.o)
                0x0800250c                s4408736_hal_ledbar_init
 .text.ledbar_seg_set
                0x08002764      0x12c C:/Users/Kevin/Desktop/Kevin UQ/csse3010/CSSE3010-s4408736/repo/mylib/Debug/libmylib.a(s4408736_hal_ledbar.o)
                0x08002764                ledbar_seg_set
 .text.s4408736_hal_ledbar_write
                0x08002890       0x4e C:/Users/Kevin/Desktop/Kevin UQ/csse3010/CSSE3010-s4408736/repo/mylib/Debug/libmylib.a(s4408736_hal_ledbar.o)
                0x08002890                s4408736_hal_ledbar_write
 *fill*         0x080028de        0x2 
 .text.s4408736_hal_pantilt_init
                0x080028e0      0x134 C:/Users/Kevin/Desktop/Kevin UQ/csse3010/CSSE3010-s4408736/repo/mylib/Debug/libmylib.a(s4408736_hal_pantilt.o)
                0x080028e0                s4408736_hal_pantilt_init
 *fill*         0x08002a14        0x4 
 .text.pantilt_angle_write
                0x08002a18      0x11c C:/Users/Kevin/Desktop/Kevin UQ/csse3010/CSSE3010-s4408736/repo/mylib/Debug/libmylib.a(s4408736_hal_pantilt.o)
                0x08002a18                pantilt_angle_write
 .text.pantilt_angle_read
                0x08002b34       0xdc C:/Users/Kevin/Desktop/Kevin UQ/csse3010/CSSE3010-s4408736/repo/mylib/Debug/libmylib.a(s4408736_hal_pantilt.o)
                0x08002b34                pantilt_angle_read
 .text.Reset_Handler
                0x08002c10       0x50 C:\Users\Kevin\AppData\Local\Temp\ccgoJ52Q.o
                0x08002c10                Reset_Handler
 .text.Default_Handler
                0x08002c60        0x2 C:\Users\Kevin\AppData\Local\Temp\ccgoJ52Q.o
                0x08002c60                RTC_Alarm_IRQHandler
                0x08002c60                HASH_RNG_IRQHandler
                0x08002c60                EXTI2_IRQHandler
                0x08002c60                TIM8_CC_IRQHandler
                0x08002c60                DebugMon_Handler
                0x08002c60                UART8_IRQHandler
                0x08002c60                SPI4_IRQHandler
                0x08002c60                TIM1_CC_IRQHandler
                0x08002c60                DMA2_Stream5_IRQHandler
                0x08002c60                HardFault_Handler
                0x08002c60                DMA1_Stream5_IRQHandler
                0x08002c60                PVD_IRQHandler
                0x08002c60                SDIO_IRQHandler
                0x08002c60                TAMP_STAMP_IRQHandler
                0x08002c60                PendSV_Handler
                0x08002c60                NMI_Handler
                0x08002c60                CAN2_RX1_IRQHandler
                0x08002c60                EXTI3_IRQHandler
                0x08002c60                TIM8_TRG_COM_TIM14_IRQHandler
                0x08002c60                TIM1_UP_TIM10_IRQHandler
                0x08002c60                TIM8_UP_TIM13_IRQHandler
                0x08002c60                I2C3_ER_IRQHandler
                0x08002c60                EXTI0_IRQHandler
                0x08002c60                I2C2_EV_IRQHandler
                0x08002c60                DMA1_Stream2_IRQHandler
                0x08002c60                CAN1_RX0_IRQHandler
                0x08002c60                FPU_IRQHandler
                0x08002c60                OTG_HS_WKUP_IRQHandler
                0x08002c60                UsageFault_Handler
                0x08002c60                LTDC_ER_IRQHandler
                0x08002c60                CAN2_SCE_IRQHandler
                0x08002c60                DMA2_Stream2_IRQHandler
                0x08002c60                SPI1_IRQHandler
                0x08002c60                TIM6_DAC_IRQHandler
                0x08002c60                TIM1_BRK_TIM9_IRQHandler
                0x08002c60                DCMI_IRQHandler
                0x08002c60                CAN2_RX0_IRQHandler
                0x08002c60                DMA2_Stream3_IRQHandler
                0x08002c60                USART6_IRQHandler
                0x08002c60                USART3_IRQHandler
                0x08002c60                CAN1_RX1_IRQHandler
                0x08002c60                UART5_IRQHandler
                0x08002c60                DMA2_Stream0_IRQHandler
                0x08002c60                TIM4_IRQHandler
                0x08002c60                I2C1_EV_IRQHandler
                0x08002c60                DMA1_Stream6_IRQHandler
                0x08002c60                DMA1_Stream1_IRQHandler
                0x08002c60                UART4_IRQHandler
                0x08002c60                TIM3_IRQHandler
                0x08002c60                RCC_IRQHandler
                0x08002c60                TIM8_BRK_TIM12_IRQHandler
                0x08002c60                Default_Handler
                0x08002c60                EXTI15_10_IRQHandler
                0x08002c60                ADC_IRQHandler
                0x08002c60                DMA1_Stream7_IRQHandler
                0x08002c60                SPI5_IRQHandler
                0x08002c60                TIM7_IRQHandler
                0x08002c60                CAN2_TX_IRQHandler
                0x08002c60                TIM5_IRQHandler
                0x08002c60                DMA2_Stream7_IRQHandler
                0x08002c60                I2C3_EV_IRQHandler
                0x08002c60                EXTI9_5_IRQHandler
                0x08002c60                RTC_WKUP_IRQHandler
                0x08002c60                LTDC_IRQHandler
                0x08002c60                ETH_WKUP_IRQHandler
                0x08002c60                SPI2_IRQHandler
                0x08002c60                OTG_HS_EP1_IN_IRQHandler
                0x08002c60                MemManage_Handler
                0x08002c60                DMA1_Stream0_IRQHandler
                0x08002c60                CAN1_TX_IRQHandler
                0x08002c60                SVC_Handler
                0x08002c60                EXTI4_IRQHandler
                0x08002c60                ETH_IRQHandler
                0x08002c60                OTG_HS_EP1_OUT_IRQHandler
                0x08002c60                WWDG_IRQHandler
                0x08002c60                SPI6_IRQHandler
                0x08002c60                OTG_FS_WKUP_IRQHandler
                0x08002c60                TIM1_TRG_COM_TIM11_IRQHandler
                0x08002c60                OTG_HS_IRQHandler
                0x08002c60                DMA2D_IRQHandler
                0x08002c60                EXTI1_IRQHandler
                0x08002c60                UART7_IRQHandler
                0x08002c60                USART2_IRQHandler
                0x08002c60                I2C2_ER_IRQHandler
                0x08002c60                DMA2_Stream1_IRQHandler
                0x08002c60                CAN1_SCE_IRQHandler
                0x08002c60                FLASH_IRQHandler
                0x08002c60                DMA2_Stream4_IRQHandler
                0x08002c60                BusFault_Handler
                0x08002c60                USART1_IRQHandler
                0x08002c60                OTG_FS_IRQHandler
                0x08002c60                SPI3_IRQHandler
                0x08002c60                DMA1_Stream4_IRQHandler
                0x08002c60                I2C1_ER_IRQHandler
                0x08002c60                FMC_IRQHandler
                0x08002c60                DMA2_Stream6_IRQHandler
                0x08002c60                SAI1_IRQHandler
                0x08002c60                DMA1_Stream3_IRQHandler
 *fill*         0x08002c62        0x2 
 .text.round    0x08002c64       0xb0 c:/ac6/systemworkbench/plugins/fr.ac6.mcu.externaltools.arm-none.win32_1.15.0.201708311556/tools/compiler/bin/../lib/gcc/arm-none-eabi/6.3.1/../../../../arm-none-eabi/lib/thumb/v7e-m/fpv4-sp/hard\libm.a(lib_a-s_round.o)
                0x08002c64                round
 .text.__errno  0x08002d14        0xc c:/ac6/systemworkbench/plugins/fr.ac6.mcu.externaltools.arm-none.win32_1.15.0.201708311556/tools/compiler/bin/../lib/gcc/arm-none-eabi/6.3.1/../../../../arm-none-eabi/lib/thumb/v7e-m/fpv4-sp/hard\libc.a(lib_a-errno.o)
                0x08002d14                __errno
 .text.__libc_init_array
                0x08002d20       0x50 c:/ac6/systemworkbench/plugins/fr.ac6.mcu.externaltools.arm-none.win32_1.15.0.201708311556/tools/compiler/bin/../lib/gcc/arm-none-eabi/6.3.1/../../../../arm-none-eabi/lib/thumb/v7e-m/fpv4-sp/hard\libc.a(lib_a-init.o)
                0x08002d20                __libc_init_array
 .text.memset   0x08002d70       0x9c c:/ac6/systemworkbench/plugins/fr.ac6.mcu.externaltools.arm-none.win32_1.15.0.201708311556/tools/compiler/bin/../lib/gcc/arm-none-eabi/6.3.1/../../../../arm-none-eabi/lib/thumb/v7e-m/fpv4-sp/hard\libc.a(lib_a-memset.o)
                0x08002d70                memset
 .text.setbuf   0x08002e0c       0x10 c:/ac6/systemworkbench/plugins/fr.ac6.mcu.externaltools.arm-none.win32_1.15.0.201708311556/tools/compiler/bin/../lib/gcc/arm-none-eabi/6.3.1/../../../../arm-none-eabi/lib/thumb/v7e-m/fpv4-sp/hard\libc.a(lib_a-setbuf.o)
                0x08002e0c                setbuf
 .text.setvbuf  0x08002e1c      0x190 c:/ac6/systemworkbench/plugins/fr.ac6.mcu.externaltools.arm-none.win32_1.15.0.201708311556/tools/compiler/bin/../lib/gcc/arm-none-eabi/6.3.1/../../../../arm-none-eabi/lib/thumb/v7e-m/fpv4-sp/hard\libc.a(lib_a-setvbuf.o)
                0x08002e1c                setvbuf
 .text.vprintf  0x08002fac       0x1c c:/ac6/systemworkbench/plugins/fr.ac6.mcu.externaltools.arm-none.win32_1.15.0.201708311556/tools/compiler/bin/../lib/gcc/arm-none-eabi/6.3.1/../../../../arm-none-eabi/lib/thumb/v7e-m/fpv4-sp/hard\libc.a(lib_a-vprintf.o)
                0x08002fac                vprintf
 .text.startup.register_fini
                0x08002fc8       0x14 c:/ac6/systemworkbench/plugins/fr.ac6.mcu.externaltools.arm-none.win32_1.15.0.201708311556/tools/compiler/bin/../lib/gcc/arm-none-eabi/6.3.1/../../../../arm-none-eabi/lib/thumb/v7e-m/fpv4-sp/hard\libc.a(lib_a-__call_atexit.o)
 .text.atexit   0x08002fdc        0xc c:/ac6/systemworkbench/plugins/fr.ac6.mcu.externaltools.arm-none.win32_1.15.0.201708311556/tools/compiler/bin/../lib/gcc/arm-none-eabi/6.3.1/../../../../arm-none-eabi/lib/thumb/v7e-m/fpv4-sp/hard\libc.a(lib_a-atexit.o)
                0x08002fdc                atexit
 .text.__sflush_r
                0x08002fe8      0x140 c:/ac6/systemworkbench/plugins/fr.ac6.mcu.externaltools.arm-none.win32_1.15.0.201708311556/tools/compiler/bin/../lib/gcc/arm-none-eabi/6.3.1/../../../../arm-none-eabi/lib/thumb/v7e-m/fpv4-sp/hard\libc.a(lib_a-fflush.o)
                0x08002fe8                __sflush_r
 .text._fflush_r
                0x08003128       0x54 c:/ac6/systemworkbench/plugins/fr.ac6.mcu.externaltools.arm-none.win32_1.15.0.201708311556/tools/compiler/bin/../lib/gcc/arm-none-eabi/6.3.1/../../../../arm-none-eabi/lib/thumb/v7e-m/fpv4-sp/hard\libc.a(lib_a-fflush.o)
                0x08003128                _fflush_r
 .text._cleanup_r
                0x0800317c        0xc c:/ac6/systemworkbench/plugins/fr.ac6.mcu.externaltools.arm-none.win32_1.15.0.201708311556/tools/compiler/bin/../lib/gcc/arm-none-eabi/6.3.1/../../../../arm-none-eabi/lib/thumb/v7e-m/fpv4-sp/hard\libc.a(lib_a-findfp.o)
                0x0800317c                _cleanup_r
 .text.std.isra.0
                0x08003188       0x50 c:/ac6/systemworkbench/plugins/fr.ac6.mcu.externaltools.arm-none.win32_1.15.0.201708311556/tools/compiler/bin/../lib/gcc/arm-none-eabi/6.3.1/../../../../arm-none-eabi/lib/thumb/v7e-m/fpv4-sp/hard\libc.a(lib_a-findfp.o)
 .text.__sinit  0x080031d8       0x58 c:/ac6/systemworkbench/plugins/fr.ac6.mcu.externaltools.arm-none.win32_1.15.0.201708311556/tools/compiler/bin/../lib/gcc/arm-none-eabi/6.3.1/../../../../arm-none-eabi/lib/thumb/v7e-m/fpv4-sp/hard\libc.a(lib_a-findfp.o)
                0x080031d8                __sinit
 .text.__sfp_lock_acquire
                0x08003230        0xc c:/ac6/systemworkbench/plugins/fr.ac6.mcu.externaltools.arm-none.win32_1.15.0.201708311556/tools/compiler/bin/../lib/gcc/arm-none-eabi/6.3.1/../../../../arm-none-eabi/lib/thumb/v7e-m/fpv4-sp/hard\libc.a(lib_a-findfp.o)
                0x08003230                __sfp_lock_acquire
 .text.__sfp_lock_release
                0x0800323c        0xc c:/ac6/systemworkbench/plugins/fr.ac6.mcu.externaltools.arm-none.win32_1.15.0.201708311556/tools/compiler/bin/../lib/gcc/arm-none-eabi/6.3.1/../../../../arm-none-eabi/lib/thumb/v7e-m/fpv4-sp/hard\libc.a(lib_a-findfp.o)
                0x0800323c                __sfp_lock_release
 .text.__libc_fini_array
                0x08003248       0x34 c:/ac6/systemworkbench/plugins/fr.ac6.mcu.externaltools.arm-none.win32_1.15.0.201708311556/tools/compiler/bin/../lib/gcc/arm-none-eabi/6.3.1/../../../../arm-none-eabi/lib/thumb/v7e-m/fpv4-sp/hard\libc.a(lib_a-fini.o)
                0x08003248                __libc_fini_array
 .text._malloc_trim_r
                0x0800327c       0xa0 c:/ac6/systemworkbench/plugins/fr.ac6.mcu.externaltools.arm-none.win32_1.15.0.201708311556/tools/compiler/bin/../lib/gcc/arm-none-eabi/6.3.1/../../../../arm-none-eabi/lib/thumb/v7e-m/fpv4-sp/hard\libc.a(lib_a-freer.o)
                0x0800327c                _malloc_trim_r
 .text._free_r  0x0800331c      0x1cc c:/ac6/systemworkbench/plugins/fr.ac6.mcu.externaltools.arm-none.win32_1.15.0.201708311556/tools/compiler/bin/../lib/gcc/arm-none-eabi/6.3.1/../../../../arm-none-eabi/lib/thumb/v7e-m/fpv4-sp/hard\libc.a(lib_a-freer.o)
                0x0800331c                _free_r
 .text._fwalk_reent
                0x080034e8       0x54 c:/ac6/systemworkbench/plugins/fr.ac6.mcu.externaltools.arm-none.win32_1.15.0.201708311556/tools/compiler/bin/../lib/gcc/arm-none-eabi/6.3.1/../../../../arm-none-eabi/lib/thumb/v7e-m/fpv4-sp/hard\libc.a(lib_a-fwalk.o)
                0x080034e8                _fwalk_reent
 .text.__retarget_lock_init_recursive
                0x0800353c        0x4 c:/ac6/systemworkbench/plugins/fr.ac6.mcu.externaltools.arm-none.win32_1.15.0.201708311556/tools/compiler/bin/../lib/gcc/arm-none-eabi/6.3.1/../../../../arm-none-eabi/lib/thumb/v7e-m/fpv4-sp/hard\libc.a(lib_a-lock.o)
                0x0800353c                __retarget_lock_init_recursive
 .text.__retarget_lock_close_recursive
                0x08003540        0x4 c:/ac6/systemworkbench/plugins/fr.ac6.mcu.externaltools.arm-none.win32_1.15.0.201708311556/tools/compiler/bin/../lib/gcc/arm-none-eabi/6.3.1/../../../../arm-none-eabi/lib/thumb/v7e-m/fpv4-sp/hard\libc.a(lib_a-lock.o)
                0x08003540                __retarget_lock_close_recursive
 .text.__retarget_lock_acquire_recursive
                0x08003544        0x4 c:/ac6/systemworkbench/plugins/fr.ac6.mcu.externaltools.arm-none.win32_1.15.0.201708311556/tools/compiler/bin/../lib/gcc/arm-none-eabi/6.3.1/../../../../arm-none-eabi/lib/thumb/v7e-m/fpv4-sp/hard\libc.a(lib_a-lock.o)
                0x08003544                __retarget_lock_acquire_recursive
 .text.__retarget_lock_release_recursive
                0x08003548        0x4 c:/ac6/systemworkbench/plugins/fr.ac6.mcu.externaltools.arm-none.win32_1.15.0.201708311556/tools/compiler/bin/../lib/gcc/arm-none-eabi/6.3.1/../../../../arm-none-eabi/lib/thumb/v7e-m/fpv4-sp/hard\libc.a(lib_a-lock.o)
                0x08003548                __retarget_lock_release_recursive
 .text.__swhatbuf_r
                0x0800354c       0x5c c:/ac6/systemworkbench/plugins/fr.ac6.mcu.externaltools.arm-none.win32_1.15.0.201708311556/tools/compiler/bin/../lib/gcc/arm-none-eabi/6.3.1/../../../../arm-none-eabi/lib/thumb/v7e-m/fpv4-sp/hard\libc.a(lib_a-makebuf.o)
                0x0800354c                __swhatbuf_r
 .text.__smakebuf_r
                0x080035a8       0x94 c:/ac6/systemworkbench/plugins/fr.ac6.mcu.externaltools.arm-none.win32_1.15.0.201708311556/tools/compiler/bin/../lib/gcc/arm-none-eabi/6.3.1/../../../../arm-none-eabi/lib/thumb/v7e-m/fpv4-sp/hard\libc.a(lib_a-makebuf.o)
                0x080035a8                __smakebuf_r
 .text.malloc   0x0800363c       0x10 c:/ac6/systemworkbench/plugins/fr.ac6.mcu.externaltools.arm-none.win32_1.15.0.201708311556/tools/compiler/bin/../lib/gcc/arm-none-eabi/6.3.1/../../../../arm-none-eabi/lib/thumb/v7e-m/fpv4-sp/hard\libc.a(lib_a-malloc.o)
                0x0800363c                malloc
 .text._malloc_r
                0x0800364c      0x560 c:/ac6/systemworkbench/plugins/fr.ac6.mcu.externaltools.arm-none.win32_1.15.0.201708311556/tools/compiler/bin/../lib/gcc/arm-none-eabi/6.3.1/../../../../arm-none-eabi/lib/thumb/v7e-m/fpv4-sp/hard\libc.a(lib_a-mallocr.o)
                0x0800364c                _malloc_r
 .text.__malloc_lock
                0x08003bac        0xc c:/ac6/systemworkbench/plugins/fr.ac6.mcu.externaltools.arm-none.win32_1.15.0.201708311556/tools/compiler/bin/../lib/gcc/arm-none-eabi/6.3.1/../../../../arm-none-eabi/lib/thumb/v7e-m/fpv4-sp/hard\libc.a(lib_a-mlock.o)
                0x08003bac                __malloc_lock
 .text.__malloc_unlock
                0x08003bb8        0xc c:/ac6/systemworkbench/plugins/fr.ac6.mcu.externaltools.arm-none.win32_1.15.0.201708311556/tools/compiler/bin/../lib/gcc/arm-none-eabi/6.3.1/../../../../arm-none-eabi/lib/thumb/v7e-m/fpv4-sp/hard\libc.a(lib_a-mlock.o)
                0x08003bb8                __malloc_unlock
 .text._sbrk_r  0x08003bc4       0x24 c:/ac6/systemworkbench/plugins/fr.ac6.mcu.externaltools.arm-none.win32_1.15.0.201708311556/tools/compiler/bin/../lib/gcc/arm-none-eabi/6.3.1/../../../../arm-none-eabi/lib/thumb/v7e-m/fpv4-sp/hard\libc.a(lib_a-sbrkr.o)
                0x08003bc4                _sbrk_r
 .text.__sread  0x08003be8       0x24 c:/ac6/systemworkbench/plugins/fr.ac6.mcu.externaltools.arm-none.win32_1.15.0.201708311556/tools/compiler/bin/../lib/gcc/arm-none-eabi/6.3.1/../../../../arm-none-eabi/lib/thumb/v7e-m/fpv4-sp/hard\libc.a(lib_a-stdio.o)
                0x08003be8                __sread
 .text.__swrite
                0x08003c0c       0x3c c:/ac6/systemworkbench/plugins/fr.ac6.mcu.externaltools.arm-none.win32_1.15.0.201708311556/tools/compiler/bin/../lib/gcc/arm-none-eabi/6.3.1/../../../../arm-none-eabi/lib/thumb/v7e-m/fpv4-sp/hard\libc.a(lib_a-stdio.o)
                0x08003c0c                __swrite
 .text.__sseek  0x08003c48       0x20 c:/ac6/systemworkbench/plugins/fr.ac6.mcu.externaltools.arm-none.win32_1.15.0.201708311556/tools/compiler/bin/../lib/gcc/arm-none-eabi/6.3.1/../../../../arm-none-eabi/lib/thumb/v7e-m/fpv4-sp/hard\libc.a(lib_a-stdio.o)
                0x08003c48                __sseek
 .text.__sclose
                0x08003c68        0x8 c:/ac6/systemworkbench/plugins/fr.ac6.mcu.externaltools.arm-none.win32_1.15.0.201708311556/tools/compiler/bin/../lib/gcc/arm-none-eabi/6.3.1/../../../../arm-none-eabi/lib/thumb/v7e-m/fpv4-sp/hard\libc.a(lib_a-stdio.o)
                0x08003c68                __sclose
 .text._vfprintf_r
                0x08003c70     0x158c c:/ac6/systemworkbench/plugins/fr.ac6.mcu.externaltools.arm-none.win32_1.15.0.201708311556/tools/compiler/bin/../lib/gcc/arm-none-eabi/6.3.1/../../../../arm-none-eabi/lib/thumb/v7e-m/fpv4-sp/hard\libc.a(lib_a-vfprintf.o)
                0x08003c70                _vfprintf_r
 .text.__sbprintf
                0x080051fc       0x84 c:/ac6/systemworkbench/plugins/fr.ac6.mcu.externaltools.arm-none.win32_1.15.0.201708311556/tools/compiler/bin/../lib/gcc/arm-none-eabi/6.3.1/../../../../arm-none-eabi/lib/thumb/v7e-m/fpv4-sp/hard\libc.a(lib_a-vfprintf.o)
 .text._write_r
                0x08005280       0x2c c:/ac6/systemworkbench/plugins/fr.ac6.mcu.externaltools.arm-none.win32_1.15.0.201708311556/tools/compiler/bin/../lib/gcc/arm-none-eabi/6.3.1/../../../../arm-none-eabi/lib/thumb/v7e-m/fpv4-sp/hard\libc.a(lib_a-writer.o)
                0x08005280                _write_r
 .text.__swsetup_r
                0x080052ac       0xc8 c:/ac6/systemworkbench/plugins/fr.ac6.mcu.externaltools.arm-none.win32_1.15.0.201708311556/tools/compiler/bin/../lib/gcc/arm-none-eabi/6.3.1/../../../../arm-none-eabi/lib/thumb/v7e-m/fpv4-sp/hard\libc.a(lib_a-wsetup.o)
                0x080052ac                __swsetup_r
 .text.__register_exitproc
                0x08005374       0xc4 c:/ac6/systemworkbench/plugins/fr.ac6.mcu.externaltools.arm-none.win32_1.15.0.201708311556/tools/compiler/bin/../lib/gcc/arm-none-eabi/6.3.1/../../../../arm-none-eabi/lib/thumb/v7e-m/fpv4-sp/hard\libc.a(lib_a-__atexit.o)
                0x08005374                __register_exitproc
 .text._close_r
                0x08005438       0x24 c:/ac6/systemworkbench/plugins/fr.ac6.mcu.externaltools.arm-none.win32_1.15.0.201708311556/tools/compiler/bin/../lib/gcc/arm-none-eabi/6.3.1/../../../../arm-none-eabi/lib/thumb/v7e-m/fpv4-sp/hard\libc.a(lib_a-closer.o)
                0x08005438                _close_r
 .text.quorem   0x0800545c      0x128 c:/ac6/systemworkbench/plugins/fr.ac6.mcu.externaltools.arm-none.win32_1.15.0.201708311556/tools/compiler/bin/../lib/gcc/arm-none-eabi/6.3.1/../../../../arm-none-eabi/lib/thumb/v7e-m/fpv4-sp/hard\libc.a(lib_a-dtoa.o)
 *fill*         0x08005584        0x4 
 .text._dtoa_r  0x08005588      0xe4c c:/ac6/systemworkbench/plugins/fr.ac6.mcu.externaltools.arm-none.win32_1.15.0.201708311556/tools/compiler/bin/../lib/gcc/arm-none-eabi/6.3.1/../../../../arm-none-eabi/lib/thumb/v7e-m/fpv4-sp/hard\libc.a(lib_a-dtoa.o)
                0x08005588                _dtoa_r
 .text._fclose_r
                0x080063d4       0xc4 c:/ac6/systemworkbench/plugins/fr.ac6.mcu.externaltools.arm-none.win32_1.15.0.201708311556/tools/compiler/bin/../lib/gcc/arm-none-eabi/6.3.1/../../../../arm-none-eabi/lib/thumb/v7e-m/fpv4-sp/hard\libc.a(lib_a-fclose.o)
                0x080063d4                _fclose_r
 .text._fstat_r
                0x08006498       0x28 c:/ac6/systemworkbench/plugins/fr.ac6.mcu.externaltools.arm-none.win32_1.15.0.201708311556/tools/compiler/bin/../lib/gcc/arm-none-eabi/6.3.1/../../../../arm-none-eabi/lib/thumb/v7e-m/fpv4-sp/hard\libc.a(lib_a-fstatr.o)
                0x08006498                _fstat_r
 .text._isatty_r
                0x080064c0       0x24 c:/ac6/systemworkbench/plugins/fr.ac6.mcu.externaltools.arm-none.win32_1.15.0.201708311556/tools/compiler/bin/../lib/gcc/arm-none-eabi/6.3.1/../../../../arm-none-eabi/lib/thumb/v7e-m/fpv4-sp/hard\libc.a(lib_a-isattyr.o)
                0x080064c0                _isatty_r
 .text._localeconv_r
                0x080064e4       0x1c c:/ac6/systemworkbench/plugins/fr.ac6.mcu.externaltools.arm-none.win32_1.15.0.201708311556/tools/compiler/bin/../lib/gcc/arm-none-eabi/6.3.1/../../../../arm-none-eabi/lib/thumb/v7e-m/fpv4-sp/hard\libc.a(lib_a-localeconv.o)
                0x080064e4                _localeconv_r
 .text._lseek_r
                0x08006500       0x2c c:/ac6/systemworkbench/plugins/fr.ac6.mcu.externaltools.arm-none.win32_1.15.0.201708311556/tools/compiler/bin/../lib/gcc/arm-none-eabi/6.3.1/../../../../arm-none-eabi/lib/thumb/v7e-m/fpv4-sp/hard\libc.a(lib_a-lseekr.o)
                0x08006500                _lseek_r
 .text._Balloc  0x0800652c       0x4c c:/ac6/systemworkbench/plugins/fr.ac6.mcu.externaltools.arm-none.win32_1.15.0.201708311556/tools/compiler/bin/../lib/gcc/arm-none-eabi/6.3.1/../../../../arm-none-eabi/lib/thumb/v7e-m/fpv4-sp/hard\libc.a(lib_a-mprec.o)
                0x0800652c                _Balloc
 .text._Bfree   0x08006578       0x14 c:/ac6/systemworkbench/plugins/fr.ac6.mcu.externaltools.arm-none.win32_1.15.0.201708311556/tools/compiler/bin/../lib/gcc/arm-none-eabi/6.3.1/../../../../arm-none-eabi/lib/thumb/v7e-m/fpv4-sp/hard\libc.a(lib_a-mprec.o)
                0x08006578                _Bfree
 .text.__multadd
                0x0800658c       0x80 c:/ac6/systemworkbench/plugins/fr.ac6.mcu.externaltools.arm-none.win32_1.15.0.201708311556/tools/compiler/bin/../lib/gcc/arm-none-eabi/6.3.1/../../../../arm-none-eabi/lib/thumb/v7e-m/fpv4-sp/hard\libc.a(lib_a-mprec.o)
                0x0800658c                __multadd
 .text.__hi0bits
                0x0800660c       0x40 c:/ac6/systemworkbench/plugins/fr.ac6.mcu.externaltools.arm-none.win32_1.15.0.201708311556/tools/compiler/bin/../lib/gcc/arm-none-eabi/6.3.1/../../../../arm-none-eabi/lib/thumb/v7e-m/fpv4-sp/hard\libc.a(lib_a-mprec.o)
                0x0800660c                __hi0bits
 .text.__lo0bits
                0x0800664c       0x60 c:/ac6/systemworkbench/plugins/fr.ac6.mcu.externaltools.arm-none.win32_1.15.0.201708311556/tools/compiler/bin/../lib/gcc/arm-none-eabi/6.3.1/../../../../arm-none-eabi/lib/thumb/v7e-m/fpv4-sp/hard\libc.a(lib_a-mprec.o)
                0x0800664c                __lo0bits
 .text.__i2b    0x080066ac       0x14 c:/ac6/systemworkbench/plugins/fr.ac6.mcu.externaltools.arm-none.win32_1.15.0.201708311556/tools/compiler/bin/../lib/gcc/arm-none-eabi/6.3.1/../../../../arm-none-eabi/lib/thumb/v7e-m/fpv4-sp/hard\libc.a(lib_a-mprec.o)
                0x080066ac                __i2b
 .text.__multiply
                0x080066c0      0x124 c:/ac6/systemworkbench/plugins/fr.ac6.mcu.externaltools.arm-none.win32_1.15.0.201708311556/tools/compiler/bin/../lib/gcc/arm-none-eabi/6.3.1/../../../../arm-none-eabi/lib/thumb/v7e-m/fpv4-sp/hard\libc.a(lib_a-mprec.o)
                0x080066c0                __multiply
 .text.__pow5mult
                0x080067e4       0xa0 c:/ac6/systemworkbench/plugins/fr.ac6.mcu.externaltools.arm-none.win32_1.15.0.201708311556/tools/compiler/bin/../lib/gcc/arm-none-eabi/6.3.1/../../../../arm-none-eabi/lib/thumb/v7e-m/fpv4-sp/hard\libc.a(lib_a-mprec.o)
                0x080067e4                __pow5mult
 .text.__lshift
                0x08006884       0xa4 c:/ac6/systemworkbench/plugins/fr.ac6.mcu.externaltools.arm-none.win32_1.15.0.201708311556/tools/compiler/bin/../lib/gcc/arm-none-eabi/6.3.1/../../../../arm-none-eabi/lib/thumb/v7e-m/fpv4-sp/hard\libc.a(lib_a-mprec.o)
                0x08006884                __lshift
 .text.__mcmp   0x08006928       0x38 c:/ac6/systemworkbench/plugins/fr.ac6.mcu.externaltools.arm-none.win32_1.15.0.201708311556/tools/compiler/bin/../lib/gcc/arm-none-eabi/6.3.1/../../../../arm-none-eabi/lib/thumb/v7e-m/fpv4-sp/hard\libc.a(lib_a-mprec.o)
                0x08006928                __mcmp
 .text.__mdiff  0x08006960      0x108 c:/ac6/systemworkbench/plugins/fr.ac6.mcu.externaltools.arm-none.win32_1.15.0.201708311556/tools/compiler/bin/../lib/gcc/arm-none-eabi/6.3.1/../../../../arm-none-eabi/lib/thumb/v7e-m/fpv4-sp/hard\libc.a(lib_a-mprec.o)
                0x08006960                __mdiff
 .text.__d2b    0x08006a68       0xbc c:/ac6/systemworkbench/plugins/fr.ac6.mcu.externaltools.arm-none.win32_1.15.0.201708311556/tools/compiler/bin/../lib/gcc/arm-none-eabi/6.3.1/../../../../arm-none-eabi/lib/thumb/v7e-m/fpv4-sp/hard\libc.a(lib_a-mprec.o)
                0x08006a68                __d2b
 .text._read_r  0x08006b24       0x2c c:/ac6/systemworkbench/plugins/fr.ac6.mcu.externaltools.arm-none.win32_1.15.0.201708311556/tools/compiler/bin/../lib/gcc/arm-none-eabi/6.3.1/../../../../arm-none-eabi/lib/thumb/v7e-m/fpv4-sp/hard\libc.a(lib_a-readr.o)
                0x08006b24                _read_r
 .text.__sprint_r.part.0
                0x08006b50       0x80 c:/ac6/systemworkbench/plugins/fr.ac6.mcu.externaltools.arm-none.win32_1.15.0.201708311556/tools/compiler/bin/../lib/gcc/arm-none-eabi/6.3.1/../../../../arm-none-eabi/lib/thumb/v7e-m/fpv4-sp/hard\libc.a(lib_a-vfiprintf.o)
 .text.__sprint_r
                0x08006bd0       0x14 c:/ac6/systemworkbench/plugins/fr.ac6.mcu.externaltools.arm-none.win32_1.15.0.201708311556/tools/compiler/bin/../lib/gcc/arm-none-eabi/6.3.1/../../../../arm-none-eabi/lib/thumb/v7e-m/fpv4-sp/hard\libc.a(lib_a-vfiprintf.o)
                0x08006bd0                __sprint_r
 .text._calloc_r
                0x08006be4       0x60 c:/ac6/systemworkbench/plugins/fr.ac6.mcu.externaltools.arm-none.win32_1.15.0.201708311556/tools/compiler/bin/../lib/gcc/arm-none-eabi/6.3.1/../../../../arm-none-eabi/lib/thumb/v7e-m/fpv4-sp/hard\libc.a(lib_a-callocr.o)
                0x08006be4                _calloc_r
 .text.__fputwc
                0x08006c44       0xa0 c:/ac6/systemworkbench/plugins/fr.ac6.mcu.externaltools.arm-none.win32_1.15.0.201708311556/tools/compiler/bin/../lib/gcc/arm-none-eabi/6.3.1/../../../../arm-none-eabi/lib/thumb/v7e-m/fpv4-sp/hard\libc.a(lib_a-fputwc.o)
                0x08006c44                __fputwc
 .text._fputwc_r
                0x08006ce4       0x68 c:/ac6/systemworkbench/plugins/fr.ac6.mcu.externaltools.arm-none.win32_1.15.0.201708311556/tools/compiler/bin/../lib/gcc/arm-none-eabi/6.3.1/../../../../arm-none-eabi/lib/thumb/v7e-m/fpv4-sp/hard\libc.a(lib_a-fputwc.o)
                0x08006ce4                _fputwc_r
 .text.__sfvwrite_r
                0x08006d4c      0x2f0 c:/ac6/systemworkbench/plugins/fr.ac6.mcu.externaltools.arm-none.win32_1.15.0.201708311556/tools/compiler/bin/../lib/gcc/arm-none-eabi/6.3.1/../../../../arm-none-eabi/lib/thumb/v7e-m/fpv4-sp/hard\libc.a(lib_a-fvwrite.o)
                0x08006d4c                __sfvwrite_r
 .text.__locale_mb_cur_max
                0x0800703c       0x1c c:/ac6/systemworkbench/plugins/fr.ac6.mcu.externaltools.arm-none.win32_1.15.0.201708311556/tools/compiler/bin/../lib/gcc/arm-none-eabi/6.3.1/../../../../arm-none-eabi/lib/thumb/v7e-m/fpv4-sp/hard\libc.a(lib_a-locale.o)
                0x0800703c                __locale_mb_cur_max
 .text.__ascii_mbtowc
                0x08007058       0x2c c:/ac6/systemworkbench/plugins/fr.ac6.mcu.externaltools.arm-none.win32_1.15.0.201708311556/tools/compiler/bin/../lib/gcc/arm-none-eabi/6.3.1/../../../../arm-none-eabi/lib/thumb/v7e-m/fpv4-sp/hard\libc.a(lib_a-mbtowc_r.o)
                0x08007058                __ascii_mbtowc
 .text.memmove  0x08007084       0xc8 c:/ac6/systemworkbench/plugins/fr.ac6.mcu.externaltools.arm-none.win32_1.15.0.201708311556/tools/compiler/bin/../lib/gcc/arm-none-eabi/6.3.1/../../../../arm-none-eabi/lib/thumb/v7e-m/fpv4-sp/hard\libc.a(lib_a-memmove.o)
                0x08007084                memmove
 .text._realloc_r
                0x0800714c      0x34c c:/ac6/systemworkbench/plugins/fr.ac6.mcu.externaltools.arm-none.win32_1.15.0.201708311556/tools/compiler/bin/../lib/gcc/arm-none-eabi/6.3.1/../../../../arm-none-eabi/lib/thumb/v7e-m/fpv4-sp/hard\libc.a(lib_a-reallocr.o)
                0x0800714c                _realloc_r
 .text.__swbuf_r
                0x08007498       0xb0 c:/ac6/systemworkbench/plugins/fr.ac6.mcu.externaltools.arm-none.win32_1.15.0.201708311556/tools/compiler/bin/../lib/gcc/arm-none-eabi/6.3.1/../../../../arm-none-eabi/lib/thumb/v7e-m/fpv4-sp/hard\libc.a(lib_a-wbuf.o)
                0x08007498                __swbuf_r
 .text._wcrtomb_r
                0x08007548       0x54 c:/ac6/systemworkbench/plugins/fr.ac6.mcu.externaltools.arm-none.win32_1.15.0.201708311556/tools/compiler/bin/../lib/gcc/arm-none-eabi/6.3.1/../../../../arm-none-eabi/lib/thumb/v7e-m/fpv4-sp/hard\libc.a(lib_a-wcrtomb.o)
                0x08007548                _wcrtomb_r
 .text.__ascii_wctomb
                0x0800759c       0x1c c:/ac6/systemworkbench/plugins/fr.ac6.mcu.externaltools.arm-none.win32_1.15.0.201708311556/tools/compiler/bin/../lib/gcc/arm-none-eabi/6.3.1/../../../../arm-none-eabi/lib/thumb/v7e-m/fpv4-sp/hard\libc.a(lib_a-wctomb_r.o)
                0x0800759c                __ascii_wctomb
 *(.glue_7)
 .glue_7        0x080075b8        0x0 linker stubs
 *(.glue_7t)
 .glue_7t       0x080075b8        0x0 linker stubs
 *(.eh_frame)
 .eh_frame      0x080075b8        0x0 c:/ac6/systemworkbench/plugins/fr.ac6.mcu.externaltools.arm-none.win32_1.15.0.201708311556/tools/compiler/bin/../lib/gcc/arm-none-eabi/6.3.1/thumb/v7e-m/fpv4-sp/hard/crtbegin.o
 *(.init)
 .init          0x080075b8        0x4 c:/ac6/systemworkbench/plugins/fr.ac6.mcu.externaltools.arm-none.win32_1.15.0.201708311556/tools/compiler/bin/../lib/gcc/arm-none-eabi/6.3.1/thumb/v7e-m/fpv4-sp/hard/crti.o
                0x080075b8                _init
 .init          0x080075bc        0x8 c:/ac6/systemworkbench/plugins/fr.ac6.mcu.externaltools.arm-none.win32_1.15.0.201708311556/tools/compiler/bin/../lib/gcc/arm-none-eabi/6.3.1/thumb/v7e-m/fpv4-sp/hard/crtn.o
 *(.fini)
 .fini          0x080075c4        0x4 c:/ac6/systemworkbench/plugins/fr.ac6.mcu.externaltools.arm-none.win32_1.15.0.201708311556/tools/compiler/bin/../lib/gcc/arm-none-eabi/6.3.1/thumb/v7e-m/fpv4-sp/hard/crti.o
                0x080075c4                _fini
 .fini          0x080075c8        0x8 c:/ac6/systemworkbench/plugins/fr.ac6.mcu.externaltools.arm-none.win32_1.15.0.201708311556/tools/compiler/bin/../lib/gcc/arm-none-eabi/6.3.1/thumb/v7e-m/fpv4-sp/hard/crtn.o
                0x080075d0                . = ALIGN (0x4)
                0x080075d0                _etext = .

.vfp11_veneer   0x080075d0        0x0
 .vfp11_veneer  0x080075d0        0x0 linker stubs

.v4_bx          0x080075d0        0x0
 .v4_bx         0x080075d0        0x0 linker stubs

.iplt           0x080075d0        0x0
 .iplt          0x080075d0        0x0 c:/ac6/systemworkbench/plugins/fr.ac6.mcu.externaltools.arm-none.win32_1.15.0.201708311556/tools/compiler/bin/../lib/gcc/arm-none-eabi/6.3.1/thumb/v7e-m/fpv4-sp/hard/crtbegin.o

.rodata         0x080075d0      0x2d0
                0x080075d0                . = ALIGN (0x4)
 *(.rodata)
 .rodata        0x080075d0       0x18 C:/Users/Kevin/Desktop/Kevin UQ/csse3010/CSSE3010-s4408736/sourcelib/boardlib/Release/libboardlib.a(system_stm32f4xx.o)
                0x080075d0                AHBPrescTable
                0x080075e0                APBPrescTable
 *(.rodata*)
 .rodata.str1.4
                0x080075e8       0x2f src/main.o
 *fill*         0x08007617        0x1 
 .rodata._global_impure_ptr
                0x08007618        0x4 c:/ac6/systemworkbench/plugins/fr.ac6.mcu.externaltools.arm-none.win32_1.15.0.201708311556/tools/compiler/bin/../lib/gcc/arm-none-eabi/6.3.1/../../../../arm-none-eabi/lib/thumb/v7e-m/fpv4-sp/hard\libc.a(lib_a-impure.o)
                0x08007618                _global_impure_ptr
 .rodata._vfprintf_r.str1.4
                0x0800761c       0x42 c:/ac6/systemworkbench/plugins/fr.ac6.mcu.externaltools.arm-none.win32_1.15.0.201708311556/tools/compiler/bin/../lib/gcc/arm-none-eabi/6.3.1/../../../../arm-none-eabi/lib/thumb/v7e-m/fpv4-sp/hard\libc.a(lib_a-vfprintf.o)
 *fill*         0x0800765e        0x2 
 .rodata.blanks.8361
                0x08007660       0x10 c:/ac6/systemworkbench/plugins/fr.ac6.mcu.externaltools.arm-none.win32_1.15.0.201708311556/tools/compiler/bin/../lib/gcc/arm-none-eabi/6.3.1/../../../../arm-none-eabi/lib/thumb/v7e-m/fpv4-sp/hard\libc.a(lib_a-vfprintf.o)
 .rodata.zeroes.8362
                0x08007670       0x10 c:/ac6/systemworkbench/plugins/fr.ac6.mcu.externaltools.arm-none.win32_1.15.0.201708311556/tools/compiler/bin/../lib/gcc/arm-none-eabi/6.3.1/../../../../arm-none-eabi/lib/thumb/v7e-m/fpv4-sp/hard\libc.a(lib_a-vfprintf.o)
 .rodata._dtoa_r.str1.4
                0x08007680       0x10 c:/ac6/systemworkbench/plugins/fr.ac6.mcu.externaltools.arm-none.win32_1.15.0.201708311556/tools/compiler/bin/../lib/gcc/arm-none-eabi/6.3.1/../../../../arm-none-eabi/lib/thumb/v7e-m/fpv4-sp/hard\libc.a(lib_a-dtoa.o)
                                 0x12 (size before relaxing)
 .rodata.__mprec_bigtens
                0x08007690       0x28 c:/ac6/systemworkbench/plugins/fr.ac6.mcu.externaltools.arm-none.win32_1.15.0.201708311556/tools/compiler/bin/../lib/gcc/arm-none-eabi/6.3.1/../../../../arm-none-eabi/lib/thumb/v7e-m/fpv4-sp/hard\libc.a(lib_a-mprec.o)
                0x08007690                __mprec_bigtens
 .rodata.__mprec_tens
                0x080076b8       0xc8 c:/ac6/systemworkbench/plugins/fr.ac6.mcu.externaltools.arm-none.win32_1.15.0.201708311556/tools/compiler/bin/../lib/gcc/arm-none-eabi/6.3.1/../../../../arm-none-eabi/lib/thumb/v7e-m/fpv4-sp/hard\libc.a(lib_a-mprec.o)
                0x080076b8                __mprec_tens
 .rodata.p05.7178
                0x08007780        0xc c:/ac6/systemworkbench/plugins/fr.ac6.mcu.externaltools.arm-none.win32_1.15.0.201708311556/tools/compiler/bin/../lib/gcc/arm-none-eabi/6.3.1/../../../../arm-none-eabi/lib/thumb/v7e-m/fpv4-sp/hard\libc.a(lib_a-mprec.o)
 .rodata._setlocale_r.str1.4
                0x0800778c        0xa c:/ac6/systemworkbench/plugins/fr.ac6.mcu.externaltools.arm-none.win32_1.15.0.201708311556/tools/compiler/bin/../lib/gcc/arm-none-eabi/6.3.1/../../../../arm-none-eabi/lib/thumb/v7e-m/fpv4-sp/hard\libc.a(lib_a-locale.o)
                                  0xd (size before relaxing)
 *fill*         0x08007796        0x2 
 .rodata.str1.4
                0x08007798        0x4 c:/ac6/systemworkbench/plugins/fr.ac6.mcu.externaltools.arm-none.win32_1.15.0.201708311556/tools/compiler/bin/../lib/gcc/arm-none-eabi/6.3.1/../../../../arm-none-eabi/lib/thumb/v7e-m/fpv4-sp/hard\libc.a(lib_a-locale.o)
                                  0x2 (size before relaxing)
 .rodata._ctype_
                0x0800779c      0x101 c:/ac6/systemworkbench/plugins/fr.ac6.mcu.externaltools.arm-none.win32_1.15.0.201708311556/tools/compiler/bin/../lib/gcc/arm-none-eabi/6.3.1/../../../../arm-none-eabi/lib/thumb/v7e-m/fpv4-sp/hard\libc.a(lib_a-ctype_.o)
                0x0800779c                _ctype_
                0x080078a0                . = ALIGN (0x4)
 *fill*         0x0800789d        0x3 

.ARM.extab      0x080078a0        0x0
                0x080078a0                . = ALIGN (0x4)
 *(.ARM.extab* .gnu.linkonce.armextab.*)
                0x080078a0                . = ALIGN (0x4)

.ARM            0x080078a0        0x8
                0x080078a0                . = ALIGN (0x4)
                0x080078a0                __exidx_start = .
 *(.ARM.exidx*)
 .ARM.exidx     0x080078a0        0x8 c:/ac6/systemworkbench/plugins/fr.ac6.mcu.externaltools.arm-none.win32_1.15.0.201708311556/tools/compiler/bin/../lib/gcc/arm-none-eabi/6.3.1/thumb/v7e-m/fpv4-sp/hard\libgcc.a(_udivmoddi4.o)
                0x080078a8                __exidx_end = .
                0x080078a8                . = ALIGN (0x4)

.rel.dyn        0x080078a8        0x0
 .rel.iplt      0x080078a8        0x0 c:/ac6/systemworkbench/plugins/fr.ac6.mcu.externaltools.arm-none.win32_1.15.0.201708311556/tools/compiler/bin/../lib/gcc/arm-none-eabi/6.3.1/thumb/v7e-m/fpv4-sp/hard/crtbegin.o

.preinit_array  0x080078a8        0x0
                0x080078a8                . = ALIGN (0x4)
                0x080078a8                PROVIDE (__preinit_array_start, .)
 *(.preinit_array*)
                0x080078a8                PROVIDE (__preinit_array_end, .)
                0x080078a8                . = ALIGN (0x4)

.init_array     0x080078a8        0x8
                0x080078a8                . = ALIGN (0x4)
                0x080078a8                PROVIDE (__init_array_start, .)
 *(SORT(.init_array.*))
 .init_array.00000
                0x080078a8        0x4 c:/ac6/systemworkbench/plugins/fr.ac6.mcu.externaltools.arm-none.win32_1.15.0.201708311556/tools/compiler/bin/../lib/gcc/arm-none-eabi/6.3.1/../../../../arm-none-eabi/lib/thumb/v7e-m/fpv4-sp/hard\libc.a(lib_a-__call_atexit.o)
 *(.init_array*)
 .init_array    0x080078ac        0x4 c:/ac6/systemworkbench/plugins/fr.ac6.mcu.externaltools.arm-none.win32_1.15.0.201708311556/tools/compiler/bin/../lib/gcc/arm-none-eabi/6.3.1/thumb/v7e-m/fpv4-sp/hard/crtbegin.o
                0x080078b0                PROVIDE (__init_array_end, .)
                0x080078b0                . = ALIGN (0x4)

.fini_array     0x080078b0        0x4
                0x080078b0                . = ALIGN (0x4)
                0x080078b0                PROVIDE (__fini_array_start, .)
 *(SORT(.fini_array.*))
 *(.fini_array*)
 .fini_array    0x080078b0        0x4 c:/ac6/systemworkbench/plugins/fr.ac6.mcu.externaltools.arm-none.win32_1.15.0.201708311556/tools/compiler/bin/../lib/gcc/arm-none-eabi/6.3.1/thumb/v7e-m/fpv4-sp/hard/crtbegin.o
                0x080078b4                PROVIDE (__fini_array_end, .)
                0x080078b4                . = ALIGN (0x4)
                0x080078b4                _sidata = LOADADDR (.data)

.data           0x20000000      0x9b8 load address 0x080078b4
                0x20000000                . = ALIGN (0x4)
                0x20000000                _sdata = .
 *(.data)
 .data          0x20000000        0x8 src/main.o
                0x20000000                interruptLimit
                0x20000004                metronome
 .data          0x20000008        0x4 C:/Users/Kevin/Desktop/Kevin UQ/csse3010/CSSE3010-s4408736/sourcelib/boardlib/Release/libboardlib.a(system_stm32f4xx.o)
                0x20000008                SystemCoreClock
 *(.data*)
 .data._impure_ptr
                0x2000000c        0x4 c:/ac6/systemworkbench/plugins/fr.ac6.mcu.externaltools.arm-none.win32_1.15.0.201708311556/tools/compiler/bin/../lib/gcc/arm-none-eabi/6.3.1/../../../../arm-none-eabi/lib/thumb/v7e-m/fpv4-sp/hard\libc.a(lib_a-impure.o)
                0x2000000c                _impure_ptr
 .data.impure_data
                0x20000010      0x428 c:/ac6/systemworkbench/plugins/fr.ac6.mcu.externaltools.arm-none.win32_1.15.0.201708311556/tools/compiler/bin/../lib/gcc/arm-none-eabi/6.3.1/../../../../arm-none-eabi/lib/thumb/v7e-m/fpv4-sp/hard\libc.a(lib_a-impure.o)
 .data.__atexit_recursive_mutex
                0x20000438        0x4 c:/ac6/systemworkbench/plugins/fr.ac6.mcu.externaltools.arm-none.win32_1.15.0.201708311556/tools/compiler/bin/../lib/gcc/arm-none-eabi/6.3.1/../../../../arm-none-eabi/lib/thumb/v7e-m/fpv4-sp/hard\libc.a(lib_a-__call_atexit.o)
                0x20000438                __atexit_recursive_mutex
 .data.__malloc_av_
                0x2000043c      0x408 c:/ac6/systemworkbench/plugins/fr.ac6.mcu.externaltools.arm-none.win32_1.15.0.201708311556/tools/compiler/bin/../lib/gcc/arm-none-eabi/6.3.1/../../../../arm-none-eabi/lib/thumb/v7e-m/fpv4-sp/hard\libc.a(lib_a-mallocr.o)
                0x2000043c                __malloc_av_
 .data.__malloc_sbrk_base
                0x20000844        0x4 c:/ac6/systemworkbench/plugins/fr.ac6.mcu.externaltools.arm-none.win32_1.15.0.201708311556/tools/compiler/bin/../lib/gcc/arm-none-eabi/6.3.1/../../../../arm-none-eabi/lib/thumb/v7e-m/fpv4-sp/hard\libc.a(lib_a-mallocr.o)
                0x20000844                __malloc_sbrk_base
 .data.__malloc_trim_threshold
                0x20000848        0x4 c:/ac6/systemworkbench/plugins/fr.ac6.mcu.externaltools.arm-none.win32_1.15.0.201708311556/tools/compiler/bin/../lib/gcc/arm-none-eabi/6.3.1/../../../../arm-none-eabi/lib/thumb/v7e-m/fpv4-sp/hard\libc.a(lib_a-mallocr.o)
                0x20000848                __malloc_trim_threshold
 .data.__global_locale
                0x2000084c      0x16c c:/ac6/systemworkbench/plugins/fr.ac6.mcu.externaltools.arm-none.win32_1.15.0.201708311556/tools/compiler/bin/../lib/gcc/arm-none-eabi/6.3.1/../../../../arm-none-eabi/lib/thumb/v7e-m/fpv4-sp/hard\libc.a(lib_a-locale.o)
                0x2000084c                __global_locale
                0x200009b8                . = ALIGN (0x4)
                0x200009b8                _edata = .

.jcr            0x200009b8        0x0 load address 0x0800826c
 .jcr           0x200009b8        0x0 c:/ac6/systemworkbench/plugins/fr.ac6.mcu.externaltools.arm-none.win32_1.15.0.201708311556/tools/compiler/bin/../lib/gcc/arm-none-eabi/6.3.1/thumb/v7e-m/fpv4-sp/hard/crtbegin.o

.igot.plt       0x200009b8        0x0 load address 0x0800826c
 .igot.plt      0x200009b8        0x0 c:/ac6/systemworkbench/plugins/fr.ac6.mcu.externaltools.arm-none.win32_1.15.0.201708311556/tools/compiler/bin/../lib/gcc/arm-none-eabi/6.3.1/thumb/v7e-m/fpv4-sp/hard/crtbegin.o
                0x200009b8                . = ALIGN (0x4)

.bss            0x200009b8      0x144 load address 0x0800826c
                0x200009b8                _sbss = .
                0x200009b8                __bss_start__ = _sbss
 *(.bss)
 .bss           0x200009b8       0x1c c:/ac6/systemworkbench/plugins/fr.ac6.mcu.externaltools.arm-none.win32_1.15.0.201708311556/tools/compiler/bin/../lib/gcc/arm-none-eabi/6.3.1/thumb/v7e-m/fpv4-sp/hard/crtbegin.o
 .bss           0x200009d4        0x8 src/main.o
                0x200009d4                mode
                0x200009d8                count_interrupt
 .bss           0x200009dc        0x8 C:/Users/Kevin/Desktop/Kevin UQ/csse3010/CSSE3010-s4408736/sourcelib/boardlib/Release/libboardlib.a(debug_printf.o)
                0x200009e0                __env
 *(.bss*)
 .bss.__malloc_current_mallinfo
                0x200009e4       0x28 c:/ac6/systemworkbench/plugins/fr.ac6.mcu.externaltools.arm-none.win32_1.15.0.201708311556/tools/compiler/bin/../lib/gcc/arm-none-eabi/6.3.1/../../../../arm-none-eabi/lib/thumb/v7e-m/fpv4-sp/hard\libc.a(lib_a-mallocr.o)
                0x200009e4                __malloc_current_mallinfo
 .bss.__malloc_max_sbrked_mem
                0x20000a0c        0x4 c:/ac6/systemworkbench/plugins/fr.ac6.mcu.externaltools.arm-none.win32_1.15.0.201708311556/tools/compiler/bin/../lib/gcc/arm-none-eabi/6.3.1/../../../../arm-none-eabi/lib/thumb/v7e-m/fpv4-sp/hard\libc.a(lib_a-mallocr.o)
                0x20000a0c                __malloc_max_sbrked_mem
 .bss.__malloc_max_total_mem
                0x20000a10        0x4 c:/ac6/systemworkbench/plugins/fr.ac6.mcu.externaltools.arm-none.win32_1.15.0.201708311556/tools/compiler/bin/../lib/gcc/arm-none-eabi/6.3.1/../../../../arm-none-eabi/lib/thumb/v7e-m/fpv4-sp/hard\libc.a(lib_a-mallocr.o)
                0x20000a10                __malloc_max_total_mem
 .bss.__malloc_top_pad
                0x20000a14        0x4 c:/ac6/systemworkbench/plugins/fr.ac6.mcu.externaltools.arm-none.win32_1.15.0.201708311556/tools/compiler/bin/../lib/gcc/arm-none-eabi/6.3.1/../../../../arm-none-eabi/lib/thumb/v7e-m/fpv4-sp/hard\libc.a(lib_a-mallocr.o)
                0x20000a14                __malloc_top_pad
 *(COMMON)
 COMMON         0x20000a18       0x3c src/main.o
                0x20000a18                TIM_Init1
 COMMON         0x20000a54       0x40 C:/Users/Kevin/Desktop/Kevin UQ/csse3010/CSSE3010-s4408736/sourcelib/boardlib/Release/libboardlib.a(board.o)
                0x20000a54                UART_debug
 COMMON         0x20000a94        0x4 C:/Users/Kevin/Desktop/Kevin UQ/csse3010/CSSE3010-s4408736/sourcelib/boardlib/Release/libboardlib.a(stm32f4xx_hal.o)
                0x20000a94                uwTick
 COMMON         0x20000a98       0x3c C:/Users/Kevin/Desktop/Kevin UQ/csse3010/CSSE3010-s4408736/repo/mylib/Debug/libmylib.a(s4408736_hal_pantilt.o)
                0x20000a98                TIM_Init
 COMMON         0x20000ad4       0x21 c:/ac6/systemworkbench/plugins/fr.ac6.mcu.externaltools.arm-none.win32_1.15.0.201708311556/tools/compiler/bin/../lib/gcc/arm-none-eabi/6.3.1/../../../../arm-none-eabi/lib/thumb/v7e-m/fpv4-sp/hard\libc.a(lib_a-lock.o)
                0x20000ad4                __lock___atexit_recursive_mutex
                0x20000ad8                __lock___arc4random_mutex
                0x20000adc                __lock___env_recursive_mutex
                0x20000ae0                __lock___sinit_recursive_mutex
                0x20000ae4                __lock___malloc_recursive_mutex
                0x20000ae8                __lock___at_quick_exit_mutex
                0x20000aec                __lock___dd_hash_mutex
                0x20000af0                __lock___tz_mutex
                0x20000af4                __lock___sfp_recursive_mutex
 *fill*         0x20000af5        0x3 
 COMMON         0x20000af8        0x4 c:/ac6/systemworkbench/plugins/fr.ac6.mcu.externaltools.arm-none.win32_1.15.0.201708311556/tools/compiler/bin/../lib/gcc/arm-none-eabi/6.3.1/../../../../arm-none-eabi/lib/thumb/v7e-m/fpv4-sp/hard\libc.a(lib_a-reent.o)
                0x20000af8                errno
                0x20000afc                . = ALIGN (0x4)
                0x20000afc                _ebss = .
                0x20000afc                __bss_end__ = _ebss

._user_heap_stack
                0x20000afc      0x404 load address 0x0800826c
                0x20000b00                . = ALIGN (0x8)
 *fill*         0x20000afc        0x4 
                0x20000b00                PROVIDE (end, .)
                [!provide]                PROVIDE (_end, .)
                0x20000b00                . = (. + _Min_Heap_Size)
                0x20000f00                . = (. + _Min_Stack_Size)
 *fill*         0x20000b00      0x400 
                0x20000f00                . = ALIGN (0x8)

/DISCARD/
 libc.a(*)
 libm.a(*)
 libgcc.a(*)

.ARM.attributes
                0x00000000       0x30
 *(.ARM.attributes)
 .ARM.attributes
                0x00000000       0x22 c:/ac6/systemworkbench/plugins/fr.ac6.mcu.externaltools.arm-none.win32_1.15.0.201708311556/tools/compiler/bin/../lib/gcc/arm-none-eabi/6.3.1/thumb/v7e-m/fpv4-sp/hard/crti.o
 .ARM.attributes
                0x00000022       0x34 c:/ac6/systemworkbench/plugins/fr.ac6.mcu.externaltools.arm-none.win32_1.15.0.201708311556/tools/compiler/bin/../lib/gcc/arm-none-eabi/6.3.1/thumb/v7e-m/fpv4-sp/hard/crtbegin.o
 .ARM.attributes
                0x00000056       0x39 src/main.o
 .ARM.attributes
                0x0000008f       0x39 C:/Users/Kevin/Desktop/Kevin UQ/csse3010/CSSE3010-s4408736/sourcelib/boardlib/Release/libboardlib.a(board.o)
 .ARM.attributes
                0x000000c8       0x39 C:/Users/Kevin/Desktop/Kevin UQ/csse3010/CSSE3010-s4408736/sourcelib/boardlib/Release/libboardlib.a(debug_printf.o)
 .ARM.attributes
                0x00000101       0x39 C:/Users/Kevin/Desktop/Kevin UQ/csse3010/CSSE3010-s4408736/sourcelib/boardlib/Release/libboardlib.a(system_stm32f4xx.o)
 .ARM.attributes
                0x0000013a       0x39 C:/Users/Kevin/Desktop/Kevin UQ/csse3010/CSSE3010-s4408736/sourcelib/boardlib/Release/libboardlib.a(stm32f4xx_hal.o)
 .ARM.attributes
                0x00000173       0x39 C:/Users/Kevin/Desktop/Kevin UQ/csse3010/CSSE3010-s4408736/sourcelib/boardlib/Release/libboardlib.a(stm32f4xx_hal_cortex.o)
 .ARM.attributes
                0x000001ac       0x39 C:/Users/Kevin/Desktop/Kevin UQ/csse3010/CSSE3010-s4408736/sourcelib/boardlib/Release/libboardlib.a(stm32f4xx_hal_gpio.o)
 .ARM.attributes
                0x000001e5       0x39 C:/Users/Kevin/Desktop/Kevin UQ/csse3010/CSSE3010-s4408736/sourcelib/boardlib/Release/libboardlib.a(stm32f4xx_hal_tim.o)
 .ARM.attributes
                0x0000021e       0x39 C:/Users/Kevin/Desktop/Kevin UQ/csse3010/CSSE3010-s4408736/sourcelib/boardlib/Release/libboardlib.a(stm32f4xx_hal_tim_ex.o)
 .ARM.attributes
                0x00000257       0x39 C:/Users/Kevin/Desktop/Kevin UQ/csse3010/CSSE3010-s4408736/sourcelib/boardlib/Release/libboardlib.a(stm32f4xx_hal_uart.o)
 .ARM.attributes
                0x00000290       0x39 C:/Users/Kevin/Desktop/Kevin UQ/csse3010/CSSE3010-s4408736/sourcelib/boardlib/Release/libboardlib.a(stm32f4xx_hal_rcc.o)
 .ARM.attributes
                0x000002c9       0x39 C:/Users/Kevin/Desktop/Kevin UQ/csse3010/CSSE3010-s4408736/repo/mylib/Debug/libmylib.a(s4408736_hal_ledbar.o)
 .ARM.attributes
                0x00000302       0x39 C:/Users/Kevin/Desktop/Kevin UQ/csse3010/CSSE3010-s4408736/repo/mylib/Debug/libmylib.a(s4408736_hal_pantilt.o)
 .ARM.attributes
                0x0000033b       0x21 C:\Users\Kevin\AppData\Local\Temp\ccgoJ52Q.o
 .ARM.attributes
                0x0000035c       0x34 c:/ac6/systemworkbench/plugins/fr.ac6.mcu.externaltools.arm-none.win32_1.15.0.201708311556/tools/compiler/bin/../lib/gcc/arm-none-eabi/6.3.1/../../../../arm-none-eabi/lib/thumb/v7e-m/fpv4-sp/hard\libm.a(lib_a-s_round.o)
 .ARM.attributes
                0x00000390       0x22 c:/ac6/systemworkbench/plugins/fr.ac6.mcu.externaltools.arm-none.win32_1.15.0.201708311556/tools/compiler/bin/../lib/gcc/arm-none-eabi/6.3.1/thumb/v7e-m/fpv4-sp/hard\libgcc.a(_arm_addsubdf3.o)
 .ARM.attributes
                0x000003b2       0x22 c:/ac6/systemworkbench/plugins/fr.ac6.mcu.externaltools.arm-none.win32_1.15.0.201708311556/tools/compiler/bin/../lib/gcc/arm-none-eabi/6.3.1/thumb/v7e-m/fpv4-sp/hard\libgcc.a(_arm_muldivdf3.o)
 .ARM.attributes
                0x000003d4       0x22 c:/ac6/systemworkbench/plugins/fr.ac6.mcu.externaltools.arm-none.win32_1.15.0.201708311556/tools/compiler/bin/../lib/gcc/arm-none-eabi/6.3.1/thumb/v7e-m/fpv4-sp/hard\libgcc.a(_arm_fixdfsi.o)
 .ARM.attributes
                0x000003f6       0x22 c:/ac6/systemworkbench/plugins/fr.ac6.mcu.externaltools.arm-none.win32_1.15.0.201708311556/tools/compiler/bin/../lib/gcc/arm-none-eabi/6.3.1/thumb/v7e-m/fpv4-sp/hard\libgcc.a(_arm_fixunsdfsi.o)
 .ARM.attributes
                0x00000418       0x22 c:/ac6/systemworkbench/plugins/fr.ac6.mcu.externaltools.arm-none.win32_1.15.0.201708311556/tools/compiler/bin/../lib/gcc/arm-none-eabi/6.3.1/thumb/v7e-m/fpv4-sp/hard\libgcc.a(_aeabi_uldivmod.o)
 .ARM.attributes
                0x0000043a       0x34 c:/ac6/systemworkbench/plugins/fr.ac6.mcu.externaltools.arm-none.win32_1.15.0.201708311556/tools/compiler/bin/../lib/gcc/arm-none-eabi/6.3.1/thumb/v7e-m/fpv4-sp/hard\libgcc.a(_udivmoddi4.o)
 .ARM.attributes
                0x0000046e       0x22 c:/ac6/systemworkbench/plugins/fr.ac6.mcu.externaltools.arm-none.win32_1.15.0.201708311556/tools/compiler/bin/../lib/gcc/arm-none-eabi/6.3.1/thumb/v7e-m/fpv4-sp/hard\libgcc.a(_dvmd_tls.o)
 .ARM.attributes
                0x00000490       0x34 c:/ac6/systemworkbench/plugins/fr.ac6.mcu.externaltools.arm-none.win32_1.15.0.201708311556/tools/compiler/bin/../lib/gcc/arm-none-eabi/6.3.1/../../../../arm-none-eabi/lib/thumb/v7e-m/fpv4-sp/hard\libc.a(lib_a-errno.o)
 .ARM.attributes
                0x000004c4       0x34 c:/ac6/systemworkbench/plugins/fr.ac6.mcu.externaltools.arm-none.win32_1.15.0.201708311556/tools/compiler/bin/../lib/gcc/arm-none-eabi/6.3.1/../../../../arm-none-eabi/lib/thumb/v7e-m/fpv4-sp/hard\libc.a(lib_a-impure.o)
 .ARM.attributes
                0x000004f8       0x34 c:/ac6/systemworkbench/plugins/fr.ac6.mcu.externaltools.arm-none.win32_1.15.0.201708311556/tools/compiler/bin/../lib/gcc/arm-none-eabi/6.3.1/../../../../arm-none-eabi/lib/thumb/v7e-m/fpv4-sp/hard\libc.a(lib_a-init.o)
 .ARM.attributes
                0x0000052c       0x34 c:/ac6/systemworkbench/plugins/fr.ac6.mcu.externaltools.arm-none.win32_1.15.0.201708311556/tools/compiler/bin/../lib/gcc/arm-none-eabi/6.3.1/../../../../arm-none-eabi/lib/thumb/v7e-m/fpv4-sp/hard\libc.a(lib_a-memset.o)
 .ARM.attributes
                0x00000560       0x34 c:/ac6/systemworkbench/plugins/fr.ac6.mcu.externaltools.arm-none.win32_1.15.0.201708311556/tools/compiler/bin/../lib/gcc/arm-none-eabi/6.3.1/../../../../arm-none-eabi/lib/thumb/v7e-m/fpv4-sp/hard\libc.a(lib_a-setbuf.o)
 .ARM.attributes
                0x00000594       0x34 c:/ac6/systemworkbench/plugins/fr.ac6.mcu.externaltools.arm-none.win32_1.15.0.201708311556/tools/compiler/bin/../lib/gcc/arm-none-eabi/6.3.1/../../../../arm-none-eabi/lib/thumb/v7e-m/fpv4-sp/hard\libc.a(lib_a-setvbuf.o)
 .ARM.attributes
                0x000005c8       0x20 c:/ac6/systemworkbench/plugins/fr.ac6.mcu.externaltools.arm-none.win32_1.15.0.201708311556/tools/compiler/bin/../lib/gcc/arm-none-eabi/6.3.1/../../../../arm-none-eabi/lib/thumb/v7e-m/fpv4-sp/hard\libc.a(lib_a-strlen.o)
 .ARM.attributes
                0x000005e8       0x34 c:/ac6/systemworkbench/plugins/fr.ac6.mcu.externaltools.arm-none.win32_1.15.0.201708311556/tools/compiler/bin/../lib/gcc/arm-none-eabi/6.3.1/../../../../arm-none-eabi/lib/thumb/v7e-m/fpv4-sp/hard\libc.a(lib_a-vprintf.o)
 .ARM.attributes
                0x0000061c       0x34 c:/ac6/systemworkbench/plugins/fr.ac6.mcu.externaltools.arm-none.win32_1.15.0.201708311556/tools/compiler/bin/../lib/gcc/arm-none-eabi/6.3.1/../../../../arm-none-eabi/lib/thumb/v7e-m/fpv4-sp/hard\libc.a(lib_a-__call_atexit.o)
 .ARM.attributes
                0x00000650       0x34 c:/ac6/systemworkbench/plugins/fr.ac6.mcu.externaltools.arm-none.win32_1.15.0.201708311556/tools/compiler/bin/../lib/gcc/arm-none-eabi/6.3.1/../../../../arm-none-eabi/lib/thumb/v7e-m/fpv4-sp/hard\libc.a(lib_a-atexit.o)
 .ARM.attributes
                0x00000684       0x34 c:/ac6/systemworkbench/plugins/fr.ac6.mcu.externaltools.arm-none.win32_1.15.0.201708311556/tools/compiler/bin/../lib/gcc/arm-none-eabi/6.3.1/../../../../arm-none-eabi/lib/thumb/v7e-m/fpv4-sp/hard\libc.a(lib_a-fflush.o)
 .ARM.attributes
                0x000006b8       0x34 c:/ac6/systemworkbench/plugins/fr.ac6.mcu.externaltools.arm-none.win32_1.15.0.201708311556/tools/compiler/bin/../lib/gcc/arm-none-eabi/6.3.1/../../../../arm-none-eabi/lib/thumb/v7e-m/fpv4-sp/hard\libc.a(lib_a-findfp.o)
 .ARM.attributes
                0x000006ec       0x34 c:/ac6/systemworkbench/plugins/fr.ac6.mcu.externaltools.arm-none.win32_1.15.0.201708311556/tools/compiler/bin/../lib/gcc/arm-none-eabi/6.3.1/../../../../arm-none-eabi/lib/thumb/v7e-m/fpv4-sp/hard\libc.a(lib_a-fini.o)
 .ARM.attributes
                0x00000720       0x34 c:/ac6/systemworkbench/plugins/fr.ac6.mcu.externaltools.arm-none.win32_1.15.0.201708311556/tools/compiler/bin/../lib/gcc/arm-none-eabi/6.3.1/../../../../arm-none-eabi/lib/thumb/v7e-m/fpv4-sp/hard\libc.a(lib_a-freer.o)
 .ARM.attributes
                0x00000754       0x34 c:/ac6/systemworkbench/plugins/fr.ac6.mcu.externaltools.arm-none.win32_1.15.0.201708311556/tools/compiler/bin/../lib/gcc/arm-none-eabi/6.3.1/../../../../arm-none-eabi/lib/thumb/v7e-m/fpv4-sp/hard\libc.a(lib_a-fwalk.o)
 .ARM.attributes
                0x00000788       0x34 c:/ac6/systemworkbench/plugins/fr.ac6.mcu.externaltools.arm-none.win32_1.15.0.201708311556/tools/compiler/bin/../lib/gcc/arm-none-eabi/6.3.1/../../../../arm-none-eabi/lib/thumb/v7e-m/fpv4-sp/hard\libc.a(lib_a-lock.o)
 .ARM.attributes
                0x000007bc       0x34 c:/ac6/systemworkbench/plugins/fr.ac6.mcu.externaltools.arm-none.win32_1.15.0.201708311556/tools/compiler/bin/../lib/gcc/arm-none-eabi/6.3.1/../../../../arm-none-eabi/lib/thumb/v7e-m/fpv4-sp/hard\libc.a(lib_a-makebuf.o)
 .ARM.attributes
                0x000007f0       0x34 c:/ac6/systemworkbench/plugins/fr.ac6.mcu.externaltools.arm-none.win32_1.15.0.201708311556/tools/compiler/bin/../lib/gcc/arm-none-eabi/6.3.1/../../../../arm-none-eabi/lib/thumb/v7e-m/fpv4-sp/hard\libc.a(lib_a-malloc.o)
 .ARM.attributes
                0x00000824       0x34 c:/ac6/systemworkbench/plugins/fr.ac6.mcu.externaltools.arm-none.win32_1.15.0.201708311556/tools/compiler/bin/../lib/gcc/arm-none-eabi/6.3.1/../../../../arm-none-eabi/lib/thumb/v7e-m/fpv4-sp/hard\libc.a(lib_a-mallocr.o)
 .ARM.attributes
                0x00000858       0x34 c:/ac6/systemworkbench/plugins/fr.ac6.mcu.externaltools.arm-none.win32_1.15.0.201708311556/tools/compiler/bin/../lib/gcc/arm-none-eabi/6.3.1/../../../../arm-none-eabi/lib/thumb/v7e-m/fpv4-sp/hard\libc.a(lib_a-mlock.o)
 .ARM.attributes
                0x0000088c       0x34 c:/ac6/systemworkbench/plugins/fr.ac6.mcu.externaltools.arm-none.win32_1.15.0.201708311556/tools/compiler/bin/../lib/gcc/arm-none-eabi/6.3.1/../../../../arm-none-eabi/lib/thumb/v7e-m/fpv4-sp/hard\libc.a(lib_a-sbrkr.o)
 .ARM.attributes
                0x000008c0       0x34 c:/ac6/systemworkbench/plugins/fr.ac6.mcu.externaltools.arm-none.win32_1.15.0.201708311556/tools/compiler/bin/../lib/gcc/arm-none-eabi/6.3.1/../../../../arm-none-eabi/lib/thumb/v7e-m/fpv4-sp/hard\libc.a(lib_a-stdio.o)
 .ARM.attributes
                0x000008f4       0x34 c:/ac6/systemworkbench/plugins/fr.ac6.mcu.externaltools.arm-none.win32_1.15.0.201708311556/tools/compiler/bin/../lib/gcc/arm-none-eabi/6.3.1/../../../../arm-none-eabi/lib/thumb/v7e-m/fpv4-sp/hard\libc.a(lib_a-vfprintf.o)
 .ARM.attributes
                0x00000928       0x34 c:/ac6/systemworkbench/plugins/fr.ac6.mcu.externaltools.arm-none.win32_1.15.0.201708311556/tools/compiler/bin/../lib/gcc/arm-none-eabi/6.3.1/../../../../arm-none-eabi/lib/thumb/v7e-m/fpv4-sp/hard\libc.a(lib_a-writer.o)
 .ARM.attributes
                0x0000095c       0x34 c:/ac6/systemworkbench/plugins/fr.ac6.mcu.externaltools.arm-none.win32_1.15.0.201708311556/tools/compiler/bin/../lib/gcc/arm-none-eabi/6.3.1/../../../../arm-none-eabi/lib/thumb/v7e-m/fpv4-sp/hard\libc.a(lib_a-wsetup.o)
 .ARM.attributes
                0x00000990       0x34 c:/ac6/systemworkbench/plugins/fr.ac6.mcu.externaltools.arm-none.win32_1.15.0.201708311556/tools/compiler/bin/../lib/gcc/arm-none-eabi/6.3.1/../../../../arm-none-eabi/lib/thumb/v7e-m/fpv4-sp/hard\libc.a(lib_a-__atexit.o)
 .ARM.attributes
                0x000009c4       0x34 c:/ac6/systemworkbench/plugins/fr.ac6.mcu.externaltools.arm-none.win32_1.15.0.201708311556/tools/compiler/bin/../lib/gcc/arm-none-eabi/6.3.1/../../../../arm-none-eabi/lib/thumb/v7e-m/fpv4-sp/hard\libc.a(lib_a-closer.o)
 .ARM.attributes
                0x000009f8       0x34 c:/ac6/systemworkbench/plugins/fr.ac6.mcu.externaltools.arm-none.win32_1.15.0.201708311556/tools/compiler/bin/../lib/gcc/arm-none-eabi/6.3.1/../../../../arm-none-eabi/lib/thumb/v7e-m/fpv4-sp/hard\libc.a(lib_a-dtoa.o)
 .ARM.attributes
                0x00000a2c       0x34 c:/ac6/systemworkbench/plugins/fr.ac6.mcu.externaltools.arm-none.win32_1.15.0.201708311556/tools/compiler/bin/../lib/gcc/arm-none-eabi/6.3.1/../../../../arm-none-eabi/lib/thumb/v7e-m/fpv4-sp/hard\libc.a(lib_a-fclose.o)
 .ARM.attributes
                0x00000a60       0x34 c:/ac6/systemworkbench/plugins/fr.ac6.mcu.externaltools.arm-none.win32_1.15.0.201708311556/tools/compiler/bin/../lib/gcc/arm-none-eabi/6.3.1/../../../../arm-none-eabi/lib/thumb/v7e-m/fpv4-sp/hard\libc.a(lib_a-fstatr.o)
 .ARM.attributes
                0x00000a94       0x34 c:/ac6/systemworkbench/plugins/fr.ac6.mcu.externaltools.arm-none.win32_1.15.0.201708311556/tools/compiler/bin/../lib/gcc/arm-none-eabi/6.3.1/../../../../arm-none-eabi/lib/thumb/v7e-m/fpv4-sp/hard\libc.a(lib_a-isattyr.o)
 .ARM.attributes
                0x00000ac8       0x34 c:/ac6/systemworkbench/plugins/fr.ac6.mcu.externaltools.arm-none.win32_1.15.0.201708311556/tools/compiler/bin/../lib/gcc/arm-none-eabi/6.3.1/../../../../arm-none-eabi/lib/thumb/v7e-m/fpv4-sp/hard\libc.a(lib_a-localeconv.o)
 .ARM.attributes
                0x00000afc       0x34 c:/ac6/systemworkbench/plugins/fr.ac6.mcu.externaltools.arm-none.win32_1.15.0.201708311556/tools/compiler/bin/../lib/gcc/arm-none-eabi/6.3.1/../../../../arm-none-eabi/lib/thumb/v7e-m/fpv4-sp/hard\libc.a(lib_a-lseekr.o)
 .ARM.attributes
                0x00000b30       0x20 c:/ac6/systemworkbench/plugins/fr.ac6.mcu.externaltools.arm-none.win32_1.15.0.201708311556/tools/compiler/bin/../lib/gcc/arm-none-eabi/6.3.1/../../../../arm-none-eabi/lib/thumb/v7e-m/fpv4-sp/hard\libc.a(lib_a-memchr.o)
 .ARM.attributes
                0x00000b50       0x20 c:/ac6/systemworkbench/plugins/fr.ac6.mcu.externaltools.arm-none.win32_1.15.0.201708311556/tools/compiler/bin/../lib/gcc/arm-none-eabi/6.3.1/../../../../arm-none-eabi/lib/thumb/v7e-m/fpv4-sp/hard\libc.a(lib_a-memcpy.o)
 .ARM.attributes
                0x00000b70       0x34 c:/ac6/systemworkbench/plugins/fr.ac6.mcu.externaltools.arm-none.win32_1.15.0.201708311556/tools/compiler/bin/../lib/gcc/arm-none-eabi/6.3.1/../../../../arm-none-eabi/lib/thumb/v7e-m/fpv4-sp/hard\libc.a(lib_a-mprec.o)
 .ARM.attributes
                0x00000ba4       0x34 c:/ac6/systemworkbench/plugins/fr.ac6.mcu.externaltools.arm-none.win32_1.15.0.201708311556/tools/compiler/bin/../lib/gcc/arm-none-eabi/6.3.1/../../../../arm-none-eabi/lib/thumb/v7e-m/fpv4-sp/hard\libc.a(lib_a-readr.o)
 .ARM.attributes
                0x00000bd8       0x34 c:/ac6/systemworkbench/plugins/fr.ac6.mcu.externaltools.arm-none.win32_1.15.0.201708311556/tools/compiler/bin/../lib/gcc/arm-none-eabi/6.3.1/../../../../arm-none-eabi/lib/thumb/v7e-m/fpv4-sp/hard\libc.a(lib_a-reent.o)
 .ARM.attributes
                0x00000c0c       0x34 c:/ac6/systemworkbench/plugins/fr.ac6.mcu.externaltools.arm-none.win32_1.15.0.201708311556/tools/compiler/bin/../lib/gcc/arm-none-eabi/6.3.1/../../../../arm-none-eabi/lib/thumb/v7e-m/fpv4-sp/hard\libc.a(lib_a-vfiprintf.o)
 .ARM.attributes
                0x00000c40       0x34 c:/ac6/systemworkbench/plugins/fr.ac6.mcu.externaltools.arm-none.win32_1.15.0.201708311556/tools/compiler/bin/../lib/gcc/arm-none-eabi/6.3.1/../../../../arm-none-eabi/lib/thumb/v7e-m/fpv4-sp/hard\libc.a(lib_a-callocr.o)
 .ARM.attributes
                0x00000c74       0x34 c:/ac6/systemworkbench/plugins/fr.ac6.mcu.externaltools.arm-none.win32_1.15.0.201708311556/tools/compiler/bin/../lib/gcc/arm-none-eabi/6.3.1/../../../../arm-none-eabi/lib/thumb/v7e-m/fpv4-sp/hard\libc.a(lib_a-fputwc.o)
 .ARM.attributes
                0x00000ca8       0x34 c:/ac6/systemworkbench/plugins/fr.ac6.mcu.externaltools.arm-none.win32_1.15.0.201708311556/tools/compiler/bin/../lib/gcc/arm-none-eabi/6.3.1/../../../../arm-none-eabi/lib/thumb/v7e-m/fpv4-sp/hard\libc.a(lib_a-fvwrite.o)
 .ARM.attributes
                0x00000cdc       0x34 c:/ac6/systemworkbench/plugins/fr.ac6.mcu.externaltools.arm-none.win32_1.15.0.201708311556/tools/compiler/bin/../lib/gcc/arm-none-eabi/6.3.1/../../../../arm-none-eabi/lib/thumb/v7e-m/fpv4-sp/hard\libc.a(lib_a-locale.o)
 .ARM.attributes
                0x00000d10       0x34 c:/ac6/systemworkbench/plugins/fr.ac6.mcu.externaltools.arm-none.win32_1.15.0.201708311556/tools/compiler/bin/../lib/gcc/arm-none-eabi/6.3.1/../../../../arm-none-eabi/lib/thumb/v7e-m/fpv4-sp/hard\libc.a(lib_a-mbtowc_r.o)
 .ARM.attributes
                0x00000d44       0x34 c:/ac6/systemworkbench/plugins/fr.ac6.mcu.externaltools.arm-none.win32_1.15.0.201708311556/tools/compiler/bin/../lib/gcc/arm-none-eabi/6.3.1/../../../../arm-none-eabi/lib/thumb/v7e-m/fpv4-sp/hard\libc.a(lib_a-memmove.o)
 .ARM.attributes
                0x00000d78       0x34 c:/ac6/systemworkbench/plugins/fr.ac6.mcu.externaltools.arm-none.win32_1.15.0.201708311556/tools/compiler/bin/../lib/gcc/arm-none-eabi/6.3.1/../../../../arm-none-eabi/lib/thumb/v7e-m/fpv4-sp/hard\libc.a(lib_a-reallocr.o)
 .ARM.attributes
                0x00000dac       0x34 c:/ac6/systemworkbench/plugins/fr.ac6.mcu.externaltools.arm-none.win32_1.15.0.201708311556/tools/compiler/bin/../lib/gcc/arm-none-eabi/6.3.1/../../../../arm-none-eabi/lib/thumb/v7e-m/fpv4-sp/hard\libc.a(lib_a-wbuf.o)
 .ARM.attributes
                0x00000de0       0x34 c:/ac6/systemworkbench/plugins/fr.ac6.mcu.externaltools.arm-none.win32_1.15.0.201708311556/tools/compiler/bin/../lib/gcc/arm-none-eabi/6.3.1/../../../../arm-none-eabi/lib/thumb/v7e-m/fpv4-sp/hard\libc.a(lib_a-wcrtomb.o)
 .ARM.attributes
                0x00000e14       0x34 c:/ac6/systemworkbench/plugins/fr.ac6.mcu.externaltools.arm-none.win32_1.15.0.201708311556/tools/compiler/bin/../lib/gcc/arm-none-eabi/6.3.1/../../../../arm-none-eabi/lib/thumb/v7e-m/fpv4-sp/hard\libc.a(lib_a-wctomb_r.o)
 .ARM.attributes
                0x00000e48       0x34 c:/ac6/systemworkbench/plugins/fr.ac6.mcu.externaltools.arm-none.win32_1.15.0.201708311556/tools/compiler/bin/../lib/gcc/arm-none-eabi/6.3.1/../../../../arm-none-eabi/lib/thumb/v7e-m/fpv4-sp/hard\libc.a(lib_a-ctype_.o)
 .ARM.attributes
                0x00000e7c       0x22 c:/ac6/systemworkbench/plugins/fr.ac6.mcu.externaltools.arm-none.win32_1.15.0.201708311556/tools/compiler/bin/../lib/gcc/arm-none-eabi/6.3.1/thumb/v7e-m/fpv4-sp/hard\libgcc.a(_arm_cmpdf2.o)
 .ARM.attributes
                0x00000e9e       0x22 c:/ac6/systemworkbench/plugins/fr.ac6.mcu.externaltools.arm-none.win32_1.15.0.201708311556/tools/compiler/bin/../lib/gcc/arm-none-eabi/6.3.1/thumb/v7e-m/fpv4-sp/hard\libgcc.a(_arm_unorddf2.o)
 .ARM.attributes
                0x00000ec0       0x22 c:/ac6/systemworkbench/plugins/fr.ac6.mcu.externaltools.arm-none.win32_1.15.0.201708311556/tools/compiler/bin/../lib/gcc/arm-none-eabi/6.3.1/thumb/v7e-m/fpv4-sp/hard/crtn.o
OUTPUT(demo2.elf elf32-littlearm)

.comment        0x00000000       0x7f
 .comment       0x00000000       0x7f src/main.o
                                 0x80 (size before relaxing)
 .comment       0x0000007f       0x80 C:/Users/Kevin/Desktop/Kevin UQ/csse3010/CSSE3010-s4408736/sourcelib/boardlib/Release/libboardlib.a(board.o)
 .comment       0x0000007f       0x80 C:/Users/Kevin/Desktop/Kevin UQ/csse3010/CSSE3010-s4408736/sourcelib/boardlib/Release/libboardlib.a(debug_printf.o)
 .comment       0x0000007f       0x80 C:/Users/Kevin/Desktop/Kevin UQ/csse3010/CSSE3010-s4408736/sourcelib/boardlib/Release/libboardlib.a(system_stm32f4xx.o)
 .comment       0x0000007f       0x80 C:/Users/Kevin/Desktop/Kevin UQ/csse3010/CSSE3010-s4408736/sourcelib/boardlib/Release/libboardlib.a(stm32f4xx_hal.o)
 .comment       0x0000007f       0x80 C:/Users/Kevin/Desktop/Kevin UQ/csse3010/CSSE3010-s4408736/sourcelib/boardlib/Release/libboardlib.a(stm32f4xx_hal_cortex.o)
 .comment       0x0000007f       0x80 C:/Users/Kevin/Desktop/Kevin UQ/csse3010/CSSE3010-s4408736/sourcelib/boardlib/Release/libboardlib.a(stm32f4xx_hal_gpio.o)
 .comment       0x0000007f       0x80 C:/Users/Kevin/Desktop/Kevin UQ/csse3010/CSSE3010-s4408736/sourcelib/boardlib/Release/libboardlib.a(stm32f4xx_hal_tim.o)
 .comment       0x0000007f       0x80 C:/Users/Kevin/Desktop/Kevin UQ/csse3010/CSSE3010-s4408736/sourcelib/boardlib/Release/libboardlib.a(stm32f4xx_hal_tim_ex.o)
 .comment       0x0000007f       0x80 C:/Users/Kevin/Desktop/Kevin UQ/csse3010/CSSE3010-s4408736/sourcelib/boardlib/Release/libboardlib.a(stm32f4xx_hal_uart.o)
 .comment       0x0000007f       0x80 C:/Users/Kevin/Desktop/Kevin UQ/csse3010/CSSE3010-s4408736/sourcelib/boardlib/Release/libboardlib.a(stm32f4xx_hal_rcc.o)
 .comment       0x0000007f       0x80 C:/Users/Kevin/Desktop/Kevin UQ/csse3010/CSSE3010-s4408736/repo/mylib/Debug/libmylib.a(s4408736_hal_ledbar.o)
 .comment       0x0000007f       0x80 C:/Users/Kevin/Desktop/Kevin UQ/csse3010/CSSE3010-s4408736/repo/mylib/Debug/libmylib.a(s4408736_hal_pantilt.o)

.debug_info     0x00000000     0x203e
 .debug_info    0x00000000      0xdb6 C:/Users/Kevin/Desktop/Kevin UQ/csse3010/CSSE3010-s4408736/repo/mylib/Debug/libmylib.a(s4408736_hal_ledbar.o)
 .debug_info    0x00000db6     0x1288 C:/Users/Kevin/Desktop/Kevin UQ/csse3010/CSSE3010-s4408736/repo/mylib/Debug/libmylib.a(s4408736_hal_pantilt.o)

.debug_abbrev   0x00000000      0x486
 .debug_abbrev  0x00000000      0x20c C:/Users/Kevin/Desktop/Kevin UQ/csse3010/CSSE3010-s4408736/repo/mylib/Debug/libmylib.a(s4408736_hal_ledbar.o)
 .debug_abbrev  0x0000020c      0x27a C:/Users/Kevin/Desktop/Kevin UQ/csse3010/CSSE3010-s4408736/repo/mylib/Debug/libmylib.a(s4408736_hal_pantilt.o)

.debug_aranges  0x00000000       0x60
 .debug_aranges
                0x00000000       0x30 C:/Users/Kevin/Desktop/Kevin UQ/csse3010/CSSE3010-s4408736/repo/mylib/Debug/libmylib.a(s4408736_hal_ledbar.o)
 .debug_aranges
                0x00000030       0x30 C:/Users/Kevin/Desktop/Kevin UQ/csse3010/CSSE3010-s4408736/repo/mylib/Debug/libmylib.a(s4408736_hal_pantilt.o)

.debug_ranges   0x00000000       0x40
 .debug_ranges  0x00000000       0x20 C:/Users/Kevin/Desktop/Kevin UQ/csse3010/CSSE3010-s4408736/repo/mylib/Debug/libmylib.a(s4408736_hal_ledbar.o)
 .debug_ranges  0x00000020       0x20 C:/Users/Kevin/Desktop/Kevin UQ/csse3010/CSSE3010-s4408736/repo/mylib/Debug/libmylib.a(s4408736_hal_pantilt.o)

.debug_macro    0x00000000    0x23fcb
 .debug_macro   0x00000000      0x374 C:/Users/Kevin/Desktop/Kevin UQ/csse3010/CSSE3010-s4408736/repo/mylib/Debug/libmylib.a(s4408736_hal_ledbar.o)
 .debug_macro   0x00000374      0x8c8 C:/Users/Kevin/Desktop/Kevin UQ/csse3010/CSSE3010-s4408736/repo/mylib/Debug/libmylib.a(s4408736_hal_ledbar.o)
 .debug_macro   0x00000c3c       0x22 C:/Users/Kevin/Desktop/Kevin UQ/csse3010/CSSE3010-s4408736/repo/mylib/Debug/libmylib.a(s4408736_hal_ledbar.o)
 .debug_macro   0x00000c5e       0x52 C:/Users/Kevin/Desktop/Kevin UQ/csse3010/CSSE3010-s4408736/repo/mylib/Debug/libmylib.a(s4408736_hal_ledbar.o)
 .debug_macro   0x00000cb0       0x8d C:/Users/Kevin/Desktop/Kevin UQ/csse3010/CSSE3010-s4408736/repo/mylib/Debug/libmylib.a(s4408736_hal_ledbar.o)
 .debug_macro   0x00000d3d       0x35 C:/Users/Kevin/Desktop/Kevin UQ/csse3010/CSSE3010-s4408736/repo/mylib/Debug/libmylib.a(s4408736_hal_ledbar.o)
 .debug_macro   0x00000d72       0x9c C:/Users/Kevin/Desktop/Kevin UQ/csse3010/CSSE3010-s4408736/repo/mylib/Debug/libmylib.a(s4408736_hal_ledbar.o)
 .debug_macro   0x00000e0e       0x16 C:/Users/Kevin/Desktop/Kevin UQ/csse3010/CSSE3010-s4408736/repo/mylib/Debug/libmylib.a(s4408736_hal_ledbar.o)
 .debug_macro   0x00000e24       0x57 C:/Users/Kevin/Desktop/Kevin UQ/csse3010/CSSE3010-s4408736/repo/mylib/Debug/libmylib.a(s4408736_hal_ledbar.o)
 .debug_macro   0x00000e7b       0x97 C:/Users/Kevin/Desktop/Kevin UQ/csse3010/CSSE3010-s4408736/repo/mylib/Debug/libmylib.a(s4408736_hal_ledbar.o)