Archive member included to satisfy reference by file (symbol)

C:/Users/Kevin/Desktop/Kevin UQ/csse3010/CSSE3010-s4408736/sourcelib/boardlib/Release/libboardlib.a(board.o)
                              src/main.o (BRD_init)
C:/Users/Kevin/Desktop/Kevin UQ/csse3010/CSSE3010-s4408736/sourcelib/boardlib/Release/libboardlib.a(system_stm32f4xx.o)
                              C:/Users/Kevin/Desktop/Kevin UQ/csse3010/CSSE3010-s4408736/sourcelib/boardlib/Release/libboardlib.a(board.o) (SystemCoreClock)
C:/Users/Kevin/Desktop/Kevin UQ/csse3010/CSSE3010-s4408736/sourcelib/boardlib/Release/libboardlib.a(stm32f4xx_hal.o)
                              C:/Users/Kevin/Desktop/Kevin UQ/csse3010/CSSE3010-s4408736/sourcelib/boardlib/Release/libboardlib.a(board.o) (HAL_Init)
C:/Users/Kevin/Desktop/Kevin UQ/csse3010/CSSE3010-s4408736/sourcelib/boardlib/Release/libboardlib.a(stm32f4xx_hal_cortex.o)
                              C:/Users/Kevin/Desktop/Kevin UQ/csse3010/CSSE3010-s4408736/sourcelib/boardlib/Release/libboardlib.a(stm32f4xx_hal.o) (HAL_NVIC_SetPriorityGrouping)
C:/Users/Kevin/Desktop/Kevin UQ/csse3010/CSSE3010-s4408736/sourcelib/boardlib/Release/libboardlib.a(stm32f4xx_hal_gpio.o)
                              C:/Users/Kevin/Desktop/Kevin UQ/csse3010/CSSE3010-s4408736/sourcelib/boardlib/Release/libboardlib.a(board.o) (HAL_GPIO_Init)
C:/Users/Kevin/Desktop/Kevin UQ/csse3010/CSSE3010-s4408736/sourcelib/boardlib/Release/libboardlib.a(stm32f4xx_hal_uart.o)
                              C:/Users/Kevin/Desktop/Kevin UQ/csse3010/CSSE3010-s4408736/sourcelib/boardlib/Release/libboardlib.a(board.o) (HAL_UART_Init)
C:/Users/Kevin/Desktop/Kevin UQ/csse3010/CSSE3010-s4408736/sourcelib/boardlib/Release/libboardlib.a(stm32f4xx_hal_dma.o)
                              C:/Users/Kevin/Desktop/Kevin UQ/csse3010/CSSE3010-s4408736/sourcelib/boardlib/Release/libboardlib.a(stm32f4xx_hal_uart.o) (HAL_DMA_Start_IT)
C:/Users/Kevin/Desktop/Kevin UQ/csse3010/CSSE3010-s4408736/sourcelib/boardlib/Release/libboardlib.a(stm32f4xx_hal_rcc.o)
                              C:/Users/Kevin/Desktop/Kevin UQ/csse3010/CSSE3010-s4408736/sourcelib/boardlib/Release/libboardlib.a(stm32f4xx_hal_uart.o) (HAL_RCC_GetPCLK1Freq)
C:/Users/Kevin/Desktop/Kevin UQ/csse3010/CSSE3010-s4408736/repo/mylib/Debug/libmylib.a(s4408736_cli_pantilt.o)
                              src/main.o (s4408736_cli_pantilt_init)
C:/Users/Kevin/Desktop/Kevin UQ/csse3010/CSSE3010-s4408736/repo/mylib/Debug/libmylib.a(s4408736_hal_pantilt.o)
                              src/main.o (s4408736_hal_pantilt_init)
C:/Users/Kevin/Desktop/Kevin UQ/csse3010/CSSE3010-s4408736/repo/mylib/Debug/libmylib.a(s4408736_os_cli.o)
                              src/main.o (s4408736_cli_init)
C:/Users/Kevin/Desktop/Kevin UQ/csse3010/CSSE3010-s4408736/repo/mylib/Debug/libmylib.a(s4408736_os_pantilt.o)
                              src/main.o (s4408736_os_pantilt_init)
C:/Users/Kevin/Desktop/Kevin UQ/csse3010/CSSE3010-s4408736/repo/mylib/Debug/libmylib.a(s4408736_os_printf.o)
                              src/main.o (s4408736_os_printf_init)
C:/Users/Kevin/Desktop/Kevin UQ/csse3010/CSSE3010-s4408736/freertoslib/Release/libfreertoslib.a(port.o)
                              src/main.o (xPortSysTickHandler)
C:/Users/Kevin/Desktop/Kevin UQ/csse3010/CSSE3010-s4408736/freertoslib/Release/libfreertoslib.a(queue.o)
                              C:/Users/Kevin/Desktop/Kevin UQ/csse3010/CSSE3010-s4408736/repo/mylib/Debug/libmylib.a(s4408736_os_pantilt.o) (xQueueGenericCreate)
C:/Users/Kevin/Desktop/Kevin UQ/csse3010/CSSE3010-s4408736/freertoslib/Release/libfreertoslib.a(tasks.o)
                              C:/Users/Kevin/Desktop/Kevin UQ/csse3010/CSSE3010-s4408736/repo/mylib/Debug/libmylib.a(s4408736_os_cli.o) (xTaskCreate)
C:/Users/Kevin/Desktop/Kevin UQ/csse3010/CSSE3010-s4408736/freertoslib/Release/libfreertoslib.a(FreeRTOS_CLI.o)
                              C:/Users/Kevin/Desktop/Kevin UQ/csse3010/CSSE3010-s4408736/repo/mylib/Debug/libmylib.a(s4408736_cli_pantilt.o) (FreeRTOS_CLIRegisterCommand)
C:/Users/Kevin/Desktop/Kevin UQ/csse3010/CSSE3010-s4408736/freertoslib/Release/libfreertoslib.a(heap_1.o)
                              C:/Users/Kevin/Desktop/Kevin UQ/csse3010/CSSE3010-s4408736/freertoslib/Release/libfreertoslib.a(queue.o) (pvPortMalloc)
C:/Users/Kevin/Desktop/Kevin UQ/csse3010/CSSE3010-s4408736/freertoslib/Release/libfreertoslib.a(list.o)
                              C:/Users/Kevin/Desktop/Kevin UQ/csse3010/CSSE3010-s4408736/freertoslib/Release/libfreertoslib.a(queue.o) (vListInitialise)
C:/Users/Kevin/Desktop/Kevin UQ/csse3010/CSSE3010-s4408736/sourcelib/boardlib/Release/libboardlib.a(debug_printf.o)
                              C:/Users/Kevin/Desktop/Kevin UQ/csse3010/CSSE3010-s4408736/repo/mylib/Debug/libmylib.a(s4408736_os_cli.o) (debug_putc)
[...]
Memory Configuration

Name             Origin             Length             Attributes
RAM              0x20000000         0x00030000         xrw
ROM              0x08000000         0x00200000         xr
*default*        0x00000000         0xffffffff

Linker script and memory map

LOAD c:/ac6/systemworkbench/plugins/fr.ac6.mcu.externaltools.arm-none.win32_1.15.0.201708311556/tools/compiler/bin/../lib/gcc/arm-none-eabi/6.3.1/thumb/v7e-m/fpv4-sp/hard/crti.o
LOAD c:/ac6/systemworkbench/plugins/fr.ac6.mcu.externaltools.arm-none.win32_1.15.0.201708311556/tools/compiler/bin/../lib/gcc/arm-none-eabi/6.3.1/thumb/v7e-m/fpv4-sp/hard/crtbegin.o
LOAD c:/ac6/systemworkbench/plugins/fr.ac6.mcu.externaltools.arm-none.win32_1.15.0.201708311556/tools/compiler/bin/../lib/gcc/arm-none-eabi/6.3.1/../../../../arm-none-eabi/lib/thumb/v7e-m/fpv4-sp/hard/crt0.o
LOAD src/main.o
LOAD C:/Users/Kevin/Desktop/Kevin UQ/csse3010/CSSE3010-s4408736/sourcelib/boardlib/Release/libboardlib.a
LOAD C:/Users/Kevin/Desktop/Kevin UQ/csse3010/CSSE3010-s4408736/repo/mylib/Debug/libmylib.a
LOAD C:\Users\Kevin\AppData\Local\Temp\ccpWnzfX.o
LOAD C:/Users/Kevin/Desktop/Kevin UQ/csse3010/CSSE3010-s4408736/freertoslib/Release/libfreertoslib.a
LOAD C:/Users/Kevin/Desktop/Kevin UQ/csse3010/CSSE3010-s4408736/sourcelib/boardlib/Release/libboardlib.a
LOAD c:/ac6/systemworkbench/plugins/fr.ac6.mcu.externaltools.arm-none.win32_1.15.0.201708311556/tools/compiler/bin/../lib/gcc/arm-none-eabi/6.3.1/../../../../arm-none-eabi/lib/thumb/v7e-m/fpv4-sp/hard\libm.a
START GROUP
LOAD c:/ac6/systemworkbench/plugins/fr.ac6.mcu.externaltools.arm-none.win32_1.15.0.201708311556/tools/compiler/bin/../lib/gcc/arm-none-eabi/6.3.1/thumb/v7e-m/fpv4-sp/hard\libgcc.a
LOAD c:/ac6/systemworkbench/plugins/fr.ac6.mcu.externaltools.arm-none.win32_1.15.0.201708311556/tools/compiler/bin/../lib/gcc/arm-none-eabi/6.3.1/../../../../arm-none-eabi/lib/thumb/v7e-m/fpv4-sp/hard\libc.a
END GROUP
LOAD c:/ac6/systemworkbench/plugins/fr.ac6.mcu.externaltools.arm-none.win32_1.15.0.201708311556/tools/compiler/bin/../lib/gcc/arm-none-eabi/6.3.1/thumb/v7e-m/fpv4-sp/hard/crtend.o
LOAD c:/ac6/systemworkbench/plugins/fr.ac6.mcu.externaltools.arm-none.win32_1.15.0.201708311556/tools/compiler/bin/../lib/gcc/arm-none-eabi/6.3.1/thumb/v7e-m/fpv4-sp/hard/crtn.o
                0x20030000                _estack = 0x20030000
                0x00000000                _Min_Heap_Size = 0x0
                0x00000400                _Min_Stack_Size = 0x400

.isr_vector     0x08000000      0x1ac
                0x08000000                . = ALIGN (0x4)
 *(.isr_vector)
 .isr_vector    0x08000000      0x1ac C:\Users\Kevin\AppData\Local\Temp\ccpWnzfX.o
                0x08000000                g_pfnVectors
                0x080001ac                . = ALIGN (0x4)

.text           0x080001c0     0x9cf0
                0x080001c0                . = ALIGN (0x4)
 *(.text)
 .text          0x080001c0       0x6c c:/ac6/systemworkbench/plugins/fr.ac6.mcu.externaltools.arm-none.win32_1.15.0.201708311556/tools/compiler/bin/../lib/gcc/arm-none-eabi/6.3.1/thumb/v7e-m/fpv4-sp/hard/crtbegin.o
 .text          0x0800022c      0x370 c:/ac6/systemworkbench/plugins/fr.ac6.mcu.externaltools.arm-none.win32_1.15.0.201708311556/tools/compiler/bin/../lib/gcc/arm-none-eabi/6.3.1/thumb/v7e-m/fpv4-sp/hard\libgcc.a(_arm_addsubdf3.o)
                0x0800022c                __aeabi_drsub
                0x08000234                __aeabi_dsub
                0x08000234                __subdf3
                0x08000238                __aeabi_dadd
                0x08000238                __adddf3
                0x080004b0                __floatunsidf
                0x080004b0                __aeabi_ui2d
                0x080004d0                __floatsidf
                0x080004d0                __aeabi_i2d
                0x080004f4                __aeabi_f2d
                0x080004f4                __extendsfdf2
                0x08000530                __floatundidf
                0x08000530                __aeabi_ul2d
                0x08000540                __floatdidf
                0x08000540                __aeabi_l2d
 .text          0x0800059c      0x424 c:/ac6/systemworkbench/plugins/fr.ac6.mcu.externaltools.arm-none.win32_1.15.0.201708311556/tools/compiler/bin/../lib/gcc/arm-none-eabi/6.3.1/thumb/v7e-m/fpv4-sp/hard\libgcc.a(_arm_muldivdf3.o)
                0x0800059c                __aeabi_dmul
                0x0800059c                __muldf3
                0x080007f0                __divdf3
                0x080007f0                __aeabi_ddiv
 .text          0x080009c0       0x50 c:/ac6/systemworkbench/plugins/fr.ac6.mcu.externaltools.arm-none.win32_1.15.0.201708311556/tools/compiler/bin/../lib/gcc/arm-none-eabi/6.3.1/thumb/v7e-m/fpv4-sp/hard\libgcc.a(_arm_fixdfsi.o)
                0x080009c0                __aeabi_d2iz
                0x080009c0                __fixdfsi
 .text          0x08000a10       0x40 c:/ac6/systemworkbench/plugins/fr.ac6.mcu.externaltools.arm-none.win32_1.15.0.201708311556/tools/compiler/bin/../lib/gcc/arm-none-eabi/6.3.1/thumb/v7e-m/fpv4-sp/hard\libgcc.a(_arm_fixunsdfsi.o)
                0x08000a10                __aeabi_d2uiz
                0x08000a10                __fixunsdfsi
 .text          0x08000a50       0x30 c:/ac6/systemworkbench/plugins/fr.ac6.mcu.externaltools.arm-none.win32_1.15.0.201708311556/tools/compiler/bin/../lib/gcc/arm-none-eabi/6.3.1/thumb/v7e-m/fpv4-sp/hard\libgcc.a(_aeabi_uldivmod.o)
                0x08000a50                __aeabi_uldivmod
 .text          0x08000a80      0x2dc c:/ac6/systemworkbench/plugins/fr.ac6.mcu.externaltools.arm-none.win32_1.15.0.201708311556/tools/compiler/bin/../lib/gcc/arm-none-eabi/6.3.1/thumb/v7e-m/fpv4-sp/hard\libgcc.a(_udivmoddi4.o)
                0x08000a80                __udivmoddi4
 .text          0x08000d5c        0x4 c:/ac6/systemworkbench/plugins/fr.ac6.mcu.externaltools.arm-none.win32_1.15.0.201708311556/tools/compiler/bin/../lib/gcc/arm-none-eabi/6.3.1/thumb/v7e-m/fpv4-sp/hard\libgcc.a(_dvmd_tls.o)
                0x08000d5c                __aeabi_idiv0
                0x08000d5c                __aeabi_ldiv0
 .text          0x08000d60      0x134 c:/ac6/systemworkbench/plugins/fr.ac6.mcu.externaltools.arm-none.win32_1.15.0.201708311556/tools/compiler/bin/../lib/gcc/arm-none-eabi/6.3.1/../../../../arm-none-eabi/lib/thumb/v7e-m/fpv4-sp/hard\libc.a(lib_a-memcpy.o)
                0x08000d60                memcpy
 *fill*         0x08000e94        0xc 
 .text          0x08000ea0      0x2dc c:/ac6/systemworkbench/plugins/fr.ac6.mcu.externaltools.arm-none.win32_1.15.0.201708311556/tools/compiler/bin/../lib/gcc/arm-none-eabi/6.3.1/../../../../arm-none-eabi/lib/thumb/v7e-m/fpv4-sp/hard\libc.a(lib_a-strcmp.o)
                0x08000ea8                strcmp
 *fill*         0x0800117c        0x4 
 .text          0x08001180       0xdc c:/ac6/systemworkbench/plugins/fr.ac6.mcu.externaltools.arm-none.win32_1.15.0.201708311556/tools/compiler/bin/../lib/gcc/arm-none-eabi/6.3.1/../../../../arm-none-eabi/lib/thumb/v7e-m/fpv4-sp/hard\libc.a(lib_a-strlen.o)
                0x08001180                strlen
 *fill*         0x0800125c        0x4 
 .text          0x08001260       0xa0 c:/ac6/systemworkbench/plugins/fr.ac6.mcu.externaltools.arm-none.win32_1.15.0.201708311556/tools/compiler/bin/../lib/gcc/arm-none-eabi/6.3.1/../../../../arm-none-eabi/lib/thumb/v7e-m/fpv4-sp/hard\libc.a(lib_a-memchr.o)
                0x08001260                memchr
 .text          0x08001300      0x110 c:/ac6/systemworkbench/plugins/fr.ac6.mcu.externaltools.arm-none.win32_1.15.0.201708311556/tools/compiler/bin/../lib/gcc/arm-none-eabi/6.3.1/thumb/v7e-m/fpv4-sp/hard\libgcc.a(_arm_cmpdf2.o)
                0x08001300                __gtdf2
                0x08001300                __gedf2
                0x08001308                __ltdf2
                0x08001308                __ledf2
                0x08001310                __nedf2
                0x08001310                __eqdf2
                0x08001310                __cmpdf2
                0x0800138c                __aeabi_cdrcmple
                0x0800139c                __aeabi_cdcmpeq
                0x0800139c                __aeabi_cdcmple
                0x080013ac                __aeabi_dcmpeq
                0x080013c0                __aeabi_dcmplt
                0x080013d4                __aeabi_dcmple
                0x080013e8                __aeabi_dcmpge
                0x080013fc                __aeabi_dcmpgt
 .text          0x08001410       0x2c c:/ac6/systemworkbench/plugins/fr.ac6.mcu.externaltools.arm-none.win32_1.15.0.201708311556/tools/compiler/bin/../lib/gcc/arm-none-eabi/6.3.1/thumb/v7e-m/fpv4-sp/hard\libgcc.a(_arm_unorddf2.o)
                0x08001410                __unorddf2
                0x08001410                __aeabi_dcmpun
 *(.text*)
 .text.SysTick_Handler
                0x0800143c       0x14 src/main.o
                0x0800143c                SysTick_Handler
 .text.startup.main
                0x08001450       0x38 src/main.o
                0x08001450                main
 .text.BRD_init
                0x08001488       0xe4 C:/Users/Kevin/Desktop/Kevin UQ/csse3010/CSSE3010-s4408736/sourcelib/boardlib/Release/libboardlib.a(board.o)
                0x08001488                BRD_init
 .text.BRD_debuguart_putc
                0x0800156c       0x20 C:/Users/Kevin/Desktop/Kevin UQ/csse3010/CSSE3010-s4408736/sourcelib/boardlib/Release/libboardlib.a(board.o)
                0x0800156c                BRD_debuguart_putc
 .text.BRD_debuguart_getc
                0x0800158c       0x2c C:/Users/Kevin/Desktop/Kevin UQ/csse3010/CSSE3010-s4408736/sourcelib/boardlib/Release/libboardlib.a(board.o)
                0x0800158c                BRD_debuguart_getc
 .text.SystemInit
                0x080015b8       0x50 C:/Users/Kevin/Desktop/Kevin UQ/csse3010/CSSE3010-s4408736/sourcelib/boardlib/Release/libboardlib.a(system_stm32f4xx.o)
                0x080015b8                SystemInit
 .text.HAL_MspInit
                0x08001608        0x4 C:/Users/Kevin/Desktop/Kevin UQ/csse3010/CSSE3010-s4408736/sourcelib/boardlib/Release/libboardlib.a(stm32f4xx_hal.o)
                0x08001608                HAL_MspInit
 .text.HAL_InitTick
                0x0800160c       0x2c C:/Users/Kevin/Desktop/Kevin UQ/csse3010/CSSE3010-s4408736/sourcelib/boardlib/Release/libboardlib.a(stm32f4xx_hal.o)
                0x0800160c                HAL_InitTick
 .text.HAL_Init
                0x08001638       0x34 C:/Users/Kevin/Desktop/Kevin UQ/csse3010/CSSE3010-s4408736/sourcelib/boardlib/Release/libboardlib.a(stm32f4xx_hal.o)
                0x08001638                HAL_Init
 .text.HAL_IncTick
                0x0800166c       0x10 C:/Users/Kevin/Desktop/Kevin UQ/csse3010/CSSE3010-s4408736/sourcelib/boardlib/Release/libboardlib.a(stm32f4xx_hal.o)
                0x0800166c                HAL_IncTick
 .text.HAL_GetTick
                0x0800167c        0xc C:/Users/Kevin/Desktop/Kevin UQ/csse3010/CSSE3010-s4408736/sourcelib/boardlib/Release/libboardlib.a(stm32f4xx_hal.o)
                0x0800167c                HAL_GetTick
 .text.HAL_NVIC_SetPriorityGrouping
                0x08001688       0x24 C:/Users/Kevin/Desktop/Kevin UQ/csse3010/CSSE3010-s4408736/sourcelib/boardlib/Release/libboardlib.a(stm32f4xx_hal_cortex.o)
                0x08001688                HAL_NVIC_SetPriorityGrouping
 .text.HAL_NVIC_SetPriority
                0x080016ac       0x6c C:/Users/Kevin/Desktop/Kevin UQ/csse3010/CSSE3010-s4408736/sourcelib/boardlib/Release/libboardlib.a(stm32f4xx_hal_cortex.o)
                0x080016ac                HAL_NVIC_SetPriority
 .text.HAL_SYSTICK_Config
                0x08001718       0x34 C:/Users/Kevin/Desktop/Kevin UQ/csse3010/CSSE3010-s4408736/sourcelib/boardlib/Release/libboardlib.a(stm32f4xx_hal_cortex.o)
                0x08001718                HAL_SYSTICK_Config
 .text.HAL_SYSTICK_Callback
                0x0800174c        0x4 C:/Users/Kevin/Desktop/Kevin UQ/csse3010/CSSE3010-s4408736/sourcelib/boardlib/Release/libboardlib.a(stm32f4xx_hal_cortex.o)
                0x0800174c                HAL_SYSTICK_Callback
 .text.HAL_SYSTICK_IRQHandler
                0x08001750        0x8 C:/Users/Kevin/Desktop/Kevin UQ/csse3010/CSSE3010-s4408736/sourcelib/boardlib/Release/libboardlib.a(stm32f4xx_hal_cortex.o)
                0x08001750                HAL_SYSTICK_IRQHandler
 .text.HAL_GPIO_Init
                0x08001758      0x25c C:/Users/Kevin/Desktop/Kevin UQ/csse3010/CSSE3010-s4408736/sourcelib/boardlib/Release/libboardlib.a(stm32f4xx_hal_gpio.o)
                0x08001758                HAL_GPIO_Init
 .text.UART_SetConfig
                0x080019b4      0x300 C:/Users/Kevin/Desktop/Kevin UQ/csse3010/CSSE3010-s4408736/sourcelib/boardlib/Release/libboardlib.a(stm32f4xx_hal_uart.o)
 .text.HAL_UART_MspInit
                0x08001cb4        0x4 C:/Users/Kevin/Desktop/Kevin UQ/csse3010/CSSE3010-s4408736/sourcelib/boardlib/Release/libboardlib.a(stm32f4xx_hal_uart.o)
                0x08001cb4                HAL_UART_MspInit
 .text.HAL_UART_Init
                0x08001cb8       0x60 C:/Users/Kevin/Desktop/Kevin UQ/csse3010/CSSE3010-s4408736/sourcelib/boardlib/Release/libboardlib.a(stm32f4xx_hal_uart.o)
                0x08001cb8                HAL_UART_Init
 .text.HAL_UART_Transmit
                0x08001d18      0x108 C:/Users/Kevin/Desktop/Kevin UQ/csse3010/CSSE3010-s4408736/sourcelib/boardlib/Release/libboardlib.a(stm32f4xx_hal_uart.o)
                0x08001d18                HAL_UART_Transmit
 .text.HAL_UART_Receive
                0x08001e20      0x104 C:/Users/Kevin/Desktop/Kevin UQ/csse3010/CSSE3010-s4408736/sourcelib/boardlib/Release/libboardlib.a(stm32f4xx_hal_uart.o)
                0x08001e20                HAL_UART_Receive
 .text.HAL_RCC_GetPCLK1Freq
                0x08001f24       0x20 C:/Users/Kevin/Desktop/Kevin UQ/csse3010/CSSE3010-s4408736/sourcelib/boardlib/Release/libboardlib.a(stm32f4xx_hal_rcc.o)
                0x08001f24                HAL_RCC_GetPCLK1Freq
 .text.HAL_RCC_GetPCLK2Freq
                0x08001f44       0x20 C:/Users/Kevin/Desktop/Kevin UQ/csse3010/CSSE3010-s4408736/sourcelib/boardlib/Release/libboardlib.a(stm32f4xx_hal_rcc.o)
                0x08001f44                HAL_RCC_GetPCLK2Freq
 .text.s4408736_cli_pantilt_init
                0x08001f64       0x1c C:/Users/Kevin/Desktop/Kevin UQ/csse3010/CSSE3010-s4408736/repo/mylib/Debug/libmylib.a(s4408736_cli_pantilt.o)
                0x08001f64                s4408736_cli_pantilt_init
 .text.prvPanCommand
                0x08001f80       0x78 C:/Users/Kevin/Desktop/Kevin UQ/csse3010/CSSE3010-s4408736/repo/mylib/Debug/libmylib.a(s4408736_cli_pantilt.o)
 .text.prvTiltCommand
                0x08001ff8       0x78 C:/Users/Kevin/Desktop/Kevin UQ/csse3010/CSSE3010-s4408736/repo/mylib/Debug/libmylib.a(s4408736_cli_pantilt.o)
 .text.s4408736_hal_pantilt_init
                0x08002070      0x134 C:/Users/Kevin/Desktop/Kevin UQ/csse3010/CSSE3010-s4408736/repo/mylib/Debug/libmylib.a(s4408736_hal_pantilt.o)
                0x08002070                s4408736_hal_pantilt_init
 *fill*         0x080021a4        0x4 
 .text.pantilt_angle_write
                0x080021a8      0x11c C:/Users/Kevin/Desktop/Kevin UQ/csse3010/CSSE3010-s4408736/repo/mylib/Debug/libmylib.a(s4408736_hal_pantilt.o)
                0x080021a8                pantilt_angle_write
 .text.pantilt_angle_read
                0x080022c4       0xdc C:/Users/Kevin/Desktop/Kevin UQ/csse3010/CSSE3010-s4408736/repo/mylib/Debug/libmylib.a(s4408736_hal_pantilt.o)
                0x080022c4                pantilt_angle_read
 .text.s4408736_cli_init
                0x080023a0       0x2c C:/Users/Kevin/Desktop/Kevin UQ/csse3010/CSSE3010-s4408736/repo/mylib/Debug/libmylib.a(s4408736_os_cli.o)
                0x080023a0                s4408736_cli_init
 .text.CLI_Task
                0x080023cc       0xe0 C:/Users/Kevin/Desktop/Kevin UQ/csse3010/CSSE3010-s4408736/repo/mylib/Debug/libmylib.a(s4408736_os_cli.o)
                0x080023cc                CLI_Task
 .text.s4408736_os_pantilt_init
                0x080024ac       0x7c C:/Users/Kevin/Desktop/Kevin UQ/csse3010/CSSE3010-s4408736/repo/mylib/Debug/libmylib.a(s4408736_os_pantilt.o)
                0x080024ac                s4408736_os_pantilt_init
 .text.Take_angle_Task
                0x08002528      0x120 C:/Users/Kevin/Desktop/Kevin UQ/csse3010/CSSE3010-s4408736/repo/mylib/Debug/libmylib.a(s4408736_os_pantilt.o)
                0x08002528                Take_angle_Task
 .text.s4408736_os_printf_init
                0x08002648       0x40 C:/Users/Kevin/Desktop/Kevin UQ/csse3010/CSSE3010-s4408736/repo/mylib/Debug/libmylib.a(s4408736_os_printf.o)
                0x08002648                s4408736_os_printf_init
 .text.s4408736_TaskPrintf
                0x08002688       0x3c C:/Users/Kevin/Desktop/Kevin UQ/csse3010/CSSE3010-s4408736/repo/mylib/Debug/libmylib.a(s4408736_os_printf.o)
                0x08002688                s4408736_TaskPrintf
 .text.s44087368_printf
                0x080026c4       0x44 C:/Users/Kevin/Desktop/Kevin UQ/csse3010/CSSE3010-s4408736/repo/mylib/Debug/libmylib.a(s4408736_os_printf.o)
                0x080026c4                s44087368_printf
 .text.Reset_Handler
                0x08002708       0x50 C:\Users\Kevin\AppData\Local\Temp\ccpWnzfX.o
                0x08002708                Reset_Handler
 .text.Default_Handler
                0x08002758        0x2 C:\Users\Kevin\AppData\Local\Temp\ccpWnzfX.o
                0x08002758                RTC_Alarm_IRQHandler
                0x08002758                HASH_RNG_IRQHandler
                0x08002758                EXTI2_IRQHandler
                0x08002758                TIM8_CC_IRQHandler
                0x08002758                DebugMon_Handler
                0x08002758                UART8_IRQHandler
                0x08002758                SPI4_IRQHandler
                0x08002758                TIM1_CC_IRQHandler
                0x08002758                DMA2_Stream5_IRQHandler
                0x08002758                HardFault_Handler
                0x08002758                DMA1_Stream5_IRQHandler
                0x08002758                PVD_IRQHandler
                0x08002758                SDIO_IRQHandler
                0x08002758                TAMP_STAMP_IRQHandler
                0x08002758                NMI_Handler
                0x08002758                CAN2_RX1_IRQHandler
                0x08002758                EXTI3_IRQHandler
                0x08002758                TIM8_TRG_COM_TIM14_IRQHandler
                0x08002758                TIM1_UP_TIM10_IRQHandler
                0x08002758                TIM8_UP_TIM13_IRQHandler
                0x08002758                I2C3_ER_IRQHandler
                0x08002758                EXTI0_IRQHandler
                0x08002758                I2C2_EV_IRQHandler
                0x08002758                DMA1_Stream2_IRQHandler
                0x08002758                CAN1_RX0_IRQHandler
                0x08002758                FPU_IRQHandler
                0x08002758                OTG_HS_WKUP_IRQHandler
                0x08002758                UsageFault_Handler
                0x08002758                LTDC_ER_IRQHandler
                0x08002758                CAN2_SCE_IRQHandler
                0x08002758                DMA2_Stream2_IRQHandler
                0x08002758                SPI1_IRQHandler
                0x08002758                TIM6_DAC_IRQHandler
                0x08002758                TIM1_BRK_TIM9_IRQHandler
                0x08002758                DCMI_IRQHandler
                0x08002758                CAN2_RX0_IRQHandler
                0x08002758                DMA2_Stream3_IRQHandler
                0x08002758                USART6_IRQHandler
                0x08002758                USART3_IRQHandler
                0x08002758                CAN1_RX1_IRQHandler
                0x08002758                UART5_IRQHandler
                0x08002758                DMA2_Stream0_IRQHandler
                0x08002758                TIM4_IRQHandler
                0x08002758                I2C1_EV_IRQHandler
                0x08002758                DMA1_Stream6_IRQHandler
                0x08002758                DMA1_Stream1_IRQHandler
                0x08002758                UART4_IRQHandler
                0x08002758                TIM3_IRQHandler
                0x08002758                RCC_IRQHandler
                0x08002758                TIM8_BRK_TIM12_IRQHandler
                0x08002758                Default_Handler
                0x08002758                EXTI15_10_IRQHandler
                0x08002758                ADC_IRQHandler
                0x08002758                DMA1_Stream7_IRQHandler
                0x08002758                SPI5_IRQHandler
                0x08002758                TIM7_IRQHandler
                0x08002758                CAN2_TX_IRQHandler
                0x08002758                TIM5_IRQHandler
                0x08002758                DMA2_Stream7_IRQHandler
                0x08002758                I2C3_EV_IRQHandler
                0x08002758                EXTI9_5_IRQHandler
                0x08002758                RTC_WKUP_IRQHandler
                0x08002758                LTDC_IRQHandler
                0x08002758                ETH_WKUP_IRQHandler
                0x08002758                SPI2_IRQHandler
                0x08002758                OTG_HS_EP1_IN_IRQHandler
                0x08002758                MemManage_Handler
                0x08002758                DMA1_Stream0_IRQHandler
                0x08002758                CAN1_TX_IRQHandler
                0x08002758                EXTI4_IRQHandler
                0x08002758                ETH_IRQHandler
                0x08002758                OTG_HS_EP1_OUT_IRQHandler
                0x08002758                WWDG_IRQHandler
                0x08002758                SPI6_IRQHandler
                0x08002758                TIM2_IRQHandler
                0x08002758                OTG_FS_WKUP_IRQHandler
                0x08002758                TIM1_TRG_COM_TIM11_IRQHandler
                0x08002758                OTG_HS_IRQHandler
                0x08002758                DMA2D_IRQHandler
                0x08002758                EXTI1_IRQHandler
                0x08002758                UART7_IRQHandler
                0x08002758                USART2_IRQHandler
                0x08002758                I2C2_ER_IRQHandler
                0x08002758                DMA2_Stream1_IRQHandler
                0x08002758                CAN1_SCE_IRQHandler
                0x08002758                FLASH_IRQHandler
                0x08002758                DMA2_Stream4_IRQHandler
                0x08002758                BusFault_Handler
                0x08002758                USART1_IRQHandler
                0x08002758                OTG_FS_IRQHandler
                0x08002758                SPI3_IRQHandler
                0x08002758                DMA1_Stream4_IRQHandler
                0x08002758                I2C1_ER_IRQHandler
                0x08002758                FMC_IRQHandler
                0x08002758                DMA2_Stream6_IRQHandler
                0x08002758                SAI1_IRQHandler
                0x08002758                DMA1_Stream3_IRQHandler
 *fill*         0x0800275a        0x2 
 .text.prvTaskExitError
                0x0800275c       0x30 C:/Users/Kevin/Desktop/Kevin UQ/csse3010/CSSE3010-s4408736/freertoslib/Release/libfreertoslib.a(port.o)
 .text.prvPortStartFirstTask
                0x0800278c       0x20 C:/Users/Kevin/Desktop/Kevin UQ/csse3010/CSSE3010-s4408736/freertoslib/Release/libfreertoslib.a(port.o)
 .text.vPortEnableVFP
                0x080027ac       0x14 C:/Users/Kevin/Desktop/Kevin UQ/csse3010/CSSE3010-s4408736/freertoslib/Release/libfreertoslib.a(port.o)
 .text.pxPortInitialiseStack
                0x080027c0       0x2c C:/Users/Kevin/Desktop/Kevin UQ/csse3010/CSSE3010-s4408736/freertoslib/Release/libfreertoslib.a(port.o)
                0x080027c0                pxPortInitialiseStack
 *fill*         0x080027ec        0x4 
 .text.SVC_Handler
                0x080027f0       0x24 C:/Users/Kevin/Desktop/Kevin UQ/csse3010/CSSE3010-s4408736/freertoslib/Release/libfreertoslib.a(port.o)
                0x080027f0                SVC_Handler
 .text.vPortEnterCritical
                0x08002814       0x44 C:/Users/Kevin/Desktop/Kevin UQ/csse3010/CSSE3010-s4408736/freertoslib/Release/libfreertoslib.a(port.o)
                0x08002814                vPortEnterCritical
 .text.vPortExitCritical
                0x08002858       0x28 C:/Users/Kevin/Desktop/Kevin UQ/csse3010/CSSE3010-s4408736/freertoslib/Release/libfreertoslib.a(port.o)
                0x08002858                vPortExitCritical
 .text.PendSV_Handler
                0x08002880       0x64 C:/Users/Kevin/Desktop/Kevin UQ/csse3010/CSSE3010-s4408736/freertoslib/Release/libfreertoslib.a(port.o)
                0x08002880                PendSV_Handler
 .text.xPortSysTickHandler
                0x080028e4       0x2c C:/Users/Kevin/Desktop/Kevin UQ/csse3010/CSSE3010-s4408736/freertoslib/Release/libfreertoslib.a(port.o)
                0x080028e4                xPortSysTickHandler
 .text.vPortSetupTimerInterrupt
                0x08002910       0x2c C:/Users/Kevin/Desktop/Kevin UQ/csse3010/CSSE3010-s4408736/freertoslib/Release/libfreertoslib.a(port.o)
                0x08002910                vPortSetupTimerInterrupt
 .text.xPortStartScheduler
                0x0800293c       0xe8 C:/Users/Kevin/Desktop/Kevin UQ/csse3010/CSSE3010-s4408736/freertoslib/Release/libfreertoslib.a(port.o)
                0x0800293c                xPortStartScheduler
 .text.unlikely.prvCopyDataToQueue
                0x08002a24       0x6c C:/Users/Kevin/Desktop/Kevin UQ/csse3010/CSSE3010-s4408736/freertoslib/Release/libfreertoslib.a(queue.o)
 .text.unlikely.prvCopyDataFromQueue
                0x08002a90       0x26 C:/Users/Kevin/Desktop/Kevin UQ/csse3010/CSSE3010-s4408736/freertoslib/Release/libfreertoslib.a(queue.o)
 *fill*         0x08002ab6        0x2 
 .text.xQueueGenericReset.part.1
                0x08002ab8       0x14 C:/Users/Kevin/Desktop/Kevin UQ/csse3010/CSSE3010-s4408736/freertoslib/Release/libfreertoslib.a(queue.o)
 .text.prvNotifyQueueSetContainer
                0x08002acc       0x74 C:/Users/Kevin/Desktop/Kevin UQ/csse3010/CSSE3010-s4408736/freertoslib/Release/libfreertoslib.a(queue.o)
 .text.prvUnlockQueue
                0x08002b40       0xec C:/Users/Kevin/Desktop/Kevin UQ/csse3010/CSSE3010-s4408736/freertoslib/Release/libfreertoslib.a(queue.o)
 .text.xQueueGenericCreate
                0x08002c2c       0x80 C:/Users/Kevin/Desktop/Kevin UQ/csse3010/CSSE3010-s4408736/freertoslib/Release/libfreertoslib.a(queue.o)
                0x08002c2c                xQueueGenericCreate
 .text.xQueueGenericSend
                0x08002cac      0x194 C:/Users/Kevin/Desktop/Kevin UQ/csse3010/CSSE3010-s4408736/freertoslib/Release/libfreertoslib.a(queue.o)
                0x08002cac                xQueueGenericSend
 .text.xQueueGenericReceive
                0x08002e40      0x1a8 C:/Users/Kevin/Desktop/Kevin UQ/csse3010/CSSE3010-s4408736/freertoslib/Release/libfreertoslib.a(queue.o)
                0x08002e40                xQueueGenericReceive
 .text.prvAddCurrentTaskToDelayedList
                0x08002fe8       0x70 C:/Users/Kevin/Desktop/Kevin UQ/csse3010/CSSE3010-s4408736/freertoslib/Release/libfreertoslib.a(tasks.o)
 .text.xTaskCreate
                0x08003058      0x228 C:/Users/Kevin/Desktop/Kevin UQ/csse3010/CSSE3010-s4408736/freertoslib/Release/libfreertoslib.a(tasks.o)
                0x08003058                xTaskCreate
 .text.vTaskStartScheduler
                0x08003280       0x6c C:/Users/Kevin/Desktop/Kevin UQ/csse3010/CSSE3010-s4408736/freertoslib/Release/libfreertoslib.a(tasks.o)
                0x08003280                vTaskStartScheduler
 .text.vTaskSuspendAll
                0x080032ec       0x14 C:/Users/Kevin/Desktop/Kevin UQ/csse3010/CSSE3010-s4408736/freertoslib/Release/libfreertoslib.a(tasks.o)
                0x080032ec                vTaskSuspendAll
 .text.xTaskIncrementTick
                0x08003300      0x108 C:/Users/Kevin/Desktop/Kevin UQ/csse3010/CSSE3010-s4408736/freertoslib/Release/libfreertoslib.a(tasks.o)
                0x08003300                xTaskIncrementTick
 .text.xTaskResumeAll
                0x08003408       0xec C:/Users/Kevin/Desktop/Kevin UQ/csse3010/CSSE3010-s4408736/freertoslib/Release/libfreertoslib.a(tasks.o)
                0x08003408                xTaskResumeAll
 .text.vTaskDelay
                0x080034f4       0x50 C:/Users/Kevin/Desktop/Kevin UQ/csse3010/CSSE3010-s4408736/freertoslib/Release/libfreertoslib.a(tasks.o)
                0x080034f4                vTaskDelay
 .text.prvIdleTask
                0x08003544       0x74 C:/Users/Kevin/Desktop/Kevin UQ/csse3010/CSSE3010-s4408736/freertoslib/Release/libfreertoslib.a(tasks.o)
 .text.vTaskSwitchContext
                0x080035b8       0x5c C:/Users/Kevin/Desktop/Kevin UQ/csse3010/CSSE3010-s4408736/freertoslib/Release/libfreertoslib.a(tasks.o)
                0x080035b8                vTaskSwitchContext
 .text.vTaskPlaceOnEventList
                0x08003614       0x84 C:/Users/Kevin/Desktop/Kevin UQ/csse3010/CSSE3010-s4408736/freertoslib/Release/libfreertoslib.a(tasks.o)
                0x08003614                vTaskPlaceOnEventList
 .text.xTaskRemoveFromEventList
                0x08003698       0x78 C:/Users/Kevin/Desktop/Kevin UQ/csse3010/CSSE3010-s4408736/freertoslib/Release/libfreertoslib.a(tasks.o)
                0x08003698                xTaskRemoveFromEventList
 .text.vTaskSetTimeOutState
                0x08003710       0x28 C:/Users/Kevin/Desktop/Kevin UQ/csse3010/CSSE3010-s4408736/freertoslib/Release/libfreertoslib.a(tasks.o)
                0x08003710                vTaskSetTimeOutState
 .text.xTaskCheckForTimeOut
                0x08003738       0x84 C:/Users/Kevin/Desktop/Kevin UQ/csse3010/CSSE3010-s4408736/freertoslib/Release/libfreertoslib.a(tasks.o)
                0x08003738                xTaskCheckForTimeOut
 .text.vTaskMissedYield
                0x080037bc       0x10 C:/Users/Kevin/Desktop/Kevin UQ/csse3010/CSSE3010-s4408736/freertoslib/Release/libfreertoslib.a(tasks.o)
                0x080037bc                vTaskMissedYield
 .text.xTaskGetSchedulerState
                0x080037cc       0x20 C:/Users/Kevin/Desktop/Kevin UQ/csse3010/CSSE3010-s4408736/freertoslib/Release/libfreertoslib.a(tasks.o)
                0x080037cc                xTaskGetSchedulerState
 .text.vTaskPriorityInherit
                0x080037ec       0x90 C:/Users/Kevin/Desktop/Kevin UQ/csse3010/CSSE3010-s4408736/freertoslib/Release/libfreertoslib.a(tasks.o)
                0x080037ec                vTaskPriorityInherit
 .text.xTaskPriorityDisinherit
                0x0800387c       0xa8 C:/Users/Kevin/Desktop/Kevin UQ/csse3010/CSSE3010-s4408736/freertoslib/Release/libfreertoslib.a(tasks.o)
                0x0800387c                xTaskPriorityDisinherit
 .text.pvTaskIncrementMutexHeldCount
                0x08003924       0x18 C:/Users/Kevin/Desktop/Kevin UQ/csse3010/CSSE3010-s4408736/freertoslib/Release/libfreertoslib.a(tasks.o)
                0x08003924                pvTaskIncrementMutexHeldCount
 .text.prvHelpCommand
                0x0800393c       0x2c C:/Users/Kevin/Desktop/Kevin UQ/csse3010/CSSE3010-s4408736/freertoslib/Release/libfreertoslib.a(FreeRTOS_CLI.o)
 .text.FreeRTOS_CLIRegisterCommand
                0x08003968       0x54 C:/Users/Kevin/Desktop/Kevin UQ/csse3010/CSSE3010-s4408736/freertoslib/Release/libfreertoslib.a(FreeRTOS_CLI.o)
                0x08003968                FreeRTOS_CLIRegisterCommand
 .text.FreeRTOS_CLIProcessCommand
                0x080039bc       0xc8 C:/Users/Kevin/Desktop/Kevin UQ/csse3010/CSSE3010-s4408736/freertoslib/Release/libfreertoslib.a(FreeRTOS_CLI.o)
                0x080039bc                FreeRTOS_CLIProcessCommand
 .text.FreeRTOS_CLIGetOutputBuffer
                0x08003a84        0x8 C:/Users/Kevin/Desktop/Kevin UQ/csse3010/CSSE3010-s4408736/freertoslib/Release/libfreertoslib.a(FreeRTOS_CLI.o)
                0x08003a84                FreeRTOS_CLIGetOutputBuffer
 .text.FreeRTOS_CLIGetParameter
                0x08003a8c       0x4c C:/Users/Kevin/Desktop/Kevin UQ/csse3010/CSSE3010-s4408736/freertoslib/Release/libfreertoslib.a(FreeRTOS_CLI.o)
                0x08003a8c                FreeRTOS_CLIGetParameter
 .text.pvPortMalloc
                0x08003ad8       0x58 C:/Users/Kevin/Desktop/Kevin UQ/csse3010/CSSE3010-s4408736/freertoslib/Release/libfreertoslib.a(heap_1.o)
                0x08003ad8                pvPortMalloc
 .text.vPortFree
                0x08003b30       0x18 C:/Users/Kevin/Desktop/Kevin UQ/csse3010/CSSE3010-s4408736/freertoslib/Release/libfreertoslib.a(heap_1.o)
                0x08003b30                vPortFree
 .text.vListInitialise
                0x08003b48       0x18 C:/Users/Kevin/Desktop/Kevin UQ/csse3010/CSSE3010-s4408736/freertoslib/Release/libfreertoslib.a(list.o)
                0x08003b48                vListInitialise
 .text.vListInitialiseItem
                0x08003b60        0x8 C:/Users/Kevin/Desktop/Kevin UQ/csse3010/CSSE3010-s4408736/freertoslib/Release/libfreertoslib.a(list.o)
                0x08003b60                vListInitialiseItem
 .text.vListInsertEnd
                0x08003b68       0x20 C:/Users/Kevin/Desktop/Kevin UQ/csse3010/CSSE3010-s4408736/freertoslib/Release/libfreertoslib.a(list.o)
                0x08003b68                vListInsertEnd
 .text.vListInsert
                0x08003b88       0x34 C:/Users/Kevin/Desktop/Kevin UQ/csse3010/CSSE3010-s4408736/freertoslib/Release/libfreertoslib.a(list.o)
                0x08003b88                vListInsert
 .text.uxListRemove
                0x08003bbc       0x28 C:/Users/Kevin/Desktop/Kevin UQ/csse3010/CSSE3010-s4408736/freertoslib/Release/libfreertoslib.a(list.o)
                0x08003bbc                uxListRemove
 .text._sbrk    0x08003be4       0x34 C:/Users/Kevin/Desktop/Kevin UQ/csse3010/CSSE3010-s4408736/sourcelib/boardlib/Release/libboardlib.a(debug_printf.o)
                0x08003be4                _sbrk
 .text._close   0x08003c18        0x8 C:/Users/Kevin/Desktop/Kevin UQ/csse3010/CSSE3010-s4408736/sourcelib/boardlib/Release/libboardlib.a(debug_printf.o)
                0x08003c18                _close
 .text._fstat   0x08003c20        0xc C:/Users/Kevin/Desktop/Kevin UQ/csse3010/CSSE3010-s4408736/sourcelib/boardlib/Release/libboardlib.a(debug_printf.o)
                0x08003c20                _fstat
 .text._isatty  0x08003c2c        0x4 C:/Users/Kevin/Desktop/Kevin UQ/csse3010/CSSE3010-s4408736/sourcelib/boardlib/Release/libboardlib.a(debug_printf.o)
                0x08003c2c                _isatty
 .text._lseek   0x08003c30        0x4 C:/Users/Kevin/Desktop/Kevin UQ/csse3010/CSSE3010-s4408736/sourcelib/boardlib/Release/libboardlib.a(debug_printf.o)
                0x08003c30                _lseek
 .text.debug_putc
                0x08003c34        0x4 C:/Users/Kevin/Desktop/Kevin UQ/csse3010/CSSE3010-s4408736/sourcelib/boardlib/Release/libboardlib.a(debug_printf.o)
                0x08003c34                debug_putc
 .text.debug_flush
                0x08003c38        0x4 C:/Users/Kevin/Desktop/Kevin UQ/csse3010/CSSE3010-s4408736/sourcelib/boardlib/Release/libboardlib.a(debug_printf.o)
                0x08003c38                debug_flush
 .text.debug_getc
                0x08003c3c        0x4 C:/Users/Kevin/Desktop/Kevin UQ/csse3010/CSSE3010-s4408736/sourcelib/boardlib/Release/libboardlib.a(debug_printf.o)
                0x08003c3c                debug_getc
 .text.__io_putchar
                0x08003c40       0x10 C:/Users/Kevin/Desktop/Kevin UQ/csse3010/CSSE3010-s4408736/sourcelib/boardlib/Release/libboardlib.a(debug_printf.o)
                0x08003c40                __io_putchar
 .text._write   0x08003c50       0x1c C:/Users/Kevin/Desktop/Kevin UQ/csse3010/CSSE3010-s4408736/sourcelib/boardlib/Release/libboardlib.a(debug_printf.o)
                0x08003c50                _write
 .text.__io_getchar
                0x08003c6c        0x8 C:/Users/Kevin/Desktop/Kevin UQ/csse3010/CSSE3010-s4408736/sourcelib/boardlib/Release/libboardlib.a(debug_printf.o)
                0x08003c6c                __io_getchar
 .text._read    0x08003c74       0x1c C:/Users/Kevin/Desktop/Kevin UQ/csse3010/CSSE3010-s4408736/sourcelib/boardlib/Release/libboardlib.a(debug_printf.o)
                0x08003c74                _read
 .text.debug_printf
                0x08003c90       0x1c C:/Users/Kevin/Desktop/Kevin UQ/csse3010/CSSE3010-s4408736/sourcelib/boardlib/Release/libboardlib.a(debug_printf.o)
                0x08003c90                debug_printf
 .text.HAL_TIM_PWM_MspInit
                0x08003cac        0x4 C:/Users/Kevin/Desktop/Kevin UQ/csse3010/CSSE3010-s4408736/sourcelib/boardlib/Release/libboardlib.a(stm32f4xx_hal_tim.o)
                0x08003cac                HAL_TIM_PWM_MspInit
 .text.HAL_TIM_PWM_Init
                0x08003cb0       0xfc C:/Users/Kevin/Desktop/Kevin UQ/csse3010/CSSE3010-s4408736/sourcelib/boardlib/Release/libboardlib.a(stm32f4xx_hal_tim.o)
                0x08003cb0                HAL_TIM_PWM_Init
 .text.HAL_TIM_PWM_Start
                0x08003dac       0x48 C:/Users/Kevin/Desktop/Kevin UQ/csse3010/CSSE3010-s4408736/sourcelib/boardlib/Release/libboardlib.a(stm32f4xx_hal_tim.o)
                0x08003dac                HAL_TIM_PWM_Start
 .text.HAL_TIM_PWM_ConfigChannel
                0x08003df4      0x218 C:/Users/Kevin/Desktop/Kevin UQ/csse3010/CSSE3010-s4408736/sourcelib/boardlib/Release/libboardlib.a(stm32f4xx_hal_tim.o)
                0x08003df4                HAL_TIM_PWM_ConfigChannel
 .text.round    0x0800400c       0xb0 c:/ac6/systemworkbench/plugins/fr.ac6.mcu.externaltools.arm-none.win32_1.15.0.201708311556/tools/compiler/bin/../lib/gcc/arm-none-eabi/6.3.1/../../../../arm-none-eabi/lib/thumb/v7e-m/fpv4-sp/hard\libm.a(lib_a-s_round.o)
                0x0800400c                round
 .text.__errno  0x080040bc        0xc c:/ac6/systemworkbench/plugins/fr.ac6.mcu.externaltools.arm-none.win32_1.15.0.201708311556/tools/compiler/bin/../lib/gcc/arm-none-eabi/6.3.1/../../../../arm-none-eabi/lib/thumb/v7e-m/fpv4-sp/hard\libc.a(lib_a-errno.o)
                0x080040bc                __errno
 .text.__libc_init_array
                0x080040c8       0x50 c:/ac6/systemworkbench/plugins/fr.ac6.mcu.externaltools.arm-none.win32_1.15.0.201708311556/tools/compiler/bin/../lib/gcc/arm-none-eabi/6.3.1/../../../../arm-none-eabi/lib/thumb/v7e-m/fpv4-sp/hard\libc.a(lib_a-init.o)
                0x080040c8                __libc_init_array
 .text.memset   0x08004118       0x9c c:/ac6/systemworkbench/plugins/fr.ac6.mcu.externaltools.arm-none.win32_1.15.0.201708311556/tools/compiler/bin/../lib/gcc/arm-none-eabi/6.3.1/../../../../arm-none-eabi/lib/thumb/v7e-m/fpv4-sp/hard\libc.a(lib_a-memset.o)
                0x08004118                memset
 .text.strncmp  0x080041b4       0xa4 c:/ac6/systemworkbench/plugins/fr.ac6.mcu.externaltools.arm-none.win32_1.15.0.201708311556/tools/compiler/bin/../lib/gcc/arm-none-eabi/6.3.1/../../../../arm-none-eabi/lib/thumb/v7e-m/fpv4-sp/hard\libc.a(lib_a-strncmp.o)
                0x080041b4                strncmp
 .text.strncpy  0x08004258       0x64 c:/ac6/systemworkbench/plugins/fr.ac6.mcu.externaltools.arm-none.win32_1.15.0.201708311556/tools/compiler/bin/../lib/gcc/arm-none-eabi/6.3.1/../../../../arm-none-eabi/lib/thumb/v7e-m/fpv4-sp/hard\libc.a(lib_a-strncpy.o)
                0x08004258                strncpy
 .text.vprintf  0x080042bc       0x1c c:/ac6/systemworkbench/plugins/fr.ac6.mcu.externaltools.arm-none.win32_1.15.0.201708311556/tools/compiler/bin/../lib/gcc/arm-none-eabi/6.3.1/../../../../arm-none-eabi/lib/thumb/v7e-m/fpv4-sp/hard\libc.a(lib_a-vprintf.o)
                0x080042bc                vprintf
 .text._vsprintf_r
                0x080042d8       0x34 c:/ac6/systemworkbench/plugins/fr.ac6.mcu.externaltools.arm-none.win32_1.15.0.201708311556/tools/compiler/bin/../lib/gcc/arm-none-eabi/6.3.1/../../../../arm-none-eabi/lib/thumb/v7e-m/fpv4-sp/hard\libc.a(lib_a-vsprintf.o)
                0x080042d8                _vsprintf_r
 .text.vsprintf
                0x0800430c       0x18 c:/ac6/systemworkbench/plugins/fr.ac6.mcu.externaltools.arm-none.win32_1.15.0.201708311556/tools/compiler/bin/../lib/gcc/arm-none-eabi/6.3.1/../../../../arm-none-eabi/lib/thumb/v7e-m/fpv4-sp/hard\libc.a(lib_a-vsprintf.o)
                0x0800430c                vsprintf
 .text.startup.register_fini
                0x08004324       0x14 c:/ac6/systemworkbench/plugins/fr.ac6.mcu.externaltools.arm-none.win32_1.15.0.201708311556/tools/compiler/bin/../lib/gcc/arm-none-eabi/6.3.1/../../../../arm-none-eabi/lib/thumb/v7e-m/fpv4-sp/hard\libc.a(lib_a-__call_atexit.o)
 .text.atexit   0x08004338        0xc c:/ac6/systemworkbench/plugins/fr.ac6.mcu.externaltools.arm-none.win32_1.15.0.201708311556/tools/compiler/bin/../lib/gcc/arm-none-eabi/6.3.1/../../../../arm-none-eabi/lib/thumb/v7e-m/fpv4-sp/hard\libc.a(lib_a-atexit.o)
                0x08004338                atexit
 .text.__libc_fini_array
                0x08004344       0x34 c:/ac6/systemworkbench/plugins/fr.ac6.mcu.externaltools.arm-none.win32_1.15.0.201708311556/tools/compiler/bin/../lib/gcc/arm-none-eabi/6.3.1/../../../../arm-none-eabi/lib/thumb/v7e-m/fpv4-sp/hard\libc.a(lib_a-fini.o)
                0x08004344                __libc_fini_array
 .text.__retarget_lock_init_recursive
                0x08004378        0x4 c:/ac6/systemworkbench/plugins/fr.ac6.mcu.externaltools.arm-none.win32_1.15.0.201708311556/tools/compiler/bin/../lib/gcc/arm-none-eabi/6.3.1/../../../../arm-none-eabi/lib/thumb/v7e-m/fpv4-sp/hard\libc.a(lib_a-lock.o)
                0x08004378                __retarget_lock_init_recursive
 .text.__retarget_lock_close_recursive
                0x0800437c        0x4 c:/ac6/systemworkbench/plugins/fr.ac6.mcu.externaltools.arm-none.win32_1.15.0.201708311556/tools/compiler/bin/../lib/gcc/arm-none-eabi/6.3.1/../../../../arm-none-eabi/lib/thumb/v7e-m/fpv4-sp/hard\libc.a(lib_a-lock.o)
                0x0800437c                __retarget_lock_close_recursive
 .text.__retarget_lock_acquire_recursive
                0x08004380        0x4 c:/ac6/systemworkbench/plugins/fr.ac6.mcu.externaltools.arm-none.win32_1.15.0.201708311556/tools/compiler/bin/../lib/gcc/arm-none-eabi/6.3.1/../../../../arm-none-eabi/lib/thumb/v7e-m/fpv4-sp/hard\libc.a(lib_a-lock.o)
                0x08004380                __retarget_lock_acquire_recursive
 .text.__retarget_lock_release_recursive
                0x08004384        0x4 c:/ac6/systemworkbench/plugins/fr.ac6.mcu.externaltools.arm-none.win32_1.15.0.201708311556/tools/compiler/bin/../lib/gcc/arm-none-eabi/6.3.1/../../../../arm-none-eabi/lib/thumb/v7e-m/fpv4-sp/hard\libc.a(lib_a-lock.o)
                0x08004384                __retarget_lock_release_recursive
 .text._svfprintf_r
                0x08004388     0x1494 c:/ac6/systemworkbench/plugins/fr.ac6.mcu.externaltools.arm-none.win32_1.15.0.201708311556/tools/compiler/bin/../lib/gcc/arm-none-eabi/6.3.1/../../../../arm-none-eabi/lib/thumb/v7e-m/fpv4-sp/hard\libc.a(lib_a-svfprintf.o)
                0x08004388                _svfprintf_r
 *fill*         0x0800581c        0x4 
 .text._vfprintf_r
                0x08005820     0x158c c:/ac6/systemworkbench/plugins/fr.ac6.mcu.externaltools.arm-none.win32_1.15.0.201708311556/tools/compiler/bin/../lib/gcc/arm-none-eabi/6.3.1/../../../../arm-none-eabi/lib/thumb/v7e-m/fpv4-sp/hard\libc.a(lib_a-vfprintf.o)
                0x08005820                _vfprintf_r
 .text.__sbprintf
                0x08006dac       0x84 c:/ac6/systemworkbench/plugins/fr.ac6.mcu.externaltools.arm-none.win32_1.15.0.201708311556/tools/compiler/bin/../lib/gcc/arm-none-eabi/6.3.1/../../../../arm-none-eabi/lib/thumb/v7e-m/fpv4-sp/hard\libc.a(lib_a-vfprintf.o)
 .text.__swsetup_r
                0x08006e30       0xc8 c:/ac6/systemworkbench/plugins/fr.ac6.mcu.externaltools.arm-none.win32_1.15.0.201708311556/tools/compiler/bin/../lib/gcc/arm-none-eabi/6.3.1/../../../../arm-none-eabi/lib/thumb/v7e-m/fpv4-sp/hard\libc.a(lib_a-wsetup.o)
                0x08006e30                __swsetup_r
 .text.__register_exitproc
                0x08006ef8       0xc4 c:/ac6/systemworkbench/plugins/fr.ac6.mcu.externaltools.arm-none.win32_1.15.0.201708311556/tools/compiler/bin/../lib/gcc/arm-none-eabi/6.3.1/../../../../arm-none-eabi/lib/thumb/v7e-m/fpv4-sp/hard\libc.a(lib_a-__atexit.o)
                0x08006ef8                __register_exitproc
 .text.quorem   0x08006fbc      0x128 c:/ac6/systemworkbench/plugins/fr.ac6.mcu.externaltools.arm-none.win32_1.15.0.201708311556/tools/compiler/bin/../lib/gcc/arm-none-eabi/6.3.1/../../../../arm-none-eabi/lib/thumb/v7e-m/fpv4-sp/hard\libc.a(lib_a-dtoa.o)
 *fill*         0x080070e4        0x4 
 .text._dtoa_r  0x080070e8      0xe4c c:/ac6/systemworkbench/plugins/fr.ac6.mcu.externaltools.arm-none.win32_1.15.0.201708311556/tools/compiler/bin/../lib/gcc/arm-none-eabi/6.3.1/../../../../arm-none-eabi/lib/thumb/v7e-m/fpv4-sp/hard\libc.a(lib_a-dtoa.o)
                0x080070e8                _dtoa_r
 .text.__sflush_r
                0x08007f34      0x140 c:/ac6/systemworkbench/plugins/fr.ac6.mcu.externaltools.arm-none.win32_1.15.0.201708311556/tools/compiler/bin/../lib/gcc/arm-none-eabi/6.3.1/../../../../arm-none-eabi/lib/thumb/v7e-m/fpv4-sp/hard\libc.a(lib_a-fflush.o)
                0x08007f34                __sflush_r
 .text._fflush_r
                0x08008074       0x54 c:/ac6/systemworkbench/plugins/fr.ac6.mcu.externaltools.arm-none.win32_1.15.0.201708311556/tools/compiler/bin/../lib/gcc/arm-none-eabi/6.3.1/../../../../arm-none-eabi/lib/thumb/v7e-m/fpv4-sp/hard\libc.a(lib_a-fflush.o)
                0x08008074                _fflush_r
 .text._cleanup_r
                0x080080c8        0xc c:/ac6/systemworkbench/plugins/fr.ac6.mcu.externaltools.arm-none.win32_1.15.0.201708311556/tools/compiler/bin/../lib/gcc/arm-none-eabi/6.3.1/../../../../arm-none-eabi/lib/thumb/v7e-m/fpv4-sp/hard\libc.a(lib_a-findfp.o)
                0x080080c8                _cleanup_r
 .text.std.isra.0
                0x080080d4       0x50 c:/ac6/systemworkbench/plugins/fr.ac6.mcu.externaltools.arm-none.win32_1.15.0.201708311556/tools/compiler/bin/../lib/gcc/arm-none-eabi/6.3.1/../../../../arm-none-eabi/lib/thumb/v7e-m/fpv4-sp/hard\libc.a(lib_a-findfp.o)
 .text.__sinit  0x08008124       0x58 c:/ac6/systemworkbench/plugins/fr.ac6.mcu.externaltools.arm-none.win32_1.15.0.201708311556/tools/compiler/bin/../lib/gcc/arm-none-eabi/6.3.1/../../../../arm-none-eabi/lib/thumb/v7e-m/fpv4-sp/hard\libc.a(lib_a-findfp.o)
                0x08008124                __sinit
 .text.__sfp_lock_acquire
                0x0800817c        0xc c:/ac6/systemworkbench/plugins/fr.ac6.mcu.externaltools.arm-none.win32_1.15.0.201708311556/tools/compiler/bin/../lib/gcc/arm-none-eabi/6.3.1/../../../../arm-none-eabi/lib/thumb/v7e-m/fpv4-sp/hard\libc.a(lib_a-findfp.o)
                0x0800817c                __sfp_lock_acquire
 .text.__sfp_lock_release
                0x08008188        0xc c:/ac6/systemworkbench/plugins/fr.ac6.mcu.externaltools.arm-none.win32_1.15.0.201708311556/tools/compiler/bin/../lib/gcc/arm-none-eabi/6.3.1/../../../../arm-none-eabi/lib/thumb/v7e-m/fpv4-sp/hard\libc.a(lib_a-findfp.o)
                0x08008188                __sfp_lock_release
 .text._malloc_trim_r
                0x08008194       0xa0 c:/ac6/systemworkbench/plugins/fr.ac6.mcu.externaltools.arm-none.win32_1.15.0.201708311556/tools/compiler/bin/../lib/gcc/arm-none-eabi/6.3.1/../../../../arm-none-eabi/lib/thumb/v7e-m/fpv4-sp/hard\libc.a(lib_a-freer.o)
                0x08008194                _malloc_trim_r
 .text._free_r  0x08008234      0x1cc c:/ac6/systemworkbench/plugins/fr.ac6.mcu.externaltools.arm-none.win32_1.15.0.201708311556/tools/compiler/bin/../lib/gcc/arm-none-eabi/6.3.1/../../../../arm-none-eabi/lib/thumb/v7e-m/fpv4-sp/hard\libc.a(lib_a-freer.o)
                0x08008234                _free_r
 .text._fwalk_reent
                0x08008400       0x54 c:/ac6/systemworkbench/plugins/fr.ac6.mcu.externaltools.arm-none.win32_1.15.0.201708311556/tools/compiler/bin/../lib/gcc/arm-none-eabi/6.3.1/../../../../arm-none-eabi/lib/thumb/v7e-m/fpv4-sp/hard\libc.a(lib_a-fwalk.o)
                0x08008400                _fwalk_reent
 .text._localeconv_r
                0x08008454       0x1c c:/ac6/systemworkbench/plugins/fr.ac6.mcu.externaltools.arm-none.win32_1.15.0.201708311556/tools/compiler/bin/../lib/gcc/arm-none-eabi/6.3.1/../../../../arm-none-eabi/lib/thumb/v7e-m/fpv4-sp/hard\libc.a(lib_a-localeconv.o)
                0x08008454                _localeconv_r
 .text.__swhatbuf_r
                0x08008470       0x5c c:/ac6/systemworkbench/plugins/fr.ac6.mcu.externaltools.arm-none.win32_1.15.0.201708311556/tools/compiler/bin/../lib/gcc/arm-none-eabi/6.3.1/../../../../arm-none-eabi/lib/thumb/v7e-m/fpv4-sp/hard\libc.a(lib_a-makebuf.o)
                0x08008470                __swhatbuf_r
 .text.__smakebuf_r
                0x080084cc       0x94 c:/ac6/systemworkbench/plugins/fr.ac6.mcu.externaltools.arm-none.win32_1.15.0.201708311556/tools/compiler/bin/../lib/gcc/arm-none-eabi/6.3.1/../../../../arm-none-eabi/lib/thumb/v7e-m/fpv4-sp/hard\libc.a(lib_a-makebuf.o)
                0x080084cc                __smakebuf_r
 .text._malloc_r
                0x08008560      0x560 c:/ac6/systemworkbench/plugins/fr.ac6.mcu.externaltools.arm-none.win32_1.15.0.201708311556/tools/compiler/bin/../lib/gcc/arm-none-eabi/6.3.1/../../../../arm-none-eabi/lib/thumb/v7e-m/fpv4-sp/hard\libc.a(lib_a-mallocr.o)
                0x08008560                _malloc_r
 .text.__malloc_lock
                0x08008ac0        0xc c:/ac6/systemworkbench/plugins/fr.ac6.mcu.externaltools.arm-none.win32_1.15.0.201708311556/tools/compiler/bin/../lib/gcc/arm-none-eabi/6.3.1/../../../../arm-none-eabi/lib/thumb/v7e-m/fpv4-sp/hard\libc.a(lib_a-mlock.o)
                0x08008ac0                __malloc_lock
 .text.__malloc_unlock
                0x08008acc        0xc c:/ac6/systemworkbench/plugins/fr.ac6.mcu.externaltools.arm-none.win32_1.15.0.201708311556/tools/compiler/bin/../lib/gcc/arm-none-eabi/6.3.1/../../../../arm-none-eabi/lib/thumb/v7e-m/fpv4-sp/hard\libc.a(lib_a-mlock.o)
                0x08008acc                __malloc_unlock
 .text._Balloc  0x08008ad8       0x4c c:/ac6/systemworkbench/plugins/fr.ac6.mcu.externaltools.arm-none.win32_1.15.0.201708311556/tools/compiler/bin/../lib/gcc/arm-none-eabi/6.3.1/../../../../arm-none-eabi/lib/thumb/v7e-m/fpv4-sp/hard\libc.a(lib_a-mprec.o)
                0x08008ad8                _Balloc
 .text._Bfree   0x08008b24       0x14 c:/ac6/systemworkbench/plugins/fr.ac6.mcu.externaltools.arm-none.win32_1.15.0.201708311556/tools/compiler/bin/../lib/gcc/arm-none-eabi/6.3.1/../../../../arm-none-eabi/lib/thumb/v7e-m/fpv4-sp/hard\libc.a(lib_a-mprec.o)
                0x08008b24                _Bfree
 .text.__multadd
                0x08008b38       0x80 c:/ac6/systemworkbench/plugins/fr.ac6.mcu.externaltools.arm-none.win32_1.15.0.201708311556/tools/compiler/bin/../lib/gcc/arm-none-eabi/6.3.1/../../../../arm-none-eabi/lib/thumb/v7e-m/fpv4-sp/hard\libc.a(lib_a-mprec.o)
                0x08008b38                __multadd
 .text.__hi0bits
                0x08008bb8       0x40 c:/ac6/systemworkbench/plugins/fr.ac6.mcu.externaltools.arm-none.win32_1.15.0.201708311556/tools/compiler/bin/../lib/gcc/arm-none-eabi/6.3.1/../../../../arm-none-eabi/lib/thumb/v7e-m/fpv4-sp/hard\libc.a(lib_a-mprec.o)
                0x08008bb8                __hi0bits
 .text.__lo0bits
                0x08008bf8       0x60 c:/ac6/systemworkbench/plugins/fr.ac6.mcu.externaltools.arm-none.win32_1.15.0.201708311556/tools/compiler/bin/../lib/gcc/arm-none-eabi/6.3.1/../../../../arm-none-eabi/lib/thumb/v7e-m/fpv4-sp/hard\libc.a(lib_a-mprec.o)
                0x08008bf8                __lo0bits
 .text.__i2b    0x08008c58       0x14 c:/ac6/systemworkbench/plugins/fr.ac6.mcu.externaltools.arm-none.win32_1.15.0.201708311556/tools/compiler/bin/../lib/gcc/arm-none-eabi/6.3.1/../../../../arm-none-eabi/lib/thumb/v7e-m/fpv4-sp/hard\libc.a(lib_a-mprec.o)
                0x08008c58                __i2b
 .text.__multiply
                0x08008c6c      0x124 c:/ac6/systemworkbench/plugins/fr.ac6.mcu.externaltools.arm-none.win32_1.15.0.201708311556/tools/compiler/bin/../lib/gcc/arm-none-eabi/6.3.1/../../../../arm-none-eabi/lib/thumb/v7e-m/fpv4-sp/hard\libc.a(lib_a-mprec.o)
                0x08008c6c                __multiply
 .text.__pow5mult
                0x08008d90       0xa0 c:/ac6/systemworkbench/plugins/fr.ac6.mcu.externaltools.arm-none.win32_1.15.0.201708311556/tools/compiler/bin/../lib/gcc/arm-none-eabi/6.3.1/../../../../arm-none-eabi/lib/thumb/v7e-m/fpv4-sp/hard\libc.a(lib_a-mprec.o)
                0x08008d90                __pow5mult
 .text.__lshift
                0x08008e30       0xa4 c:/ac6/systemworkbench/plugins/fr.ac6.mcu.externaltools.arm-none.win32_1.15.0.201708311556/tools/compiler/bin/../lib/gcc/arm-none-eabi/6.3.1/../../../../arm-none-eabi/lib/thumb/v7e-m/fpv4-sp/hard\libc.a(lib_a-mprec.o)
                0x08008e30                __lshift
 .text.__mcmp   0x08008ed4       0x38 c:/ac6/systemworkbench/plugins/fr.ac6.mcu.externaltools.arm-none.win32_1.15.0.201708311556/tools/compiler/bin/../lib/gcc/arm-none-eabi/6.3.1/../../../../arm-none-eabi/lib/thumb/v7e-m/fpv4-sp/hard\libc.a(lib_a-mprec.o)
                0x08008ed4                __mcmp
 .text.__mdiff  0x08008f0c      0x108 c:/ac6/systemworkbench/plugins/fr.ac6.mcu.externaltools.arm-none.win32_1.15.0.201708311556/tools/compiler/bin/../lib/gcc/arm-none-eabi/6.3.1/../../../../arm-none-eabi/lib/thumb/v7e-m/fpv4-sp/hard\libc.a(lib_a-mprec.o)
                0x08008f0c                __mdiff
 .text.__d2b    0x08009014       0xbc c:/ac6/systemworkbench/plugins/fr.ac6.mcu.externaltools.arm-none.win32_1.15.0.201708311556/tools/compiler/bin/../lib/gcc/arm-none-eabi/6.3.1/../../../../arm-none-eabi/lib/thumb/v7e-m/fpv4-sp/hard\libc.a(lib_a-mprec.o)
                0x08009014                __d2b
 .text._sbrk_r  0x080090d0       0x24 c:/ac6/systemworkbench/plugins/fr.ac6.mcu.externaltools.arm-none.win32_1.15.0.201708311556/tools/compiler/bin/../lib/gcc/arm-none-eabi/6.3.1/../../../../arm-none-eabi/lib/thumb/v7e-m/fpv4-sp/hard\libc.a(lib_a-sbrkr.o)
                0x080090d0                _sbrk_r
 .text.__sread  0x080090f4       0x24 c:/ac6/systemworkbench/plugins/fr.ac6.mcu.externaltools.arm-none.win32_1.15.0.201708311556/tools/compiler/bin/../lib/gcc/arm-none-eabi/6.3.1/../../../../arm-none-eabi/lib/thumb/v7e-m/fpv4-sp/hard\libc.a(lib_a-stdio.o)
                0x080090f4                __sread
 .text.__swrite
                0x08009118       0x3c c:/ac6/systemworkbench/plugins/fr.ac6.mcu.externaltools.arm-none.win32_1.15.0.201708311556/tools/compiler/bin/../lib/gcc/arm-none-eabi/6.3.1/../../../../arm-none-eabi/lib/thumb/v7e-m/fpv4-sp/hard\libc.a(lib_a-stdio.o)
                0x08009118                __swrite
 .text.__sseek  0x08009154       0x20 c:/ac6/systemworkbench/plugins/fr.ac6.mcu.externaltools.arm-none.win32_1.15.0.201708311556/tools/compiler/bin/../lib/gcc/arm-none-eabi/6.3.1/../../../../arm-none-eabi/lib/thumb/v7e-m/fpv4-sp/hard\libc.a(lib_a-stdio.o)
                0x08009154                __sseek
 .text.__sclose
                0x08009174        0x8 c:/ac6/systemworkbench/plugins/fr.ac6.mcu.externaltools.arm-none.win32_1.15.0.201708311556/tools/compiler/bin/../lib/gcc/arm-none-eabi/6.3.1/../../../../arm-none-eabi/lib/thumb/v7e-m/fpv4-sp/hard\libc.a(lib_a-stdio.o)
                0x08009174                __sclose
 .text.__ssprint_r
                0x0800917c       0xfc c:/ac6/systemworkbench/plugins/fr.ac6.mcu.externaltools.arm-none.win32_1.15.0.201708311556/tools/compiler/bin/../lib/gcc/arm-none-eabi/6.3.1/../../../../arm-none-eabi/lib/thumb/v7e-m/fpv4-sp/hard\libc.a(lib_a-svfiprintf.o)
                0x0800917c                __ssprint_r
 .text.__sprint_r.part.0
                0x08009278       0x80 c:/ac6/systemworkbench/plugins/fr.ac6.mcu.externaltools.arm-none.win32_1.15.0.201708311556/tools/compiler/bin/../lib/gcc/arm-none-eabi/6.3.1/../../../../arm-none-eabi/lib/thumb/v7e-m/fpv4-sp/hard\libc.a(lib_a-vfiprintf.o)
 .text.__sprint_r
                0x080092f8       0x14 c:/ac6/systemworkbench/plugins/fr.ac6.mcu.externaltools.arm-none.win32_1.15.0.201708311556/tools/compiler/bin/../lib/gcc/arm-none-eabi/6.3.1/../../../../arm-none-eabi/lib/thumb/v7e-m/fpv4-sp/hard\libc.a(lib_a-vfiprintf.o)
                0x080092f8                __sprint_r
 .text._write_r
                0x0800930c       0x2c c:/ac6/systemworkbench/plugins/fr.ac6.mcu.externaltools.arm-none.win32_1.15.0.201708311556/tools/compiler/bin/../lib/gcc/arm-none-eabi/6.3.1/../../../../arm-none-eabi/lib/thumb/v7e-m/fpv4-sp/hard\libc.a(lib_a-writer.o)
                0x0800930c                _write_r
 .text._calloc_r
                0x08009338       0x60 c:/ac6/systemworkbench/plugins/fr.ac6.mcu.externaltools.arm-none.win32_1.15.0.201708311556/tools/compiler/bin/../lib/gcc/arm-none-eabi/6.3.1/../../../../arm-none-eabi/lib/thumb/v7e-m/fpv4-sp/hard\libc.a(lib_a-callocr.o)
                0x08009338                _calloc_r
 .text._close_r
                0x08009398       0x24 c:/ac6/systemworkbench/plugins/fr.ac6.mcu.externaltools.arm-none.win32_1.15.0.201708311556/tools/compiler/bin/../lib/gcc/arm-none-eabi/6.3.1/../../../../arm-none-eabi/lib/thumb/v7e-m/fpv4-sp/hard\libc.a(lib_a-closer.o)
                0x08009398                _close_r
 .text._fclose_r
                0x080093bc       0xc4 c:/ac6/systemworkbench/plugins/fr.ac6.mcu.externaltools.arm-none.win32_1.15.0.201708311556/tools/compiler/bin/../lib/gcc/arm-none-eabi/6.3.1/../../../../arm-none-eabi/lib/thumb/v7e-m/fpv4-sp/hard\libc.a(lib_a-fclose.o)
                0x080093bc                _fclose_r
 .text.__fputwc
                0x08009480       0xa0 c:/ac6/systemworkbench/plugins/fr.ac6.mcu.externaltools.arm-none.win32_1.15.0.201708311556/tools/compiler/bin/../lib/gcc/arm-none-eabi/6.3.1/../../../../arm-none-eabi/lib/thumb/v7e-m/fpv4-sp/hard\libc.a(lib_a-fputwc.o)
                0x08009480                __fputwc
 .text._fputwc_r
                0x08009520       0x68 c:/ac6/systemworkbench/plugins/fr.ac6.mcu.externaltools.arm-none.win32_1.15.0.201708311556/tools/compiler/bin/../lib/gcc/arm-none-eabi/6.3.1/../../../../arm-none-eabi/lib/thumb/v7e-m/fpv4-sp/hard\libc.a(lib_a-fputwc.o)
                0x08009520                _fputwc_r
 .text._fstat_r
                0x08009588       0x28 c:/ac6/systemworkbench/plugins/fr.ac6.mcu.externaltools.arm-none.win32_1.15.0.201708311556/tools/compiler/bin/../lib/gcc/arm-none-eabi/6.3.1/../../../../arm-none-eabi/lib/thumb/v7e-m/fpv4-sp/hard\libc.a(lib_a-fstatr.o)
                0x08009588                _fstat_r
 .text.__sfvwrite_r
                0x080095b0      0x2f0 c:/ac6/systemworkbench/plugins/fr.ac6.mcu.externaltools.arm-none.win32_1.15.0.201708311556/tools/compiler/bin/../lib/gcc/arm-none-eabi/6.3.1/../../../../arm-none-eabi/lib/thumb/v7e-m/fpv4-sp/hard\libc.a(lib_a-fvwrite.o)
                0x080095b0                __sfvwrite_r
 .text._isatty_r
                0x080098a0       0x24 c:/ac6/systemworkbench/plugins/fr.ac6.mcu.externaltools.arm-none.win32_1.15.0.201708311556/tools/compiler/bin/../lib/gcc/arm-none-eabi/6.3.1/../../../../arm-none-eabi/lib/thumb/v7e-m/fpv4-sp/hard\libc.a(lib_a-isattyr.o)
                0x080098a0                _isatty_r
 .text.__locale_mb_cur_max
                0x080098c4       0x1c c:/ac6/systemworkbench/plugins/fr.ac6.mcu.externaltools.arm-none.win32_1.15.0.201708311556/tools/compiler/bin/../lib/gcc/arm-none-eabi/6.3.1/../../../../arm-none-eabi/lib/thumb/v7e-m/fpv4-sp/hard\libc.a(lib_a-locale.o)
                0x080098c4                __locale_mb_cur_max
 .text._lseek_r
                0x080098e0       0x2c c:/ac6/systemworkbench/plugins/fr.ac6.mcu.externaltools.arm-none.win32_1.15.0.201708311556/tools/compiler/bin/../lib/gcc/arm-none-eabi/6.3.1/../../../../arm-none-eabi/lib/thumb/v7e-m/fpv4-sp/hard\libc.a(lib_a-lseekr.o)
                0x080098e0                _lseek_r
 .text.__ascii_mbtowc
                0x0800990c       0x2c c:/ac6/systemworkbench/plugins/fr.ac6.mcu.externaltools.arm-none.win32_1.15.0.201708311556/tools/compiler/bin/../lib/gcc/arm-none-eabi/6.3.1/../../../../arm-none-eabi/lib/thumb/v7e-m/fpv4-sp/hard\libc.a(lib_a-mbtowc_r.o)
                0x0800990c                __ascii_mbtowc
 .text.memmove  0x08009938       0xc8 c:/ac6/systemworkbench/plugins/fr.ac6.mcu.externaltools.arm-none.win32_1.15.0.201708311556/tools/compiler/bin/../lib/gcc/arm-none-eabi/6.3.1/../../../../arm-none-eabi/lib/thumb/v7e-m/fpv4-sp/hard\libc.a(lib_a-memmove.o)
                0x08009938                memmove
 .text._read_r  0x08009a00       0x2c c:/ac6/systemworkbench/plugins/fr.ac6.mcu.externaltools.arm-none.win32_1.15.0.201708311556/tools/compiler/bin/../lib/gcc/arm-none-eabi/6.3.1/../../../../arm-none-eabi/lib/thumb/v7e-m/fpv4-sp/hard\libc.a(lib_a-readr.o)
                0x08009a00                _read_r
 .text._realloc_r
                0x08009a2c      0x34c c:/ac6/systemworkbench/plugins/fr.ac6.mcu.externaltools.arm-none.win32_1.15.0.201708311556/tools/compiler/bin/../lib/gcc/arm-none-eabi/6.3.1/../../../../arm-none-eabi/lib/thumb/v7e-m/fpv4-sp/hard\libc.a(lib_a-reallocr.o)
                0x08009a2c                _realloc_r
 .text.__swbuf_r
                0x08009d78       0xb0 c:/ac6/systemworkbench/plugins/fr.ac6.mcu.externaltools.arm-none.win32_1.15.0.201708311556/tools/compiler/bin/../lib/gcc/arm-none-eabi/6.3.1/../../../../arm-none-eabi/lib/thumb/v7e-m/fpv4-sp/hard\libc.a(lib_a-wbuf.o)
                0x08009d78                __swbuf_r
 .text._wcrtomb_r
                0x08009e28       0x54 c:/ac6/systemworkbench/plugins/fr.ac6.mcu.externaltools.arm-none.win32_1.15.0.201708311556/tools/compiler/bin/../lib/gcc/arm-none-eabi/6.3.1/../../../../arm-none-eabi/lib/thumb/v7e-m/fpv4-sp/hard\libc.a(lib_a-wcrtomb.o)
                0x08009e28                _wcrtomb_r
 .text.__ascii_wctomb
                0x08009e7c       0x1c c:/ac6/systemworkbench/plugins/fr.ac6.mcu.externaltools.arm-none.win32_1.15.0.201708311556/tools/compiler/bin/../lib/gcc/arm-none-eabi/6.3.1/../../../../arm-none-eabi/lib/thumb/v7e-m/fpv4-sp/hard\libc.a(lib_a-wctomb_r.o)
                0x08009e7c                __ascii_wctomb
 *(.glue_7)
 .glue_7        0x08009e98        0x0 linker stubs
 *(.glue_7t)
 .glue_7t       0x08009e98        0x0 linker stubs
 *(.eh_frame)
 .eh_frame      0x08009e98        0x0 c:/ac6/systemworkbench/plugins/fr.ac6.mcu.externaltools.arm-none.win32_1.15.0.201708311556/tools/compiler/bin/../lib/gcc/arm-none-eabi/6.3.1/thumb/v7e-m/fpv4-sp/hard/crtbegin.o
 *(.init)
 .init          0x08009e98        0x4 c:/ac6/systemworkbench/plugins/fr.ac6.mcu.externaltools.arm-none.win32_1.15.0.201708311556/tools/compiler/bin/../lib/gcc/arm-none-eabi/6.3.1/thumb/v7e-m/fpv4-sp/hard/crti.o
                0x08009e98                _init
 .init          0x08009e9c        0x8 c:/ac6/systemworkbench/plugins/fr.ac6.mcu.externaltools.arm-none.win32_1.15.0.201708311556/tools/compiler/bin/../lib/gcc/arm-none-eabi/6.3.1/thumb/v7e-m/fpv4-sp/hard/crtn.o
 *(.fini)
 .fini          0x08009ea4        0x4 c:/ac6/systemworkbench/plugins/fr.ac6.mcu.externaltools.arm-none.win32_1.15.0.201708311556/tools/compiler/bin/../lib/gcc/arm-none-eabi/6.3.1/thumb/v7e-m/fpv4-sp/hard/crti.o
                0x08009ea4                _fini
 .fini          0x08009ea8        0x8 c:/ac6/systemworkbench/plugins/fr.ac6.mcu.externaltools.arm-none.win32_1.15.0.201708311556/tools/compiler/bin/../lib/gcc/arm-none-eabi/6.3.1/thumb/v7e-m/fpv4-sp/hard/crtn.o
                0x08009eb0                . = ALIGN (0x4)
                0x08009eb0                _etext = .

.vfp11_veneer   0x08009eb0        0x0
 .vfp11_veneer  0x08009eb0        0x0 linker stubs

.v4_bx          0x08009eb0        0x0
 .v4_bx         0x08009eb0        0x0 linker stubs

.iplt           0x08009eb0        0x0
 .iplt          0x08009eb0        0x0 c:/ac6/systemworkbench/plugins/fr.ac6.mcu.externaltools.arm-none.win32_1.15.0.201708311556/tools/compiler/bin/../lib/gcc/arm-none-eabi/6.3.1/thumb/v7e-m/fpv4-sp/hard/crtbegin.o

.rodata         0x08009eb0      0x490
                0x08009eb0                . = ALIGN (0x4)
 *(.rodata)
 .rodata        0x08009eb0       0x18 C:/Users/Kevin/Desktop/Kevin UQ/csse3010/CSSE3010-s4408736/sourcelib/boardlib/Release/libboardlib.a(system_stm32f4xx.o)
                0x08009eb0                AHBPrescTable
                0x08009ec0                APBPrescTable
 .rodata        0x08009ec8       0x87 C:/Users/Kevin/Desktop/Kevin UQ/csse3010/CSSE3010-s4408736/repo/mylib/Debug/libmylib.a(s4408736_cli_pantilt.o)
 *fill*         0x08009f4f        0x1 
 .rodata        0x08009f50        0x9 C:/Users/Kevin/Desktop/Kevin UQ/csse3010/CSSE3010-s4408736/repo/mylib/Debug/libmylib.a(s4408736_os_cli.o)
 *fill*         0x08009f59        0x3 
 .rodata        0x08009f5c       0x37 C:/Users/Kevin/Desktop/Kevin UQ/csse3010/CSSE3010-s4408736/repo/mylib/Debug/libmylib.a(s4408736_os_pantilt.o)
 *fill*         0x08009f93        0x1 
 .rodata        0x08009f94        0xb C:/Users/Kevin/Desktop/Kevin UQ/csse3010/CSSE3010-s4408736/repo/mylib/Debug/libmylib.a(s4408736_os_printf.o)
 *fill*         0x08009f9f        0x1 
 .rodata        0x08009fa0       0x10 C:/Users/Kevin/Desktop/Kevin UQ/csse3010/CSSE3010-s4408736/freertoslib/Release/libfreertoslib.a(FreeRTOS_CLI.o)
 *(.rodata*)
 .rodata.str1.4
                0x08009fb0        0x5 C:/Users/Kevin/Desktop/Kevin UQ/csse3010/CSSE3010-s4408736/freertoslib/Release/libfreertoslib.a(tasks.o)
 *fill*         0x08009fb5        0x3 
 .rodata.str1.4
                0x08009fb8       0xe0 C:/Users/Kevin/Desktop/Kevin UQ/csse3010/CSSE3010-s4408736/freertoslib/Release/libfreertoslib.a(FreeRTOS_CLI.o)
 .rodata._global_impure_ptr
                0x0800a098        0x4 c:/ac6/systemworkbench/plugins/fr.ac6.mcu.externaltools.arm-none.win32_1.15.0.201708311556/tools/compiler/bin/../lib/gcc/arm-none-eabi/6.3.1/../../../../arm-none-eabi/lib/thumb/v7e-m/fpv4-sp/hard\libc.a(lib_a-impure.o)
                0x0800a098                _global_impure_ptr
 .rodata._svfprintf_r.str1.4
                0x0800a09c       0x42 c:/ac6/systemworkbench/plugins/fr.ac6.mcu.externaltools.arm-none.win32_1.15.0.201708311556/tools/compiler/bin/../lib/gcc/arm-none-eabi/6.3.1/../../../../arm-none-eabi/lib/thumb/v7e-m/fpv4-sp/hard\libc.a(lib_a-svfprintf.o)
 *fill*         0x0800a0de        0x2 
 .rodata.blanks.8346
                0x0800a0e0       0x10 c:/ac6/systemworkbench/plugins/fr.ac6.mcu.externaltools.arm-none.win32_1.15.0.201708311556/tools/compiler/bin/../lib/gcc/arm-none-eabi/6.3.1/../../../../arm-none-eabi/lib/thumb/v7e-m/fpv4-sp/hard\libc.a(lib_a-svfprintf.o)
 .rodata.zeroes.8347
                0x0800a0f0       0x10 c:/ac6/systemworkbench/plugins/fr.ac6.mcu.externaltools.arm-none.win32_1.15.0.201708311556/tools/compiler/bin/../lib/gcc/arm-none-eabi/6.3.1/../../../../arm-none-eabi/lib/thumb/v7e-m/fpv4-sp/hard\libc.a(lib_a-svfprintf.o)
 .rodata._vfprintf_r.str1.4
                0x0800a100       0x42 c:/ac6/systemworkbench/plugins/fr.ac6.mcu.externaltools.arm-none.win32_1.15.0.201708311556/tools/compiler/bin/../lib/gcc/arm-none-eabi/6.3.1/../../../../arm-none-eabi/lib/thumb/v7e-m/fpv4-sp/hard\libc.a(lib_a-vfprintf.o)
 .rodata.blanks.8361
                0x0800a100       0x10 c:/ac6/systemworkbench/plugins/fr.ac6.mcu.externaltools.arm-none.win32_1.15.0.201708311556/tools/compiler/bin/../lib/gcc/arm-none-eabi/6.3.1/../../../../arm-none-eabi/lib/thumb/v7e-m/fpv4-sp/hard\libc.a(lib_a-vfprintf.o)
 .rodata.zeroes.8362
                0x0800a110       0x10 c:/ac6/systemworkbench/plugins/fr.ac6.mcu.externaltools.arm-none.win32_1.15.0.201708311556/tools/compiler/bin/../lib/gcc/arm-none-eabi/6.3.1/../../../../arm-none-eabi/lib/thumb/v7e-m/fpv4-sp/hard\libc.a(lib_a-vfprintf.o)
 .rodata._dtoa_r.str1.4
                0x0800a120       0x10 c:/ac6/systemworkbench/plugins/fr.ac6.mcu.externaltools.arm-none.win32_1.15.0.201708311556/tools/compiler/bin/../lib/gcc/arm-none-eabi/6.3.1/../../../../arm-none-eabi/lib/thumb/v7e-m/fpv4-sp/hard\libc.a(lib_a-dtoa.o)
                                 0x12 (size before relaxing)
 .rodata.__mprec_bigtens
                0x0800a130       0x28 c:/ac6/systemworkbench/plugins/fr.ac6.mcu.externaltools.arm-none.win32_1.15.0.201708311556/tools/compiler/bin/../lib/gcc/arm-none-eabi/6.3.1/../../../../arm-none-eabi/lib/thumb/v7e-m/fpv4-sp/hard\libc.a(lib_a-mprec.o)
                0x0800a130                __mprec_bigtens
 .rodata.__mprec_tens
                0x0800a158       0xc8 c:/ac6/systemworkbench/plugins/fr.ac6.mcu.externaltools.arm-none.win32_1.15.0.201708311556/tools/compiler/bin/../lib/gcc/arm-none-eabi/6.3.1/../../../../arm-none-eabi/lib/thumb/v7e-m/fpv4-sp/hard\libc.a(lib_a-mprec.o)
                0x0800a158                __mprec_tens
 .rodata.p05.7178
                0x0800a220        0xc c:/ac6/systemworkbench/plugins/fr.ac6.mcu.externaltools.arm-none.win32_1.15.0.201708311556/tools/compiler/bin/../lib/gcc/arm-none-eabi/6.3.1/../../../../arm-none-eabi/lib/thumb/v7e-m/fpv4-sp/hard\libc.a(lib_a-mprec.o)
 .rodata._setlocale_r.str1.4
                0x0800a22c        0xa c:/ac6/systemworkbench/plugins/fr.ac6.mcu.externaltools.arm-none.win32_1.15.0.201708311556/tools/compiler/bin/../lib/gcc/arm-none-eabi/6.3.1/../../../../arm-none-eabi/lib/thumb/v7e-m/fpv4-sp/hard\libc.a(lib_a-locale.o)
                                  0xd (size before relaxing)
 *fill*         0x0800a236        0x2 
 .rodata.str1.4
                0x0800a238        0x4 c:/ac6/systemworkbench/plugins/fr.ac6.mcu.externaltools.arm-none.win32_1.15.0.201708311556/tools/compiler/bin/../lib/gcc/arm-none-eabi/6.3.1/../../../../arm-none-eabi/lib/thumb/v7e-m/fpv4-sp/hard\libc.a(lib_a-locale.o)
                                  0x2 (size before relaxing)
 .rodata._ctype_
                0x0800a23c      0x101 c:/ac6/systemworkbench/plugins/fr.ac6.mcu.externaltools.arm-none.win32_1.15.0.201708311556/tools/compiler/bin/../lib/gcc/arm-none-eabi/6.3.1/../../../../arm-none-eabi/lib/thumb/v7e-m/fpv4-sp/hard\libc.a(lib_a-ctype_.o)
                0x0800a23c                _ctype_
                0x0800a340                . = ALIGN (0x4)
 *fill*         0x0800a33d        0x3 

.ARM.extab      0x0800a340        0x0
                0x0800a340                . = ALIGN (0x4)
 *(.ARM.extab* .gnu.linkonce.armextab.*)
                0x0800a340                . = ALIGN (0x4)

.ARM            0x0800a340        0x8
                0x0800a340                . = ALIGN (0x4)
                0x0800a340                __exidx_start = .
 *(.ARM.exidx*)
 .ARM.exidx     0x0800a340        0x8 c:/ac6/systemworkbench/plugins/fr.ac6.mcu.externaltools.arm-none.win32_1.15.0.201708311556/tools/compiler/bin/../lib/gcc/arm-none-eabi/6.3.1/thumb/v7e-m/fpv4-sp/hard\libgcc.a(_udivmoddi4.o)
                0x0800a348                __exidx_end = .
                0x0800a348                . = ALIGN (0x4)

.rel.dyn        0x0800a348        0x0
 .rel.iplt      0x0800a348        0x0 c:/ac6/systemworkbench/plugins/fr.ac6.mcu.externaltools.arm-none.win32_1.15.0.201708311556/tools/compiler/bin/../lib/gcc/arm-none-eabi/6.3.1/thumb/v7e-m/fpv4-sp/hard/crtbegin.o

.preinit_array  0x0800a348        0x0
                0x0800a348                . = ALIGN (0x4)
                0x0800a348                PROVIDE (__preinit_array_start, .)
 *(.preinit_array*)
                0x0800a348                PROVIDE (__preinit_array_end, .)
                0x0800a348                . = ALIGN (0x4)

.init_array     0x0800a348        0x8
                0x0800a348                . = ALIGN (0x4)
                0x0800a348                PROVIDE (__init_array_start, .)
 *(SORT(.init_array.*))
 .init_array.00000
                0x0800a348        0x4 c:/ac6/systemworkbench/plugins/fr.ac6.mcu.externaltools.arm-none.win32_1.15.0.201708311556/tools/compiler/bin/../lib/gcc/arm-none-eabi/6.3.1/../../../../arm-none-eabi/lib/thumb/v7e-m/fpv4-sp/hard\libc.a(lib_a-__call_atexit.o)
 *(.init_array*)
 .init_array    0x0800a34c        0x4 c:/ac6/systemworkbench/plugins/fr.ac6.mcu.externaltools.arm-none.win32_1.15.0.201708311556/tools/compiler/bin/../lib/gcc/arm-none-eabi/6.3.1/thumb/v7e-m/fpv4-sp/hard/crtbegin.o
                0x0800a350                PROVIDE (__init_array_end, .)
                0x0800a350                . = ALIGN (0x4)

.fini_array     0x0800a350        0x4
                0x0800a350                . = ALIGN (0x4)
                0x0800a350                PROVIDE (__fini_array_start, .)
 *(SORT(.fini_array.*))
 *(.fini_array*)
 .fini_array    0x0800a350        0x4 c:/ac6/systemworkbench/plugins/fr.ac6.mcu.externaltools.arm-none.win32_1.15.0.201708311556/tools/compiler/bin/../lib/gcc/arm-none-eabi/6.3.1/thumb/v7e-m/fpv4-sp/hard/crtbegin.o
                0x0800a354                PROVIDE (__fini_array_end, .)
                0x0800a354                . = ALIGN (0x4)
                0x0800a354                _sidata = LOADADDR (.data)

.data           0x20000000      0x9e0 load address 0x0800a354
                0x20000000                . = ALIGN (0x4)
                0x20000000                _sdata = .
 *(.data)
 .data          0x20000000        0x4 C:/Users/Kevin/Desktop/Kevin UQ/csse3010/CSSE3010-s4408736/sourcelib/boardlib/Release/libboardlib.a(system_stm32f4xx.o)
                0x20000000                SystemCoreClock
 .data          0x20000004       0x20 C:/Users/Kevin/Desktop/Kevin UQ/csse3010/CSSE3010-s4408736/repo/mylib/Debug/libmylib.a(s4408736_cli_pantilt.o)
                0x20000004                xPan
                0x20000014                xTilt
 .data          0x20000024        0x4 C:/Users/Kevin/Desktop/Kevin UQ/csse3010/CSSE3010-s4408736/freertoslib/Release/libfreertoslib.a(port.o)
 .data          0x20000028        0xc C:/Users/Kevin/Desktop/Kevin UQ/csse3010/CSSE3010-s4408736/freertoslib/Release/libfreertoslib.a(FreeRTOS_CLI.o)
 *(.data*)
 .data._impure_ptr
                0x20000034        0x4 c:/ac6/systemworkbench/plugins/fr.ac6.mcu.externaltools.arm-none.win32_1.15.0.201708311556/tools/compiler/bin/../lib/gcc/arm-none-eabi/6.3.1/../../../../arm-none-eabi/lib/thumb/v7e-m/fpv4-sp/hard\libc.a(lib_a-impure.o)
                0x20000034                _impure_ptr
 .data.impure_data
                0x20000038      0x428 c:/ac6/systemworkbench/plugins/fr.ac6.mcu.externaltools.arm-none.win32_1.15.0.201708311556/tools/compiler/bin/../lib/gcc/arm-none-eabi/6.3.1/../../../../arm-none-eabi/lib/thumb/v7e-m/fpv4-sp/hard\libc.a(lib_a-impure.o)
 .data.__atexit_recursive_mutex
                0x20000460        0x4 c:/ac6/systemworkbench/plugins/fr.ac6.mcu.externaltools.arm-none.win32_1.15.0.201708311556/tools/compiler/bin/../lib/gcc/arm-none-eabi/6.3.1/../../../../arm-none-eabi/lib/thumb/v7e-m/fpv4-sp/hard\libc.a(lib_a-__call_atexit.o)
                0x20000460                __atexit_recursive_mutex
 .data.__malloc_av_
                0x20000464      0x408 c:/ac6/systemworkbench/plugins/fr.ac6.mcu.externaltools.arm-none.win32_1.15.0.201708311556/tools/compiler/bin/../lib/gcc/arm-none-eabi/6.3.1/../../../../arm-none-eabi/lib/thumb/v7e-m/fpv4-sp/hard\libc.a(lib_a-mallocr.o)
                0x20000464                __malloc_av_
 .data.__malloc_sbrk_base
                0x2000086c        0x4 c:/ac6/systemworkbench/plugins/fr.ac6.mcu.externaltools.arm-none.win32_1.15.0.201708311556/tools/compiler/bin/../lib/gcc/arm-none-eabi/6.3.1/../../../../arm-none-eabi/lib/thumb/v7e-m/fpv4-sp/hard\libc.a(lib_a-mallocr.o)
                0x2000086c                __malloc_sbrk_base
 .data.__malloc_trim_threshold
                0x20000870        0x4 c:/ac6/systemworkbench/plugins/fr.ac6.mcu.externaltools.arm-none.win32_1.15.0.201708311556/tools/compiler/bin/../lib/gcc/arm-none-eabi/6.3.1/../../../../arm-none-eabi/lib/thumb/v7e-m/fpv4-sp/hard\libc.a(lib_a-mallocr.o)
                0x20000870                __malloc_trim_threshold
 .data.__global_locale
                0x20000874      0x16c c:/ac6/systemworkbench/plugins/fr.ac6.mcu.externaltools.arm-none.win32_1.15.0.201708311556/tools/compiler/bin/../lib/gcc/arm-none-eabi/6.3.1/../../../../arm-none-eabi/lib/thumb/v7e-m/fpv4-sp/hard\libc.a(lib_a-locale.o)
                0x20000874                __global_locale
                0x200009e0                . = ALIGN (0x4)
                0x200009e0                _edata = .

.jcr            0x200009e0        0x0 load address 0x0800ad34
 .jcr           0x200009e0        0x0 c:/ac6/systemworkbench/plugins/fr.ac6.mcu.externaltools.arm-none.win32_1.15.0.201708311556/tools/compiler/bin/../lib/gcc/arm-none-eabi/6.3.1/thumb/v7e-m/fpv4-sp/hard/crtbegin.o

.igot.plt       0x200009e0        0x0 load address 0x0800ad34
 .igot.plt      0x200009e0        0x0 c:/ac6/systemworkbench/plugins/fr.ac6.mcu.externaltools.arm-none.win32_1.15.0.201708311556/tools/compiler/bin/../lib/gcc/arm-none-eabi/6.3.1/thumb/v7e-m/fpv4-sp/hard/crtbegin.o
                0x200009e0                . = ALIGN (0x4)

.bss            0x200009e0     0x46a4 load address 0x0800ad34
                0x200009e0                _sbss = .
                0x200009e0                __bss_start__ = _sbss
 *(.bss)
 .bss           0x200009e0       0x1c c:/ac6/systemworkbench/plugins/fr.ac6.mcu.externaltools.arm-none.win32_1.15.0.201708311556/tools/compiler/bin/../lib/gcc/arm-none-eabi/6.3.1/thumb/v7e-m/fpv4-sp/hard/crtbegin.o
 .bss           0x200009fc        0x8 C:/Users/Kevin/Desktop/Kevin UQ/csse3010/CSSE3010-s4408736/repo/mylib/Debug/libmylib.a(s4408736_os_pantilt.o)
                0x200009fc                panAngle
                0x20000a00                tiltAngle
 .bss           0x20000a04        0x8 C:/Users/Kevin/Desktop/Kevin UQ/csse3010/CSSE3010-s4408736/freertoslib/Release/libfreertoslib.a(port.o)
 .bss           0x20000a0c      0x12c C:/Users/Kevin/Desktop/Kevin UQ/csse3010/CSSE3010-s4408736/freertoslib/Release/libfreertoslib.a(tasks.o)
                0x20000a10                pxCurrentTCB
 .bss           0x20000b38       0x6c C:/Users/Kevin/Desktop/Kevin UQ/csse3010/CSSE3010-s4408736/freertoslib/Release/libfreertoslib.a(FreeRTOS_CLI.o)
 .bss           0x20000ba4     0x3c08 C:/Users/Kevin/Desktop/Kevin UQ/csse3010/CSSE3010-s4408736/freertoslib/Release/libfreertoslib.a(heap_1.o)
 .bss           0x200047ac        0x8 C:/Users/Kevin/Desktop/Kevin UQ/csse3010/CSSE3010-s4408736/sourcelib/boardlib/Release/libboardlib.a(debug_printf.o)
                0x200047b0                __env
 *(.bss*)
 .bss.__malloc_current_mallinfo
                0x200047b4       0x28 c:/ac6/systemworkbench/plugins/fr.ac6.mcu.externaltools.arm-none.win32_1.15.0.201708311556/tools/compiler/bin/../lib/gcc/arm-none-eabi/6.3.1/../../../../arm-none-eabi/lib/thumb/v7e-m/fpv4-sp/hard\libc.a(lib_a-mallocr.o)
                0x200047b4                __malloc_current_mallinfo
 .bss.__malloc_max_sbrked_mem
                0x200047dc        0x4 c:/ac6/systemworkbench/plugins/fr.ac6.mcu.externaltools.arm-none.win32_1.15.0.201708311556/tools/compiler/bin/../lib/gcc/arm-none-eabi/6.3.1/../../../../arm-none-eabi/lib/thumb/v7e-m/fpv4-sp/hard\libc.a(lib_a-mallocr.o)
                0x200047dc                __malloc_max_sbrked_mem
 .bss.__malloc_max_total_mem
                0x200047e0        0x4 c:/ac6/systemworkbench/plugins/fr.ac6.mcu.externaltools.arm-none.win32_1.15.0.201708311556/tools/compiler/bin/../lib/gcc/arm-none-eabi/6.3.1/../../../../arm-none-eabi/lib/thumb/v7e-m/fpv4-sp/hard\libc.a(lib_a-mallocr.o)
                0x200047e0                __malloc_max_total_mem
 .bss.__malloc_top_pad
                0x200047e4        0x4 c:/ac6/systemworkbench/plugins/fr.ac6.mcu.externaltools.arm-none.win32_1.15.0.201708311556/tools/compiler/bin/../lib/gcc/arm-none-eabi/6.3.1/../../../../arm-none-eabi/lib/thumb/v7e-m/fpv4-sp/hard\libc.a(lib_a-mallocr.o)
                0x200047e4                __malloc_top_pad
 *(COMMON)
 COMMON         0x200047e8       0x24 src/main.o
                0x200047e8                receiveTiltAngle
                0x200047ec                sendTiltAngle
                0x200047f0                panRight
                0x200047f4                sendPanAngle
                0x200047f8                s4408736_QueuePrintf
                0x200047fc                tiltRight
                0x20004800                tiltLeft
                0x20004804                receivePanAngle
                0x20004808                panLeft
 COMMON         0x2000480c       0x40 C:/Users/Kevin/Desktop/Kevin UQ/csse3010/CSSE3010-s4408736/sourcelib/boardlib/Release/libboardlib.a(board.o)
                0x2000480c                UART_debug
 COMMON         0x2000484c        0x4 C:/Users/Kevin/Desktop/Kevin UQ/csse3010/CSSE3010-s4408736/sourcelib/boardlib/Release/libboardlib.a(stm32f4xx_hal.o)
                0x2000484c                uwTick
 COMMON         0x20004850       0x3c C:/Users/Kevin/Desktop/Kevin UQ/csse3010/CSSE3010-s4408736/repo/mylib/Debug/libmylib.a(s4408736_hal_pantilt.o)
                0x20004850                TIM_Init
 COMMON         0x2000488c      0x7d0 C:/Users/Kevin/Desktop/Kevin UQ/csse3010/CSSE3010-s4408736/repo/mylib/Debug/libmylib.a(s4408736_os_printf.o)
                0x2000488c                PayloadSend
                0x20004c74                PayloadReceive
 COMMON         0x2000505c       0x21 c:/ac6/systemworkbench/plugins/fr.ac6.mcu.externaltools.arm-none.win32_1.15.0.201708311556/tools/compiler/bin/../lib/gcc/arm-none-eabi/6.3.1/../../../../arm-none-eabi/lib/thumb/v7e-m/fpv4-sp/hard\libc.a(lib_a-lock.o)
                0x2000505c                __lock___atexit_recursive_mutex
                0x20005060                __lock___arc4random_mutex
                0x20005064                __lock___env_recursive_mutex
                0x20005068                __lock___sinit_recursive_mutex
                0x2000506c                __lock___malloc_recursive_mutex
                0x20005070                __lock___at_quick_exit_mutex
                0x20005074                __lock___dd_hash_mutex
                0x20005078                __lock___tz_mutex
                0x2000507c                __lock___sfp_recursive_mutex
 *fill*         0x2000507d        0x3 
 COMMON         0x20005080        0x4 c:/ac6/systemworkbench/plugins/fr.ac6.mcu.externaltools.arm-none.win32_1.15.0.201708311556/tools/compiler/bin/../lib/gcc/arm-none-eabi/6.3.1/../../../../arm-none-eabi/lib/thumb/v7e-m/fpv4-sp/hard\libc.a(lib_a-reent.o)
                0x20005080                errno
                0x20005084                . = ALIGN (0x4)
                0x20005084                _ebss = .
                0x20005084                __bss_end__ = _ebss

._user_heap_stack
                0x20005084      0x404 load address 0x0800ad34
                0x20005088                . = ALIGN (0x8)
 *fill*         0x20005084        0x4 
                0x20005088                PROVIDE (end, .)
                [!provide]                PROVIDE (_end, .)
                0x20005088                . = (. + _Min_Heap_Size)
                0x20005488                . = (. + _Min_Stack_Size)
 *fill*         0x20005088      0x400 
                0x20005488                . = ALIGN (0x8)

/DISCARD/
 libc.a(*)
 libm.a(*)
 libgcc.a(*)

.ARM.attributes
                0x00000000       0x30
 *(.ARM.attributes)
 .ARM.attributes
                0x00000000       0x22 c:/ac6/systemworkbench/plugins/fr.ac6.mcu.externaltools.arm-none.win32_1.15.0.201708311556/tools/compiler/bin/../lib/gcc/arm-none-eabi/6.3.1/thumb/v7e-m/fpv4-sp/hard/crti.o
 .ARM.attributes
                0x00000022       0x34 c:/ac6/systemworkbench/plugins/fr.ac6.mcu.externaltools.arm-none.win32_1.15.0.201708311556/tools/compiler/bin/../lib/gcc/arm-none-eabi/6.3.1/thumb/v7e-m/fpv4-sp/hard/crtbegin.o
 .ARM.attributes
                0x00000056       0x39 src/main.o
 .ARM.attributes
                0x0000008f       0x39 C:/Users/Kevin/Desktop/Kevin UQ/csse3010/CSSE3010-s4408736/sourcelib/boardlib/Release/libboardlib.a(board.o)
 .ARM.attributes
                0x000000c8       0x39 C:/Users/Kevin/Desktop/Kevin UQ/csse3010/CSSE3010-s4408736/sourcelib/boardlib/Release/libboardlib.a(system_stm32f4xx.o)
 .ARM.attributes
                0x00000101       0x39 C:/Users/Kevin/Desktop/Kevin UQ/csse3010/CSSE3010-s4408736/sourcelib/boardlib/Release/libboardlib.a(stm32f4xx_hal.o)
 .ARM.attributes
                0x0000013a       0x39 C:/Users/Kevin/Desktop/Kevin UQ/csse3010/CSSE3010-s4408736/sourcelib/boardlib/Release/libboardlib.a(stm32f4xx_hal_cortex.o)
 .ARM.attributes
                0x00000173       0x39 C:/Users/Kevin/Desktop/Kevin UQ/csse3010/CSSE3010-s4408736/sourcelib/boardlib/Release/libboardlib.a(stm32f4xx_hal_gpio.o)
 .ARM.attributes
                0x000001ac       0x39 C:/Users/Kevin/Desktop/Kevin UQ/csse3010/CSSE3010-s4408736/sourcelib/boardlib/Release/libboardlib.a(stm32f4xx_hal_uart.o)
 .ARM.attributes
                0x000001e5       0x39 C:/Users/Kevin/Desktop/Kevin UQ/csse3010/CSSE3010-s4408736/sourcelib/boardlib/Release/libboardlib.a(stm32f4xx_hal_rcc.o)
 .ARM.attributes
                0x0000021e       0x39 C:/Users/Kevin/Desktop/Kevin UQ/csse3010/CSSE3010-s4408736/repo/mylib/Debug/libmylib.a(s4408736_cli_pantilt.o)
 .ARM.attributes
                0x00000257       0x39 C:/Users/Kevin/Desktop/Kevin UQ/csse3010/CSSE3010-s4408736/repo/mylib/Debug/libmylib.a(s4408736_hal_pantilt.o)
 .ARM.attributes
                0x00000290       0x39 C:/Users/Kevin/Desktop/Kevin UQ/csse3010/CSSE3010-s4408736/repo/mylib/Debug/libmylib.a(s4408736_os_cli.o)
 .ARM.attributes
                0x000002c9       0x39 C:/Users/Kevin/Desktop/Kevin UQ/csse3010/CSSE3010-s4408736/repo/mylib/Debug/libmylib.a(s4408736_os_pantilt.o)
 .ARM.attributes
                0x00000302       0x39 C:/Users/Kevin/Desktop/Kevin UQ/csse3010/CSSE3010-s4408736/repo/mylib/Debug/libmylib.a(s4408736_os_printf.o)
 .ARM.attributes
                0x0000033b       0x21 C:\Users\Kevin\AppData\Local\Temp\ccpWnzfX.o
 .ARM.attributes
                0x0000035c       0x39 C:/Users/Kevin/Desktop/Kevin UQ/csse3010/CSSE3010-s4408736/freertoslib/Release/libfreertoslib.a(port.o)
 .ARM.attributes
                0x00000395       0x39 C:/Users/Kevin/Desktop/Kevin UQ/csse3010/CSSE3010-s4408736/freertoslib/Release/libfreertoslib.a(queue.o)
 .ARM.attributes
                0x000003ce       0x39 C:/Users/Kevin/Desktop/Kevin UQ/csse3010/CSSE3010-s4408736/freertoslib/Release/libfreertoslib.a(tasks.o)
 .ARM.attributes
                0x00000407       0x39 C:/Users/Kevin/Desktop/Kevin UQ/csse3010/CSSE3010-s4408736/freertoslib/Release/libfreertoslib.a(FreeRTOS_CLI.o)
 .ARM.attributes
                0x00000440       0x39 C:/Users/Kevin/Desktop/Kevin UQ/csse3010/CSSE3010-s4408736/freertoslib/Release/libfreertoslib.a(heap_1.o)
 .ARM.attributes
                0x00000479       0x39 C:/Users/Kevin/Desktop/Kevin UQ/csse3010/CSSE3010-s4408736/freertoslib/Release/libfreertoslib.a(list.o)
 .ARM.attributes
                0x000004b2       0x39 C:/Users/Kevin/Desktop/Kevin UQ/csse3010/CSSE3010-s4408736/sourcelib/boardlib/Release/libboardlib.a(debug_printf.o)
 .ARM.attributes
                0x000004eb       0x39 C:/Users/Kevin/Desktop/Kevin UQ/csse3010/CSSE3010-s4408736/sourcelib/boardlib/Release/libboardlib.a(stm32f4xx_hal_tim.o)
 .ARM.attributes
                0x00000524       0x34 c:/ac6/systemworkbench/plugins/fr.ac6.mcu.externaltools.arm-none.win32_1.15.0.201708311556/tools/compiler/bin/../lib/gcc/arm-none-eabi/6.3.1/../../../../arm-none-eabi/lib/thumb/v7e-m/fpv4-sp/hard\libm.a(lib_a-s_round.o)
 .ARM.attributes
                0x00000558       0x22 c:/ac6/systemworkbench/plugins/fr.ac6.mcu.externaltools.arm-none.win32_1.15.0.201708311556/tools/compiler/bin/../lib/gcc/arm-none-eabi/6.3.1/thumb/v7e-m/fpv4-sp/hard\libgcc.a(_arm_addsubdf3.o)
 .ARM.attributes
                0x0000057a       0x22 c:/ac6/systemworkbench/plugins/fr.ac6.mcu.externaltools.arm-none.win32_1.15.0.201708311556/tools/compiler/bin/../lib/gcc/arm-none-eabi/6.3.1/thumb/v7e-m/fpv4-sp/hard\libgcc.a(_arm_muldivdf3.o)
 .ARM.attributes
                0x0000059c       0x22 c:/ac6/systemworkbench/plugins/fr.ac6.mcu.externaltools.arm-none.win32_1.15.0.201708311556/tools/compiler/bin/../lib/gcc/arm-none-eabi/6.3.1/thumb/v7e-m/fpv4-sp/hard\libgcc.a(_arm_fixdfsi.o)
 .ARM.attributes
                0x000005be       0x22 c:/ac6/systemworkbench/plugins/fr.ac6.mcu.externaltools.arm-none.win32_1.15.0.201708311556/tools/compiler/bin/../lib/gcc/arm-none-eabi/6.3.1/thumb/v7e-m/fpv4-sp/hard\libgcc.a(_arm_fixunsdfsi.o)
 .ARM.attributes
                0x000005e0       0x22 c:/ac6/systemworkbench/plugins/fr.ac6.mcu.externaltools.arm-none.win32_1.15.0.201708311556/tools/compiler/bin/../lib/gcc/arm-none-eabi/6.3.1/thumb/v7e-m/fpv4-sp/hard\libgcc.a(_aeabi_uldivmod.o)
 .ARM.attributes
                0x00000602       0x34 c:/ac6/systemworkbench/plugins/fr.ac6.mcu.externaltools.arm-none.win32_1.15.0.201708311556/tools/compiler/bin/../lib/gcc/arm-none-eabi/6.3.1/thumb/v7e-m/fpv4-sp/hard\libgcc.a(_udivmoddi4.o)
 .ARM.attributes
                0x00000636       0x22 c:/ac6/systemworkbench/plugins/fr.ac6.mcu.externaltools.arm-none.win32_1.15.0.201708311556/tools/compiler/bin/../lib/gcc/arm-none-eabi/6.3.1/thumb/v7e-m/fpv4-sp/hard\libgcc.a(_dvmd_tls.o)
 .ARM.attributes
                0x00000658       0x34 c:/ac6/systemworkbench/plugins/fr.ac6.mcu.externaltools.arm-none.win32_1.15.0.201708311556/tools/compiler/bin/../lib/gcc/arm-none-eabi/6.3.1/../../../../arm-none-eabi/lib/thumb/v7e-m/fpv4-sp/hard\libc.a(lib_a-errno.o)
 .ARM.attributes
                0x0000068c       0x34 c:/ac6/systemworkbench/plugins/fr.ac6.mcu.externaltools.arm-none.win32_1.15.0.201708311556/tools/compiler/bin/../lib/gcc/arm-none-eabi/6.3.1/../../../../arm-none-eabi/lib/thumb/v7e-m/fpv4-sp/hard\libc.a(lib_a-impure.o)
 .ARM.attributes
                0x000006c0       0x34 c:/ac6/systemworkbench/plugins/fr.ac6.mcu.externaltools.arm-none.win32_1.15.0.201708311556/tools/compiler/bin/../lib/gcc/arm-none-eabi/6.3.1/../../../../arm-none-eabi/lib/thumb/v7e-m/fpv4-sp/hard\libc.a(lib_a-init.o)
 .ARM.attributes
                0x000006f4       0x20 c:/ac6/systemworkbench/plugins/fr.ac6.mcu.externaltools.arm-none.win32_1.15.0.201708311556/tools/compiler/bin/../lib/gcc/arm-none-eabi/6.3.1/../../../../arm-none-eabi/lib/thumb/v7e-m/fpv4-sp/hard\libc.a(lib_a-memcpy.o)
 .ARM.attributes
                0x00000714       0x34 c:/ac6/systemworkbench/plugins/fr.ac6.mcu.externaltools.arm-none.win32_1.15.0.201708311556/tools/compiler/bin/../lib/gcc/arm-none-eabi/6.3.1/../../../../arm-none-eabi/lib/thumb/v7e-m/fpv4-sp/hard\libc.a(lib_a-memset.o)
 .ARM.attributes
                0x00000748       0x20 c:/ac6/systemworkbench/plugins/fr.ac6.mcu.externaltools.arm-none.win32_1.15.0.201708311556/tools/compiler/bin/../lib/gcc/arm-none-eabi/6.3.1/../../../../arm-none-eabi/lib/thumb/v7e-m/fpv4-sp/hard\libc.a(lib_a-strcmp.o)
 .ARM.attributes
                0x00000768       0x20 c:/ac6/systemworkbench/plugins/fr.ac6.mcu.externaltools.arm-none.win32_1.15.0.201708311556/tools/compiler/bin/../lib/gcc/arm-none-eabi/6.3.1/../../../../arm-none-eabi/lib/thumb/v7e-m/fpv4-sp/hard\libc.a(lib_a-strlen.o)
 .ARM.attributes
                0x00000788       0x34 c:/ac6/systemworkbench/plugins/fr.ac6.mcu.externaltools.arm-none.win32_1.15.0.201708311556/tools/compiler/bin/../lib/gcc/arm-none-eabi/6.3.1/../../../../arm-none-eabi/lib/thumb/v7e-m/fpv4-sp/hard\libc.a(lib_a-strncmp.o)
 .ARM.attributes
                0x000007bc       0x34 c:/ac6/systemworkbench/plugins/fr.ac6.mcu.externaltools.arm-none.win32_1.15.0.201708311556/tools/compiler/bin/../lib/gcc/arm-none-eabi/6.3.1/../../../../arm-none-eabi/lib/thumb/v7e-m/fpv4-sp/hard\libc.a(lib_a-strncpy.o)
 .ARM.attributes
                0x000007f0       0x34 c:/ac6/systemworkbench/plugins/fr.ac6.mcu.externaltools.arm-none.win32_1.15.0.201708311556/tools/compiler/bin/../lib/gcc/arm-none-eabi/6.3.1/../../../../arm-none-eabi/lib/thumb/v7e-m/fpv4-sp/hard\libc.a(lib_a-vprintf.o)
 .ARM.attributes
                0x00000824       0x34 c:/ac6/systemworkbench/plugins/fr.ac6.mcu.externaltools.arm-none.win32_1.15.0.201708311556/tools/compiler/bin/../lib/gcc/arm-none-eabi/6.3.1/../../../../arm-none-eabi/lib/thumb/v7e-m/fpv4-sp/hard\libc.a(lib_a-vsprintf.o)
 .ARM.attributes
                0x00000858       0x34 c:/ac6/systemworkbench/plugins/fr.ac6.mcu.externaltools.arm-none.win32_1.15.0.201708311556/tools/compiler/bin/../lib/gcc/arm-none-eabi/6.3.1/../../../../arm-none-eabi/lib/thumb/v7e-m/fpv4-sp/hard\libc.a(lib_a-__call_atexit.o)
 .ARM.attributes
                0x0000088c       0x34 c:/ac6/systemworkbench/plugins/fr.ac6.mcu.externaltools.arm-none.win32_1.15.0.201708311556/tools/compiler/bin/../lib/gcc/arm-none-eabi/6.3.1/../../../../arm-none-eabi/lib/thumb/v7e-m/fpv4-sp/hard\libc.a(lib_a-atexit.o)
 .ARM.attributes